avocado.csv
Index,Date,Average Price,Type,Year,Region,Total Volume
0,27/12/2015,1.33,conventional,2015,Albany,64236.62
1,20/12/2015,1.35,conventional,2015,Albany,54876.98
2,13/12/2015,0.93,conventional,2015,Albany,118220.22
3,6/12/2015,1.08,conventional,2015,Albany,78992.15
4,29/11/2015,1.28,conventional,2015,Albany,51039.6
5,22/11/2015,1.26,conventional,2015,Albany,55979.78
6,15/11/2015,0.99,conventional,2015,Albany,83453.76
7,8/11/2015,0.98,conventional,2015,Albany,109428.33
8,1/11/2015,1.02,conventional,2015,Albany,99811.42
9,25/10/2015,1.07,conventional,2015,Albany,74338.76
10,18/10/2015,1.12,conventional,2015,Albany,84843.44
11,11/10/2015,1.28,conventional,2015,Albany,64489.17
12,4/10/2015,1.31,conventional,2015,Albany,61007.1
13,27/09/2015,0.99,conventional,2015,Albany,106803.39
14,20/09/2015,1.33,conventional,2015,Albany,69759.01
15,13/09/2015,1.28,conventional,2015,Albany,76111.27
16,6/09/2015,1.11,conventional,2015,Albany,99172.96
17,30/08/2015,1.07,conventional,2015,Albany,105693.84
18,23/08/2015,1.34,conventional,2015,Albany,79992.09
19,16/08/2015,1.33,conventional,2015,Albany,80043.78
20,9/08/2015,1.12,conventional,2015,Albany,111140.93
21,2/08/2015,1.45,conventional,2015,Albany,75133.1
22,26/07/2015,1.11,conventional,2015,Albany,106757.1
23,19/07/2015,1.26,conventional,2015,Albany,96617
24,12/07/2015,1.05,conventional,2015,Albany,124055.31
25,5/07/2015,1.35,conventional,2015,Albany,109252.12
26,28/06/2015,1.37,conventional,2015,Albany,89534.81
27,21/06/2015,1.27,conventional,2015,Albany,104849.39
28,14/06/2015,1.32,conventional,2015,Albany,89631.3
29,7/06/2015,1.07,conventional,2015,Albany,122743.06
30,31/05/2015,1.23,conventional,2015,Albany,95123.62
31,24/05/2015,1.19,conventional,2015,Albany,101470.91
32,17/05/2015,1.43,conventional,2015,Albany,109857.47
33,10/05/2015,1.26,conventional,2015,Albany,120427.91
34,3/05/2015,1.2,conventional,2015,Albany,59197.67
35,26/04/2015,1.22,conventional,2015,Albany,49585.46
36,19/04/2015,1.19,conventional,2015,Albany,49064.73
37,12/04/2015,1.13,conventional,2015,Albany,48364.29
38,5/04/2015,1.16,conventional,2015,Albany,47362.13
39,29/03/2015,1.02,conventional,2015,Albany,67799.08
40,22/03/2015,1.12,conventional,2015,Albany,46346.85
41,15/03/2015,1.11,conventional,2015,Albany,43045.79
42,8/03/2015,1.07,conventional,2015,Albany,40507.36
43,1/03/2015,0.99,conventional,2015,Albany,55595.74
44,22/02/2015,1.07,conventional,2015,Albany,45675.05
45,15/02/2015,1.06,conventional,2015,Albany,41567.62
46,8/02/2015,0.99,conventional,2015,Albany,51253.97
47,1/02/2015,0.99,conventional,2015,Albany,70873.6
48,25/01/2015,1.06,conventional,2015,Albany,45147.5
49,18/01/2015,1.17,conventional,2015,Albany,44511.28
50,11/01/2015,1.24,conventional,2015,Albany,41195.08
51,4/01/2015,1.22,conventional,2015,Albany,40873.28
0,25/12/2016,1.52,conventional,2016,Albany,73341.73
1,18/12/2016,1.53,conventional,2016,Albany,68938.53
2,11/12/2016,1.49,conventional,2016,Albany,71777.85
3,4/12/2016,1.48,conventional,2016,Albany,113031.96
4,27/11/2016,1.52,conventional,2016,Albany,58171.89
5,20/11/2016,1.56,conventional,2016,Albany,70089.51
6,13/11/2016,1.62,conventional,2016,Albany,63608.01
7,6/11/2016,1.63,conventional,2016,Albany,57178.2
8,30/10/2016,1.46,conventional,2016,Albany,58375.1
9,23/10/2016,1.19,conventional,2016,Albany,92080.35
10,16/10/2016,1.4,conventional,2016,Albany,69060.9
11,9/10/2016,1.13,conventional,2016,Albany,101087.84
12,2/10/2016,1.51,conventional,2016,Albany,75480.26
13,25/09/2016,1.62,conventional,2016,Albany,96853.15
14,18/09/2016,1.39,conventional,2016,Albany,79513.63
15,11/09/2016,1.37,conventional,2016,Albany,81473.15
16,4/09/2016,1.44,conventional,2016,Albany,95456.26
17,28/08/2016,1.18,conventional,2016,Albany,145323.22
18,21/08/2016,1.43,conventional,2016,Albany,94882.79
19,14/08/2016,1.2,conventional,2016,Albany,110528.09
20,7/08/2016,1.48,conventional,2016,Albany,99683.11
21,31/07/2016,1.61,conventional,2016,Albany,125586.57
22,24/07/2016,1.46,conventional,2016,Albany,98321.14
23,17/07/2016,1.31,conventional,2016,Albany,89228.02
24,10/07/2016,1.11,conventional,2016,Albany,131630.13
25,3/07/2016,1.42,conventional,2016,Albany,115907.61
26,26/06/2016,1.5,conventional,2016,Albany,133086.66
27,19/06/2016,1.42,conventional,2016,Albany,112817.51
28,12/06/2016,1.38,conventional,2016,Albany,111394.5
29,5/06/2016,1.47,conventional,2016,Albany,115857.12
30,29/05/2016,1.49,conventional,2016,Albany,127812.25
31,22/05/2016,1.34,conventional,2016,Albany,98863.64
32,15/05/2016,1.36,conventional,2016,Albany,96924.19
33,8/05/2016,1.27,conventional,2016,Albany,120194.49
34,1/05/2016,1.03,conventional,2016,Albany,173781.78
35,24/04/2016,1.18,conventional,2016,Albany,102490.2
36,17/04/2016,1.22,conventional,2016,Albany,86433.63
37,10/04/2016,1.46,conventional,2016,Albany,70253.3
38,3/04/2016,0.85,conventional,2016,Albany,81694.23
39,27/03/2016,1.49,conventional,2016,Albany,92529.27
40,20/03/2016,1.32,conventional,2016,Albany,110401.88
41,13/03/2016,1.18,conventional,2016,Albany,108264.9
42,6/03/2016,1.27,conventional,2016,Albany,90633.66
43,28/02/2016,1.26,conventional,2016,Albany,87822.43
44,21/02/2016,1.28,conventional,2016,Albany,99817.47
45,14/02/2016,1.13,conventional,2016,Albany,98008.16
46,7/02/2016,1.07,conventional,2016,Albany,169614.01
47,31/01/2016,1.16,conventional,2016,Albany,102038.32
48,24/01/2016,1.22,conventional,2016,Albany,96089.13
49,17/01/2016,1.26,conventional,2016,Albany,119972.41
50,10/01/2016,1.28,conventional,2016,Albany,79121.77
51,3/01/2016,1.03,conventional,2016,Albany,149038.15
0,31/12/2017,1.47,conventional,2017,Albany,113514.42
1,24/12/2017,1.45,conventional,2017,Albany,77039.09
2,17/12/2017,1.43,conventional,2017,Albany,70677.56
3,10/12/2017,1.29,conventional,2017,Albany,92325.53
4,3/12/2017,1.39,conventional,2017,Albany,139970
5,26/11/2017,1.5,conventional,2017,Albany,62977
6,19/11/2017,1.65,conventional,2017,Albany,97273
7,12/11/2017,1.26,conventional,2017,Albany,113586
8,5/11/2017,1.62,conventional,2017,Albany,71076.94
9,29/10/2017,1.67,conventional,2017,Albany,69432.23
10,22/10/2017,1.56,conventional,2017,Albany,69704.09
11,15/10/2017,1.65,conventional,2017,Albany,73574.89
12,8/10/2017,1.78,conventional,2017,Albany,55368.61
13,1/10/2017,1.69,conventional,2017,Albany,71205.11
14,24/09/2017,1.64,conventional,2017,Albany,68539.64
15,17/09/2017,1.41,conventional,2017,Albany,80109.29
16,10/09/2017,1.78,conventional,2017,Albany,99645.88
17,3/09/2017,1.76,conventional,2017,Albany,74297.64
18,27/08/2017,1.61,conventional,2017,Albany,75471.56
19,20/08/2017,1.61,conventional,2017,Albany,74620.33
20,13/08/2017,1.52,conventional,2017,Albany,133070.41
21,6/08/2017,1.53,conventional,2017,Albany,92938.17
22,30/07/2017,1.61,conventional,2017,Albany,83599.96
23,23/07/2017,1.49,conventional,2017,Albany,84416.61
24,16/07/2017,1.39,conventional,2017,Albany,102461.61
25,9/07/2017,1.52,conventional,2017,Albany,101331.41
26,2/07/2017,1.56,conventional,2017,Albany,98282.07
27,25/06/2017,1.53,conventional,2017,Albany,89303.04
28,18/06/2017,1.58,conventional,2017,Albany,97079.34
29,11/06/2017,1.65,conventional,2017,Albany,91949.26
30,4/06/2017,1.7,conventional,2017,Albany,84842.97
31,28/05/2017,1.8,conventional,2017,Albany,121869.11
32,21/05/2017,1.38,conventional,2017,Albany,100256.85
33,14/05/2017,1.77,conventional,2017,Albany,96750.67
34,7/05/2017,1.47,conventional,2017,Albany,127193.26
35,30/04/2017,1.13,conventional,2017,Albany,124926.39
36,23/04/2017,1.34,conventional,2017,Albany,89327.1
37,16/04/2017,1.62,conventional,2017,Albany,90487.05
38,9/04/2017,1.54,conventional,2017,Albany,105436.11
39,2/04/2017,1.62,conventional,2017,Albany,92621.11
40,26/03/2017,1.16,conventional,2017,Albany,122951.65
41,19/03/2017,1.6,conventional,2017,Albany,92774.61
42,12/03/2017,1.54,conventional,2017,Albany,95713.29
43,5/03/2017,1.18,conventional,2017,Albany,107354.25
44,26/02/2017,1.4,conventional,2017,Albany,88371.09
45,19/02/2017,1.67,conventional,2017,Albany,95475.07
46,12/02/2017,1.42,conventional,2017,Albany,97215.94
47,5/02/2017,1.49,conventional,2017,Albany,183549.08
48,29/01/2017,1.31,conventional,2017,Albany,95424.59
49,22/01/2017,1.59,conventional,2017,Albany,128679.24
50,15/01/2017,1.55,conventional,2017,Albany,88526.26
51,8/01/2017,1.55,conventional,2017,Albany,91728.18
52,1/01/2017,1.47,conventional,2017,Albany,129948.23
0,27/12/2015,0.99,conventional,2015,Atlanta,386100.49
1,20/12/2015,1.08,conventional,2015,Atlanta,331377.53
2,13/12/2015,0.96,conventional,2015,Atlanta,417772.47
3,6/12/2015,1.07,conventional,2015,Atlanta,357636.82
4,29/11/2015,0.99,conventional,2015,Atlanta,333280.79
5,22/11/2015,1,conventional,2015,Atlanta,356414.57
6,15/11/2015,1.13,conventional,2015,Atlanta,339860.68
7,8/11/2015,1.12,conventional,2015,Atlanta,334041.6
8,1/11/2015,0.99,conventional,2015,Atlanta,419088.74
9,25/10/2015,1.09,conventional,2015,Atlanta,358478.08
10,18/10/2015,1.09,conventional,2015,Atlanta,349072.48
11,11/10/2015,0.95,conventional,2015,Atlanta,433874.46
12,4/10/2015,0.96,conventional,2015,Atlanta,418682.26
13,27/09/2015,1.07,conventional,2015,Atlanta,370321.17
14,20/09/2015,0.93,conventional,2015,Atlanta,516432.6
15,13/09/2015,1.07,conventional,2015,Atlanta,417232.18
16,6/09/2015,0.97,conventional,2015,Atlanta,472136.53
17,30/08/2015,1.15,conventional,2015,Atlanta,382972.72
18,23/08/2015,1.12,conventional,2015,Atlanta,379054.29
19,16/08/2015,1.09,conventional,2015,Atlanta,465213.81
20,9/08/2015,1.01,conventional,2015,Atlanta,503791.72
21,2/08/2015,1.15,conventional,2015,Atlanta,405898.44
22,26/07/2015,1.08,conventional,2015,Atlanta,437377.75
23,19/07/2015,0.97,conventional,2015,Atlanta,557212.99
24,12/07/2015,1.14,conventional,2015,Atlanta,407204.88
25,5/07/2015,1.01,conventional,2015,Atlanta,562462.33
26,28/06/2015,1.13,conventional,2015,Atlanta,435210.71
27,21/06/2015,0.99,conventional,2015,Atlanta,554763.76
28,14/06/2015,1.1,conventional,2015,Atlanta,465804.78
29,7/06/2015,0.99,conventional,2015,Atlanta,551009.05
30,31/05/2015,1.1,conventional,2015,Atlanta,454702
31,24/05/2015,0.96,conventional,2015,Atlanta,623212.04
32,17/05/2015,1.11,conventional,2015,Atlanta,451250.7
33,10/05/2015,1.1,conventional,2015,Atlanta,480071.18
34,3/05/2015,1,conventional,2015,Atlanta,634213.1
35,26/04/2015,1.12,conventional,2015,Atlanta,448596.76
36,19/04/2015,1.12,conventional,2015,Atlanta,430966.34
37,12/04/2015,0.99,conventional,2015,Atlanta,451101.89
38,5/04/2015,1.04,conventional,2015,Atlanta,383139.49
39,29/03/2015,1.11,conventional,2015,Atlanta,365722.14
40,22/03/2015,1,conventional,2015,Atlanta,479590.62
41,15/03/2015,1.12,conventional,2015,Atlanta,399566.22
42,8/03/2015,1.1,conventional,2015,Atlanta,420826.32
43,1/03/2015,0.99,conventional,2015,Atlanta,512532.44
44,22/02/2015,1.1,conventional,2015,Atlanta,431308.56
45,15/02/2015,1.06,conventional,2015,Atlanta,427391.28
46,8/02/2015,1.03,conventional,2015,Atlanta,433883.91
47,1/02/2015,0.96,conventional,2015,Atlanta,636771.37
48,25/01/2015,1.1,conventional,2015,Atlanta,449332.85
49,18/01/2015,1.11,conventional,2015,Atlanta,431490.99
50,11/01/2015,1.11,conventional,2015,Atlanta,397542.72
51,4/01/2015,1,conventional,2015,Atlanta,435021.49
0,25/12/2016,0.91,conventional,2016,Atlanta,502787.29
1,18/12/2016,0.94,conventional,2016,Atlanta,463483.07
2,11/12/2016,1.06,conventional,2016,Atlanta,422026.71
3,4/12/2016,1.03,conventional,2016,Atlanta,475815.02
4,27/11/2016,1.22,conventional,2016,Atlanta,372144.31
5,20/11/2016,1.14,conventional,2016,Atlanta,448936.04
6,13/11/2016,1.25,conventional,2016,Atlanta,408260.87
7,6/11/2016,1.29,conventional,2016,Atlanta,393826.35
8,30/10/2016,1.26,conventional,2016,Atlanta,408314.87
9,23/10/2016,1.23,conventional,2016,Atlanta,422281.05
10,16/10/2016,1.16,conventional,2016,Atlanta,459564.78
11,9/10/2016,1.23,conventional,2016,Atlanta,452109.18
12,2/10/2016,1.26,conventional,2016,Atlanta,440044.4
13,25/09/2016,1.26,conventional,2016,Atlanta,435756.8
14,18/09/2016,1.01,conventional,2016,Atlanta,527700.95
15,11/09/2016,0.9,conventional,2016,Atlanta,597759.18
16,4/09/2016,0.89,conventional,2016,Atlanta,614657.03
17,28/08/2016,0.95,conventional,2016,Atlanta,539642.66
18,21/08/2016,0.94,conventional,2016,Atlanta,549139.07
19,14/08/2016,0.87,conventional,2016,Atlanta,666493.32
20,7/08/2016,1.04,conventional,2016,Atlanta,508354.34
21,31/07/2016,0.98,conventional,2016,Atlanta,537633.39
22,24/07/2016,1,conventional,2016,Atlanta,495686.56
23,17/07/2016,1.01,conventional,2016,Atlanta,474063.61
24,10/07/2016,0.92,conventional,2016,Atlanta,560865.26
25,3/07/2016,0.77,conventional,2016,Atlanta,789398.22
26,26/06/2016,0.85,conventional,2016,Atlanta,606856.8
27,19/06/2016,0.78,conventional,2016,Atlanta,692767.07
28,12/06/2016,0.78,conventional,2016,Atlanta,608386.28
29,5/06/2016,0.75,conventional,2016,Atlanta,691201.38
30,29/05/2016,0.78,conventional,2016,Atlanta,691344.07
31,22/05/2016,0.79,conventional,2016,Atlanta,585351.77
32,15/05/2016,0.68,conventional,2016,Atlanta,755306.53
33,8/05/2016,0.81,conventional,2016,Atlanta,643699.77
34,1/05/2016,0.77,conventional,2016,Atlanta,735635.49
35,24/04/2016,0.79,conventional,2016,Atlanta,654018.81
36,17/04/2016,0.89,conventional,2016,Atlanta,512348.02
37,10/04/2016,0.83,conventional,2016,Atlanta,590001.82
38,3/04/2016,1.03,conventional,2016,Atlanta,423485.95
39,27/03/2016,0.98,conventional,2016,Atlanta,458635.34
40,20/03/2016,0.98,conventional,2016,Atlanta,496190.99
41,13/03/2016,0.9,conventional,2016,Atlanta,588656.86
42,6/03/2016,1.03,conventional,2016,Atlanta,458837.18
43,28/02/2016,0.9,conventional,2016,Atlanta,555470.58
44,21/02/2016,1.04,conventional,2016,Atlanta,417205.77
45,14/02/2016,0.97,conventional,2016,Atlanta,481484.29
46,7/02/2016,0.76,conventional,2016,Atlanta,722211
47,31/01/2016,1.04,conventional,2016,Atlanta,437490.64
48,24/01/2016,0.92,conventional,2016,Atlanta,528776.51
49,17/01/2016,1.04,conventional,2016,Atlanta,445089.93
50,10/01/2016,0.93,conventional,2016,Atlanta,558348.8
51,3/01/2016,1.05,conventional,2016,Atlanta,449263.47
0,31/12/2017,0.95,conventional,2017,Atlanta,649352.59
1,24/12/2017,1.11,conventional,2017,Atlanta,444781.87
2,17/12/2017,1,conventional,2017,Atlanta,484326.63
3,10/12/2017,0.99,conventional,2017,Atlanta,543619.28
4,3/12/2017,1.07,conventional,2017,Atlanta,504933
5,26/11/2017,1.12,conventional,2017,Atlanta,412213
6,19/11/2017,1.13,conventional,2017,Atlanta,453755
7,12/11/2017,1.11,conventional,2017,Atlanta,518209
8,5/11/2017,1.08,conventional,2017,Atlanta,567572.7
9,29/10/2017,1.28,conventional,2017,Atlanta,493921.1
10,22/10/2017,1.49,conventional,2017,Atlanta,406008.95
11,15/10/2017,1.64,conventional,2017,Atlanta,406111.3
12,8/10/2017,1.6,conventional,2017,Atlanta,411520.44
13,1/10/2017,1.55,conventional,2017,Atlanta,421235.13
14,24/09/2017,1.5,conventional,2017,Atlanta,403780.43
15,17/09/2017,1.59,conventional,2017,Atlanta,392935.2
16,10/09/2017,1.54,conventional,2017,Atlanta,466988.83
17,3/09/2017,1.53,conventional,2017,Atlanta,433455.08
18,27/08/2017,1.49,conventional,2017,Atlanta,458036.12
19,20/08/2017,1.43,conventional,2017,Atlanta,475921.53
20,13/08/2017,1.37,conventional,2017,Atlanta,534058.7
21,6/08/2017,1.36,conventional,2017,Atlanta,518140.33
22,30/07/2017,1.34,conventional,2017,Atlanta,472013.29
23,23/07/2017,1.24,conventional,2017,Atlanta,518682.51
24,16/07/2017,1.2,conventional,2017,Atlanta,582068.66
25,9/07/2017,1.19,conventional,2017,Atlanta,507337.7
26,2/07/2017,1.16,conventional,2017,Atlanta,528297.88
27,25/06/2017,1.12,conventional,2017,Atlanta,501274.14
28,18/06/2017,1.2,conventional,2017,Atlanta,492836.43
29,11/06/2017,1.13,conventional,2017,Atlanta,572838.59
30,4/06/2017,1.08,conventional,2017,Atlanta,710038.58
31,28/05/2017,1.23,conventional,2017,Atlanta,523993.71
32,21/05/2017,1.2,conventional,2017,Atlanta,526840.14
33,14/05/2017,1.18,conventional,2017,Atlanta,568923.79
34,7/05/2017,1.1,conventional,2017,Atlanta,726726.65
35,30/04/2017,1.17,conventional,2017,Atlanta,595539.82
36,23/04/2017,1.21,conventional,2017,Atlanta,530030.64
37,16/04/2017,1.15,conventional,2017,Atlanta,543227.58
38,9/04/2017,1.23,conventional,2017,Atlanta,465350.2
39,2/04/2017,1.26,conventional,2017,Atlanta,481933.74
40,26/03/2017,1.32,conventional,2017,Atlanta,443514.95
41,19/03/2017,1.25,conventional,2017,Atlanta,460990.81
42,12/03/2017,1.21,conventional,2017,Atlanta,469277.94
43,5/03/2017,1.08,conventional,2017,Atlanta,511362.62
44,26/02/2017,0.85,conventional,2017,Atlanta,631507.77
45,19/02/2017,0.86,conventional,2017,Atlanta,563018.6
46,12/02/2017,0.79,conventional,2017,Atlanta,666871.06
47,5/02/2017,0.83,conventional,2017,Atlanta,888094.87
48,29/01/2017,0.95,conventional,2017,Atlanta,627695.79
49,22/01/2017,0.84,conventional,2017,Atlanta,755472.09
50,15/01/2017,0.99,conventional,2017,Atlanta,557377.82
51,8/01/2017,0.98,conventional,2017,Atlanta,601546.19
52,1/01/2017,0.93,conventional,2017,Atlanta,547565.88
