avocado.csv
Index,Date,Average Price,Type,Year,Region,Total Volume
0,27/12/2015,1.17,conventional,2015,BaltimoreWashington,596819.4
1,20/12/2015,1.11,conventional,2015,BaltimoreWashington,642682.4
2,13/12/2015,1.15,conventional,2015,BaltimoreWashington,619509.33
3,6/12/2015,1.04,conventional,2015,BaltimoreWashington,649141.25
4,29/11/2015,1.16,conventional,2015,BaltimoreWashington,545800.05
5,22/11/2015,1.12,conventional,2015,BaltimoreWashington,572019.8
6,15/11/2015,1.04,conventional,2015,BaltimoreWashington,718330.48
7,8/11/2015,1.05,conventional,2015,BaltimoreWashington,830967.23
8,1/11/2015,1.12,conventional,2015,BaltimoreWashington,742220.67
9,25/10/2015,1.19,conventional,2015,BaltimoreWashington,656892.03
10,18/10/2015,0.99,conventional,2015,BaltimoreWashington,1005603.78
11,11/10/2015,1.24,conventional,2015,BaltimoreWashington,653560.14
12,4/10/2015,1.28,conventional,2015,BaltimoreWashington,657444.04
13,27/09/2015,1.19,conventional,2015,BaltimoreWashington,696281.81
14,20/09/2015,1.17,conventional,2015,BaltimoreWashington,709268.62
15,13/09/2015,1.09,conventional,2015,BaltimoreWashington,924993.61
16,6/09/2015,1.18,conventional,2015,BaltimoreWashington,823623.36
17,30/08/2015,1.24,conventional,2015,BaltimoreWashington,734721.29
18,23/08/2015,1.16,conventional,2015,BaltimoreWashington,783935.36
19,16/08/2015,1.14,conventional,2015,BaltimoreWashington,882754.72
20,9/08/2015,1.16,conventional,2015,BaltimoreWashington,821523.45
21,2/08/2015,1.17,conventional,2015,BaltimoreWashington,800603.23
22,26/07/2015,1.2,conventional,2015,BaltimoreWashington,772926.12
23,19/07/2015,1.18,conventional,2015,BaltimoreWashington,800194.34
24,12/07/2015,1.1,conventional,2015,BaltimoreWashington,850931.58
25,5/07/2015,1.16,conventional,2015,BaltimoreWashington,896298.77
26,28/06/2015,1.15,conventional,2015,BaltimoreWashington,862261.64
27,21/06/2015,1.16,conventional,2015,BaltimoreWashington,862840.73
28,14/06/2015,1.09,conventional,2015,BaltimoreWashington,955046.82
29,7/06/2015,1.26,conventional,2015,BaltimoreWashington,794310.29
30,31/05/2015,1.19,conventional,2015,BaltimoreWashington,949177.06
31,24/05/2015,1.18,conventional,2015,BaltimoreWashington,908661.83
32,17/05/2015,1.27,conventional,2015,BaltimoreWashington,790853.86
33,10/05/2015,1.26,conventional,2015,BaltimoreWashington,855205.82
34,3/05/2015,1.17,conventional,2015,BaltimoreWashington,896972.05
35,26/04/2015,1.29,conventional,2015,BaltimoreWashington,747841.09
36,19/04/2015,1.28,conventional,2015,BaltimoreWashington,762862.62
37,12/04/2015,1.15,conventional,2015,BaltimoreWashington,837629.62
38,5/04/2015,1.29,conventional,2015,BaltimoreWashington,688065.45
39,29/03/2015,1.25,conventional,2015,BaltimoreWashington,663677.32
40,22/03/2015,1.1,conventional,2015,BaltimoreWashington,808897.21
41,15/03/2015,1.24,conventional,2015,BaltimoreWashington,693698.13
42,8/03/2015,1.26,conventional,2015,BaltimoreWashington,657745.9
43,1/03/2015,1.16,conventional,2015,BaltimoreWashington,770115.24
44,22/02/2015,1.11,conventional,2015,BaltimoreWashington,749845.79
45,15/02/2015,1.25,conventional,2015,BaltimoreWashington,637319.34
46,8/02/2015,1.09,conventional,2015,BaltimoreWashington,844931.21
47,1/02/2015,1.06,conventional,2015,BaltimoreWashington,1007418.76
48,25/01/2015,1.2,conventional,2015,BaltimoreWashington,692934.46
49,18/01/2015,1.23,conventional,2015,BaltimoreWashington,657741.34
50,11/01/2015,1.17,conventional,2015,BaltimoreWashington,670231.94
51,4/01/2015,1.08,conventional,2015,BaltimoreWashington,788025.06
0,25/12/2016,1.47,conventional,2016,BaltimoreWashington,550947.61
1,18/12/2016,1.21,conventional,2016,BaltimoreWashington,691008.74
2,11/12/2016,1.35,conventional,2016,BaltimoreWashington,599161.08
3,4/12/2016,1.41,conventional,2016,BaltimoreWashington,566956.23
4,27/11/2016,1.49,conventional,2016,BaltimoreWashington,539924.84
5,20/11/2016,1.6,conventional,2016,BaltimoreWashington,566160.06
6,13/11/2016,1.73,conventional,2016,BaltimoreWashington,559978.64
7,6/11/2016,1.8,conventional,2016,BaltimoreWashington,537945.82
8,30/10/2016,1.86,conventional,2016,BaltimoreWashington,522546.62
9,23/10/2016,1.85,conventional,2016,BaltimoreWashington,584275.61
10,16/10/2016,1.69,conventional,2016,BaltimoreWashington,638848.04
11,9/10/2016,1.59,conventional,2016,BaltimoreWashington,676188.97
12,2/10/2016,1.66,conventional,2016,BaltimoreWashington,672759.7
13,25/09/2016,1.58,conventional,2016,BaltimoreWashington,678671.71
14,18/09/2016,1.5,conventional,2016,BaltimoreWashington,732424.67
15,11/09/2016,1.34,conventional,2016,BaltimoreWashington,885728.19
16,4/09/2016,1.51,conventional,2016,BaltimoreWashington,762218.08
17,28/08/2016,1.57,conventional,2016,BaltimoreWashington,732545.7
18,21/08/2016,1.48,conventional,2016,BaltimoreWashington,727279.79
19,14/08/2016,1.52,conventional,2016,BaltimoreWashington,742291.98
20,7/08/2016,1.52,conventional,2016,BaltimoreWashington,746493.74
21,31/07/2016,1.65,conventional,2016,BaltimoreWashington,698627.62
22,24/07/2016,1.64,conventional,2016,BaltimoreWashington,719104.08
23,17/07/2016,1.47,conventional,2016,BaltimoreWashington,730875.32
24,10/07/2016,1.37,conventional,2016,BaltimoreWashington,831187.91
25,3/07/2016,1.38,conventional,2016,BaltimoreWashington,844337.61
26,26/06/2016,1.36,conventional,2016,BaltimoreWashington,830072.5
27,19/06/2016,1.37,conventional,2016,BaltimoreWashington,850692.3
28,12/06/2016,1.34,conventional,2016,BaltimoreWashington,850862.92
29,5/06/2016,1.33,conventional,2016,BaltimoreWashington,860858.18
30,29/05/2016,1.19,conventional,2016,BaltimoreWashington,890196.73
31,22/05/2016,1.19,conventional,2016,BaltimoreWashington,837573.29
32,15/05/2016,1.12,conventional,2016,BaltimoreWashington,901689.79
33,8/05/2016,0.95,conventional,2016,BaltimoreWashington,1103888.28
34,1/05/2016,1.07,conventional,2016,BaltimoreWashington,929492.14
35,24/04/2016,1.13,conventional,2016,BaltimoreWashington,915500.04
36,17/04/2016,1.13,conventional,2016,BaltimoreWashington,841839.93
37,10/04/2016,1.12,conventional,2016,BaltimoreWashington,789348.02
38,3/04/2016,1.14,conventional,2016,BaltimoreWashington,770876.88
39,27/03/2016,1.19,conventional,2016,BaltimoreWashington,781627.98
40,20/03/2016,1.1,conventional,2016,BaltimoreWashington,880238.91
41,13/03/2016,1.18,conventional,2016,BaltimoreWashington,845574.79
42,6/03/2016,1.21,conventional,2016,BaltimoreWashington,819706.7
43,28/02/2016,1.12,conventional,2016,BaltimoreWashington,888570.06
44,21/02/2016,1.2,conventional,2016,BaltimoreWashington,739486.27
45,14/02/2016,1.11,conventional,2016,BaltimoreWashington,905144.72
46,7/02/2016,1.1,conventional,2016,BaltimoreWashington,966321
47,31/01/2016,1.11,conventional,2016,BaltimoreWashington,748107.09
48,24/01/2016,1.09,conventional,2016,BaltimoreWashington,1022653.39
49,17/01/2016,1.17,conventional,2016,BaltimoreWashington,836225.86
50,10/01/2016,1.17,conventional,2016,BaltimoreWashington,780979.13
51,3/01/2016,1.11,conventional,2016,BaltimoreWashington,816760.46
0,31/12/2017,1.15,conventional,2017,BaltimoreWashington,849487.62
1,24/12/2017,1.41,conventional,2017,BaltimoreWashington,624268.68
2,17/12/2017,1.44,conventional,2017,BaltimoreWashington,628735.17
3,10/12/2017,1.13,conventional,2017,BaltimoreWashington,940850.93
4,3/12/2017,1.43,conventional,2017,BaltimoreWashington,658939
5,26/11/2017,1.43,conventional,2017,BaltimoreWashington,629719
6,19/11/2017,1.45,conventional,2017,BaltimoreWashington,644740
7,12/11/2017,1.49,conventional,2017,BaltimoreWashington,658693
8,5/11/2017,1.41,conventional,2017,BaltimoreWashington,736468.07
9,29/10/2017,1.55,conventional,2017,BaltimoreWashington,682236.82
10,22/10/2017,1.6,conventional,2017,BaltimoreWashington,672066.53
11,15/10/2017,1.66,conventional,2017,BaltimoreWashington,667770.44
12,8/10/2017,1.71,conventional,2017,BaltimoreWashington,598836.97
13,1/10/2017,1.59,conventional,2017,BaltimoreWashington,705451.5
14,24/09/2017,1.59,conventional,2017,BaltimoreWashington,676498.82
15,17/09/2017,1.58,conventional,2017,BaltimoreWashington,664501.74
16,10/09/2017,1.57,conventional,2017,BaltimoreWashington,660103.83
17,3/09/2017,1.62,conventional,2017,BaltimoreWashington,671504.54
18,27/08/2017,1.66,conventional,2017,BaltimoreWashington,653598.86
19,20/08/2017,1.57,conventional,2017,BaltimoreWashington,691636.14
20,13/08/2017,1.48,conventional,2017,BaltimoreWashington,697320.96
21,6/08/2017,1.47,conventional,2017,BaltimoreWashington,695848.77
22,30/07/2017,1.47,conventional,2017,BaltimoreWashington,655426.21
23,23/07/2017,1.48,conventional,2017,BaltimoreWashington,692872.87
24,16/07/2017,1.48,conventional,2017,BaltimoreWashington,670476.49
25,9/07/2017,1.64,conventional,2017,BaltimoreWashington,701869.5
26,2/07/2017,1.6,conventional,2017,BaltimoreWashington,672614.37
27,25/06/2017,1.65,conventional,2017,BaltimoreWashington,693972.27
28,18/06/2017,1.67,conventional,2017,BaltimoreWashington,713471.14
29,11/06/2017,1.65,conventional,2017,BaltimoreWashington,744158.66
30,4/06/2017,1.8,conventional,2017,BaltimoreWashington,757909.72
31,28/05/2017,1.75,conventional,2017,BaltimoreWashington,779183.52
32,21/05/2017,1.67,conventional,2017,BaltimoreWashington,750139.67
33,14/05/2017,1.59,conventional,2017,BaltimoreWashington,731952.61
34,7/05/2017,1.37,conventional,2017,BaltimoreWashington,1097981.24
35,30/04/2017,1.69,conventional,2017,BaltimoreWashington,761924.71
36,23/04/2017,1.67,conventional,2017,BaltimoreWashington,749186.76
37,16/04/2017,1.7,conventional,2017,BaltimoreWashington,717940.19
38,9/04/2017,1.64,conventional,2017,BaltimoreWashington,738255.19
39,2/04/2017,1.5,conventional,2017,BaltimoreWashington,800801.84
40,26/03/2017,1.6,conventional,2017,BaltimoreWashington,739376.32
41,19/03/2017,1.58,conventional,2017,BaltimoreWashington,738956.53
42,12/03/2017,1.6,conventional,2017,BaltimoreWashington,763783.58
43,5/03/2017,1.33,conventional,2017,BaltimoreWashington,880326.29
44,26/02/2017,1.48,conventional,2017,BaltimoreWashington,814376.97
45,19/02/2017,1.38,conventional,2017,BaltimoreWashington,721257.38
46,12/02/2017,1.24,conventional,2017,BaltimoreWashington,925574.66
47,5/02/2017,1.09,conventional,2017,BaltimoreWashington,1170444.52
48,29/01/2017,1.46,conventional,2017,BaltimoreWashington,781538.81
49,22/01/2017,1.42,conventional,2017,BaltimoreWashington,826941.93
50,15/01/2017,1.48,conventional,2017,BaltimoreWashington,749510.72
51,8/01/2017,1.14,conventional,2017,BaltimoreWashington,1029279.83
52,1/01/2017,1.47,conventional,2017,BaltimoreWashington,631760.81
