avocado.csv
Index,Date,Average Price,Type,Year,Region,Total Volume
0,27/12/2015,0.97,conventional,2015,Boise,62909.69
1,20/12/2015,1.03,conventional,2015,Boise,57504.05
2,13/12/2015,0.99,conventional,2015,Boise,58461.05
3,6/12/2015,0.71,conventional,2015,Boise,95295.34
4,29/11/2015,1.06,conventional,2015,Boise,49069.13
5,22/11/2015,1.09,conventional,2015,Boise,52875.58
6,15/11/2015,1.01,conventional,2015,Boise,68648.22
7,8/11/2015,1.11,conventional,2015,Boise,55847.79
8,1/11/2015,1.14,conventional,2015,Boise,53585.51
9,25/10/2015,1.11,conventional,2015,Boise,59874.45
10,18/10/2015,1.16,conventional,2015,Boise,54191.14
11,11/10/2015,0.94,conventional,2015,Boise,80904.19
12,4/10/2015,1.12,conventional,2015,Boise,59496.33
13,27/09/2015,0.99,conventional,2015,Boise,64187.8
14,20/09/2015,1.03,conventional,2015,Boise,73952.9
15,13/09/2015,1.08,conventional,2015,Boise,64208.84
16,6/09/2015,1.16,conventional,2015,Boise,64464.61
17,30/08/2015,1.19,conventional,2015,Boise,60099.83
18,23/08/2015,1.05,conventional,2015,Boise,70773.76
19,16/08/2015,1.12,conventional,2015,Boise,64001.61
20,9/08/2015,1.1,conventional,2015,Boise,61286.98
21,2/08/2015,1.07,conventional,2015,Boise,67763.91
22,26/07/2015,1.07,conventional,2015,Boise,67826.07
23,19/07/2015,1.09,conventional,2015,Boise,63958.04
24,12/07/2015,1.05,conventional,2015,Boise,74677.72
25,5/07/2015,1.15,conventional,2015,Boise,85044.45
26,28/06/2015,1.04,conventional,2015,Boise,75280.41
27,21/06/2015,1.06,conventional,2015,Boise,81397.07
28,14/06/2015,0.99,conventional,2015,Boise,87607.71
29,7/06/2015,1.12,conventional,2015,Boise,80751.29
30,31/05/2015,0.97,conventional,2015,Boise,76689.38
31,24/05/2015,1.03,conventional,2015,Boise,83209.77
32,17/05/2015,0.96,conventional,2015,Boise,77987.53
33,10/05/2015,1.06,conventional,2015,Boise,95788.53
34,3/05/2015,1,conventional,2015,Boise,85466.99
35,26/04/2015,0.96,conventional,2015,Boise,88111.17
36,19/04/2015,0.99,conventional,2015,Boise,89694.96
37,12/04/2015,1.19,conventional,2015,Boise,66246.3
38,5/04/2015,1.09,conventional,2015,Boise,76704.46
39,29/03/2015,0.98,conventional,2015,Boise,74543.98
40,22/03/2015,1.17,conventional,2015,Boise,61419.11
41,15/03/2015,1,conventional,2015,Boise,65918.28
42,8/03/2015,1.14,conventional,2015,Boise,65350.24
43,1/03/2015,1.06,conventional,2015,Boise,75046.37
44,22/02/2015,0.99,conventional,2015,Boise,76836.1
45,15/02/2015,1.14,conventional,2015,Boise,61221.98
46,8/02/2015,1.07,conventional,2015,Boise,69970.75
47,1/02/2015,0.91,conventional,2015,Boise,113578.24
48,25/01/2015,1.03,conventional,2015,Boise,66069.21
49,18/01/2015,1.08,conventional,2015,Boise,62870.49
50,11/01/2015,1.18,conventional,2015,Boise,57355.52
51,4/01/2015,1.01,conventional,2015,Boise,80034.32
0,25/12/2016,1.03,conventional,2016,Boise,71168.92
1,18/12/2016,1.02,conventional,2016,Boise,64421.58
2,11/12/2016,0.8,conventional,2016,Boise,98346.8
3,4/12/2016,1.01,conventional,2016,Boise,72471.63
4,27/11/2016,1.22,conventional,2016,Boise,51941.45
5,20/11/2016,1.27,conventional,2016,Boise,62526.51
6,13/11/2016,1.28,conventional,2016,Boise,67212.14
7,6/11/2016,1.37,conventional,2016,Boise,59587.14
8,30/10/2016,1.34,conventional,2016,Boise,59788.57
9,23/10/2016,1.17,conventional,2016,Boise,70652.14
10,16/10/2016,1.09,conventional,2016,Boise,77804.54
11,9/10/2016,1.03,conventional,2016,Boise,84234.53
12,2/10/2016,0.9,conventional,2016,Boise,106259.51
13,25/09/2016,0.91,conventional,2016,Boise,87557.13
14,18/09/2016,0.97,conventional,2016,Boise,82377.77
15,11/09/2016,0.89,conventional,2016,Boise,89822.98
16,4/09/2016,1.01,conventional,2016,Boise,79683.06
17,28/08/2016,0.99,conventional,2016,Boise,78599.85
18,21/08/2016,0.9,conventional,2016,Boise,84013.04
19,14/08/2016,0.93,conventional,2016,Boise,88787.27
20,7/08/2016,0.76,conventional,2016,Boise,70711.46
21,31/07/2016,0.78,conventional,2016,Boise,69620.36
22,24/07/2016,0.74,conventional,2016,Boise,65580.47
23,17/07/2016,0.7,conventional,2016,Boise,69052.66
24,10/07/2016,0.75,conventional,2016,Boise,132511.44
25,3/07/2016,0.77,conventional,2016,Boise,136377.55
26,26/06/2016,0.69,conventional,2016,Boise,127961.84
27,19/06/2016,0.7,conventional,2016,Boise,129020.17
28,12/06/2016,0.67,conventional,2016,Boise,68721.61
29,5/06/2016,0.63,conventional,2016,Boise,95948.06
30,29/05/2016,0.63,conventional,2016,Boise,82549.14
31,22/05/2016,0.65,conventional,2016,Boise,75996.51
32,15/05/2016,0.58,conventional,2016,Boise,95143.57
33,8/05/2016,0.61,conventional,2016,Boise,106409.67
34,1/05/2016,0.63,conventional,2016,Boise,82585.83
35,24/04/2016,0.65,conventional,2016,Boise,79562.45
36,17/04/2016,0.67,conventional,2016,Boise,109590.28
37,10/04/2016,0.82,conventional,2016,Boise,86897.72
38,3/04/2016,0.82,conventional,2016,Boise,97650.29
39,27/03/2016,0.81,conventional,2016,Boise,101267.73
40,20/03/2016,0.94,conventional,2016,Boise,83080.73
41,13/03/2016,0.83,conventional,2016,Boise,100144.93
42,6/03/2016,0.86,conventional,2016,Boise,97421.21
43,28/02/2016,0.89,conventional,2016,Boise,89981.54
44,21/02/2016,0.74,conventional,2016,Boise,93951.14
45,14/02/2016,0.94,conventional,2016,Boise,78070.34
46,7/02/2016,0.82,conventional,2016,Boise,123715.17
47,31/01/2016,0.94,conventional,2016,Boise,83755.38
48,24/01/2016,0.9,conventional,2016,Boise,58434.39
49,17/01/2016,0.92,conventional,2016,Boise,92385.23
50,10/01/2016,0.93,conventional,2016,Boise,89880.9
51,3/01/2016,0.77,conventional,2016,Boise,106106.95
0,31/12/2017,1.13,conventional,2017,Boise,79646.97
1,24/12/2017,1.18,conventional,2017,Boise,71004.42
2,17/12/2017,1.29,conventional,2017,Boise,65090.38
3,10/12/2017,1.08,conventional,2017,Boise,85496.29
4,3/12/2017,1.14,conventional,2017,Boise,86646
5,26/11/2017,1.44,conventional,2017,Boise,54681
6,19/11/2017,1.42,conventional,2017,Boise,60602
7,12/11/2017,1.23,conventional,2017,Boise,81827
8,5/11/2017,1.21,conventional,2017,Boise,81104.74
9,29/10/2017,1.44,conventional,2017,Boise,68520.83
10,22/10/2017,1.43,conventional,2017,Boise,83842.86
11,15/10/2017,1.83,conventional,2017,Boise,58062.2
12,8/10/2017,1.89,conventional,2017,Boise,56087.36
13,1/10/2017,1.8,conventional,2017,Boise,58602.78
14,24/09/2017,1.78,conventional,2017,Boise,56671.53
15,17/09/2017,1.73,conventional,2017,Boise,65336.49
16,10/09/2017,1.76,conventional,2017,Boise,66479.27
17,3/09/2017,1.68,conventional,2017,Boise,64354.65
18,27/08/2017,1.3,conventional,2017,Boise,93803.53
19,20/08/2017,1.37,conventional,2017,Boise,88030.54
20,13/08/2017,1.51,conventional,2017,Boise,70716.83
21,6/08/2017,1.54,conventional,2017,Boise,73710.09
22,30/07/2017,1.54,conventional,2017,Boise,72020.82
23,23/07/2017,1.51,conventional,2017,Boise,70783.8
24,16/07/2017,1.49,conventional,2017,Boise,72245.09
25,9/07/2017,0.98,conventional,2017,Boise,125786.14
26,2/07/2017,1.17,conventional,2017,Boise,97408.49
27,25/06/2017,1.2,conventional,2017,Boise,95071.28
28,18/06/2017,1.21,conventional,2017,Boise,92906.33
29,11/06/2017,1.21,conventional,2017,Boise,92547.42
30,4/06/2017,1.19,conventional,2017,Boise,98460.27
31,28/05/2017,1.21,conventional,2017,Boise,100415.9
32,21/05/2017,1.29,conventional,2017,Boise,86532.91
33,14/05/2017,1.2,conventional,2017,Boise,94466.25
34,7/05/2017,1.09,conventional,2017,Boise,121483.27
35,30/04/2017,1.03,conventional,2017,Boise,109119
36,23/04/2017,1.14,conventional,2017,Boise,93656.08
37,16/04/2017,1.15,conventional,2017,Boise,99410.94
38,9/04/2017,1.21,conventional,2017,Boise,95508.38
39,2/04/2017,1.2,conventional,2017,Boise,94905.4
40,26/03/2017,1.16,conventional,2017,Boise,95292.56
41,19/03/2017,1.15,conventional,2017,Boise,86727.42
42,12/03/2017,0.98,conventional,2017,Boise,112776.1
43,5/03/2017,1.11,conventional,2017,Boise,93814.08
44,26/02/2017,0.91,conventional,2017,Boise,105023.56
45,19/02/2017,0.94,conventional,2017,Boise,107721.63
46,12/02/2017,0.98,conventional,2017,Boise,97785.46
47,5/02/2017,0.9,conventional,2017,Boise,136090.67
48,29/01/2017,0.93,conventional,2017,Boise,105132.82
49,22/01/2017,1.01,conventional,2017,Boise,88317.73
50,15/01/2017,1,conventional,2017,Boise,94156.43
51,8/01/2017,1.02,conventional,2017,Boise,103788.25
52,1/01/2017,0.92,conventional,2017,Boise,104510.11
0,27/12/2015,1.13,conventional,2015,Boston,450816.39
1,20/12/2015,1.07,conventional,2015,Boston,489802.88
2,13/12/2015,1.01,conventional,2015,Boston,549945.76
3,6/12/2015,1.02,conventional,2015,Boston,488679.31
4,29/11/2015,1.19,conventional,2015,Boston,350559.81
5,22/11/2015,1.07,conventional,2015,Boston,466759.99
6,15/11/2015,1.05,conventional,2015,Boston,513738.98
7,8/11/2015,1.04,conventional,2015,Boston,641759.57
8,1/11/2015,1.06,conventional,2015,Boston,553096.84
9,25/10/2015,1.02,conventional,2015,Boston,534249.47
10,18/10/2015,0.94,conventional,2015,Boston,725296.29
11,11/10/2015,1.14,conventional,2015,Boston,485706.68
12,4/10/2015,1.07,conventional,2015,Boston,536479.42
13,27/09/2015,1.07,conventional,2015,Boston,553307.04
14,20/09/2015,1.15,conventional,2015,Boston,498640.23
15,13/09/2015,1.03,conventional,2015,Boston,655682.95
16,6/09/2015,1.11,conventional,2015,Boston,577774.74
17,30/08/2015,1.13,conventional,2015,Boston,526664.87
18,23/08/2015,1.07,conventional,2015,Boston,589471.32
19,16/08/2015,1.15,conventional,2015,Boston,565795.06
20,9/08/2015,1.07,conventional,2015,Boston,690517.19
21,2/08/2015,1.17,conventional,2015,Boston,571994.5
22,26/07/2015,1.28,conventional,2015,Boston,500233.69
23,19/07/2015,1.18,conventional,2015,Boston,597168.12
24,12/07/2015,1.14,conventional,2015,Boston,634515.74
25,5/07/2015,1.27,conventional,2015,Boston,582909.73
26,28/06/2015,1.25,conventional,2015,Boston,560494.92
27,21/06/2015,1.24,conventional,2015,Boston,543504.66
28,14/06/2015,1.08,conventional,2015,Boston,684346.48
29,7/06/2015,1.25,conventional,2015,Boston,562542.86
30,31/05/2015,1.26,conventional,2015,Boston,565160.95
31,24/05/2015,1.14,conventional,2015,Boston,633521.98
32,17/05/2015,1.26,conventional,2015,Boston,534488.54
33,10/05/2015,1.14,conventional,2015,Boston,625558.14
34,3/05/2015,1.17,conventional,2015,Boston,552368.94
35,26/04/2015,1.28,conventional,2015,Boston,465911.37
36,19/04/2015,1.15,conventional,2015,Boston,504619.83
37,12/04/2015,1.26,conventional,2015,Boston,408485.16
38,5/04/2015,1.27,conventional,2015,Boston,449818.01
39,29/03/2015,1.19,conventional,2015,Boston,453631.25
40,22/03/2015,1.18,conventional,2015,Boston,453173.22
41,15/03/2015,1.25,conventional,2015,Boston,417750.36
42,8/03/2015,1.17,conventional,2015,Boston,408403.96
43,1/03/2015,1.11,conventional,2015,Boston,485736.1
44,22/02/2015,1.23,conventional,2015,Boston,355432.28
45,15/02/2015,1.2,conventional,2015,Boston,399883.99
46,8/02/2015,1.04,conventional,2015,Boston,609985.34
47,1/02/2015,1.22,conventional,2015,Boston,490022.14
48,25/01/2015,1.17,conventional,2015,Boston,409343.56
49,18/01/2015,1.23,conventional,2015,Boston,401331.33
50,11/01/2015,1.1,conventional,2015,Boston,437771.89
51,4/01/2015,1.02,conventional,2015,Boston,491738
0,25/12/2016,1.28,conventional,2016,Boston,447600.75
1,18/12/2016,1.09,conventional,2016,Boston,579577.33
2,11/12/2016,1.22,conventional,2016,Boston,510800.58
3,4/12/2016,1.26,conventional,2016,Boston,473428.36
4,27/11/2016,1.45,conventional,2016,Boston,391257.01
5,20/11/2016,1.39,conventional,2016,Boston,475677.35
6,13/11/2016,1.56,conventional,2016,Boston,397601.1
7,6/11/2016,1.62,conventional,2016,Boston,366175.49
8,30/10/2016,1.67,conventional,2016,Boston,376500.91
9,23/10/2016,1.58,conventional,2016,Boston,439551.69
10,16/10/2016,1.6,conventional,2016,Boston,453605.17
11,9/10/2016,1.49,conventional,2016,Boston,468135.46
12,2/10/2016,1.59,conventional,2016,Boston,459163.77
13,25/09/2016,1.53,conventional,2016,Boston,483057.37
14,18/09/2016,1.45,conventional,2016,Boston,489600.6
15,11/09/2016,1.27,conventional,2016,Boston,672672.86
16,4/09/2016,1.41,conventional,2016,Boston,541671.24
17,28/08/2016,1.37,conventional,2016,Boston,582023.28
18,21/08/2016,1.31,conventional,2016,Boston,586072.78
19,14/08/2016,1.29,conventional,2016,Boston,602605.29
20,7/08/2016,1.48,conventional,2016,Boston,525387.25
21,31/07/2016,1.61,conventional,2016,Boston,508949.6
22,24/07/2016,1.52,conventional,2016,Boston,509094.85
23,17/07/2016,1.56,conventional,2016,Boston,488508.05
24,10/07/2016,1.32,conventional,2016,Boston,549815.44
25,3/07/2016,1.38,conventional,2016,Boston,585484.69
26,26/06/2016,1.33,conventional,2016,Boston,626972.88
27,19/06/2016,1.32,conventional,2016,Boston,649660.14
28,12/06/2016,1.29,conventional,2016,Boston,632855.52
29,5/06/2016,1.26,conventional,2016,Boston,634989.55
30,29/05/2016,1.08,conventional,2016,Boston,673496.13
31,22/05/2016,1.05,conventional,2016,Boston,665086.17
32,15/05/2016,1.06,conventional,2016,Boston,709563.16
33,8/05/2016,0.85,conventional,2016,Boston,924194.42
34,1/05/2016,1.05,conventional,2016,Boston,716003.18
35,24/04/2016,1.07,conventional,2016,Boston,626895.08
36,17/04/2016,1.08,conventional,2016,Boston,617179.71
37,10/04/2016,0.99,conventional,2016,Boston,652546.84
38,3/04/2016,1.11,conventional,2016,Boston,559718.46
39,27/03/2016,1.08,conventional,2016,Boston,639420.34
40,20/03/2016,1.1,conventional,2016,Boston,645235.38
41,13/03/2016,1.05,conventional,2016,Boston,651211.44
42,6/03/2016,1.1,conventional,2016,Boston,600639.74
43,28/02/2016,1.08,conventional,2016,Boston,652943
44,21/02/2016,1.14,conventional,2016,Boston,553709.44
45,14/02/2016,0.98,conventional,2016,Boston,751656.56
46,7/02/2016,1.05,conventional,2016,Boston,678810.37
47,31/01/2016,1.03,conventional,2016,Boston,651616.91
48,24/01/2016,1.05,conventional,2016,Boston,670376.77
49,17/01/2016,1.02,conventional,2016,Boston,665217.66
50,10/01/2016,1.15,conventional,2016,Boston,536674.53
51,3/01/2016,1.01,conventional,2016,Boston,610622.03
0,31/12/2017,1.4,conventional,2017,Boston,419696.59
1,24/12/2017,1.45,conventional,2017,Boston,414147.94
2,17/12/2017,1.28,conventional,2017,Boston,516770.62
3,10/12/2017,1.14,conventional,2017,Boston,687251.82
4,3/12/2017,1.4,conventional,2017,Boston,488588
5,26/11/2017,1.39,conventional,2017,Boston,423778
6,19/11/2017,1.36,conventional,2017,Boston,476236
7,12/11/2017,1.23,conventional,2017,Boston,639092
8,5/11/2017,1.49,conventional,2017,Boston,440972.34
9,29/10/2017,1.49,conventional,2017,Boston,465106.32
10,22/10/2017,1.48,conventional,2017,Boston,435243.72
11,15/10/2017,1.59,conventional,2017,Boston,418233.95
12,8/10/2017,1.61,conventional,2017,Boston,451608.73
13,1/10/2017,1.62,conventional,2017,Boston,482271.83
14,24/09/2017,1.62,conventional,2017,Boston,498019.71
15,17/09/2017,1.58,conventional,2017,Boston,462796.84
16,10/09/2017,1.63,conventional,2017,Boston,524513.26
17,3/09/2017,1.81,conventional,2017,Boston,457862
18,27/08/2017,1.79,conventional,2017,Boston,455915.26
19,20/08/2017,1.77,conventional,2017,Boston,474982.44
20,13/08/2017,1.52,conventional,2017,Boston,624419.06
21,6/08/2017,1.55,conventional,2017,Boston,604758.68
22,30/07/2017,1.48,conventional,2017,Boston,568255.53
23,23/07/2017,1.37,conventional,2017,Boston,686734.63
24,16/07/2017,1.56,conventional,2017,Boston,594015.93
25,9/07/2017,1.69,conventional,2017,Boston,560021.69
26,2/07/2017,1.67,conventional,2017,Boston,545128.14
27,25/06/2017,1.68,conventional,2017,Boston,545889.03
28,18/06/2017,1.66,conventional,2017,Boston,581303.33
29,11/06/2017,1.72,conventional,2017,Boston,583709.06
30,4/06/2017,1.73,conventional,2017,Boston,590580.03
31,28/05/2017,1.73,conventional,2017,Boston,602637.88
32,21/05/2017,1.69,conventional,2017,Boston,572421.46
33,14/05/2017,1.62,conventional,2017,Boston,610348.46
34,7/05/2017,1.49,conventional,2017,Boston,676849.88
35,30/04/2017,1.61,conventional,2017,Boston,603284.31
36,23/04/2017,1.63,conventional,2017,Boston,520793.48
37,16/04/2017,1.61,conventional,2017,Boston,592049.78
38,9/04/2017,1.53,conventional,2017,Boston,629799.49
39,2/04/2017,1.56,conventional,2017,Boston,571902.2
40,26/03/2017,1.51,conventional,2017,Boston,550948.58
41,19/03/2017,1.54,conventional,2017,Boston,540540.5
42,12/03/2017,1.55,conventional,2017,Boston,495117.57
43,5/03/2017,1.3,conventional,2017,Boston,620307.93
44,26/02/2017,1.24,conventional,2017,Boston,599178.18
45,19/02/2017,1.31,conventional,2017,Boston,521125.33
46,12/02/2017,1.12,conventional,2017,Boston,791126.41
47,5/02/2017,1.19,conventional,2017,Boston,772110.18
48,29/01/2017,1.32,conventional,2017,Boston,604106.12
49,22/01/2017,1.26,conventional,2017,Boston,663735.14
50,15/01/2017,1.3,conventional,2017,Boston,577976.65
51,8/01/2017,1.09,conventional,2017,Boston,730358.49
52,1/01/2017,1.29,conventional,2017,Boston,458830.49
