avocado.csv
Index,Date,Average Price,Type,Year,Region,Total Volume
0,27/12/2015,1.35,conventional,2015,BuffaloRochester,96233.08
1,20/12/2015,1.37,conventional,2015,BuffaloRochester,90867.51
2,13/12/2015,1.35,conventional,2015,BuffaloRochester,98473.23
3,6/12/2015,1.23,conventional,2015,BuffaloRochester,108457.82
4,29/11/2015,1.39,conventional,2015,BuffaloRochester,79973.14
5,22/11/2015,1.4,conventional,2015,BuffaloRochester,90242.31
6,15/11/2015,1.36,conventional,2015,BuffaloRochester,99703.72
7,8/11/2015,1.3,conventional,2015,BuffaloRochester,111038.95
8,1/11/2015,1.23,conventional,2015,BuffaloRochester,118541.11
9,25/10/2015,1.36,conventional,2015,BuffaloRochester,99554.55
10,18/10/2015,1.29,conventional,2015,BuffaloRochester,106083.75
11,11/10/2015,1.3,conventional,2015,BuffaloRochester,109153.84
12,4/10/2015,1.33,conventional,2015,BuffaloRochester,98900.48
13,27/09/2015,1.31,conventional,2015,BuffaloRochester,90745.72
14,20/09/2015,1.54,conventional,2015,BuffaloRochester,60624.47
15,13/09/2015,1.59,conventional,2015,BuffaloRochester,73043.2
16,6/09/2015,1.56,conventional,2015,BuffaloRochester,76139.58
17,30/08/2015,1.38,conventional,2015,BuffaloRochester,83731.42
18,23/08/2015,1.49,conventional,2015,BuffaloRochester,68953.29
19,16/08/2015,1.5,conventional,2015,BuffaloRochester,69798.09
20,9/08/2015,1.47,conventional,2015,BuffaloRochester,81830.13
21,2/08/2015,1.47,conventional,2015,BuffaloRochester,78162.92
22,26/07/2015,1.39,conventional,2015,BuffaloRochester,91825.07
23,19/07/2015,1.36,conventional,2015,BuffaloRochester,128846.15
24,12/07/2015,1.45,conventional,2015,BuffaloRochester,127351.46
25,5/07/2015,1.47,conventional,2015,BuffaloRochester,140413.9
26,28/06/2015,1.36,conventional,2015,BuffaloRochester,137246.7
27,21/06/2015,1.5,conventional,2015,BuffaloRochester,108655.36
28,14/06/2015,1.34,conventional,2015,BuffaloRochester,149376.79
29,7/06/2015,1.38,conventional,2015,BuffaloRochester,130908.11
30,31/05/2015,1.4,conventional,2015,BuffaloRochester,130841.08
31,24/05/2015,1.43,conventional,2015,BuffaloRochester,121942.61
32,17/05/2015,1.35,conventional,2015,BuffaloRochester,137050.23
33,10/05/2015,1.33,conventional,2015,BuffaloRochester,170547.18
34,3/05/2015,1.42,conventional,2015,BuffaloRochester,136771.79
35,26/04/2015,1.41,conventional,2015,BuffaloRochester,136964.3
36,19/04/2015,1.42,conventional,2015,BuffaloRochester,139612.52
37,12/04/2015,1.42,conventional,2015,BuffaloRochester,118172.53
38,5/04/2015,1.44,conventional,2015,BuffaloRochester,124145.62
39,29/03/2015,1.39,conventional,2015,BuffaloRochester,119890.65
40,22/03/2015,1.4,conventional,2015,BuffaloRochester,119902.96
41,15/03/2015,1.47,conventional,2015,BuffaloRochester,103413.11
42,8/03/2015,1.35,conventional,2015,BuffaloRochester,125724.96
43,1/03/2015,1.43,conventional,2015,BuffaloRochester,112363.86
44,22/02/2015,1.41,conventional,2015,BuffaloRochester,109546.92
45,15/02/2015,1.44,conventional,2015,BuffaloRochester,100207.14
46,8/02/2015,1.36,conventional,2015,BuffaloRochester,132760.1
47,1/02/2015,1.33,conventional,2015,BuffaloRochester,153920.35
48,25/01/2015,1.5,conventional,2015,BuffaloRochester,114052.94
49,18/01/2015,1.52,conventional,2015,BuffaloRochester,107040.29
50,11/01/2015,1.54,conventional,2015,BuffaloRochester,106221.32
51,4/01/2015,1.4,conventional,2015,BuffaloRochester,116253.44
0,25/12/2016,1.41,conventional,2016,BuffaloRochester,103035.45
1,18/12/2016,1.36,conventional,2016,BuffaloRochester,85340.08
2,11/12/2016,1.47,conventional,2016,BuffaloRochester,89037.86
3,4/12/2016,1.66,conventional,2016,BuffaloRochester,72203.16
4,27/11/2016,1.57,conventional,2016,BuffaloRochester,73261.05
5,20/11/2016,1.63,conventional,2016,BuffaloRochester,78675.66
6,13/11/2016,1.6,conventional,2016,BuffaloRochester,87366.58
7,6/11/2016,1.64,conventional,2016,BuffaloRochester,81691.65
8,30/10/2016,1.65,conventional,2016,BuffaloRochester,71163.53
9,23/10/2016,1.6,conventional,2016,BuffaloRochester,110744.71
10,16/10/2016,1.36,conventional,2016,BuffaloRochester,131180.81
11,9/10/2016,1.37,conventional,2016,BuffaloRochester,135059.42
12,2/10/2016,1.35,conventional,2016,BuffaloRochester,132143.53
13,25/09/2016,1.4,conventional,2016,BuffaloRochester,134327.1
14,18/09/2016,1.54,conventional,2016,BuffaloRochester,122908.68
15,11/09/2016,1.38,conventional,2016,BuffaloRochester,124095.82
16,4/09/2016,1.48,conventional,2016,BuffaloRochester,95473.7
17,28/08/2016,1.4,conventional,2016,BuffaloRochester,114645.7
18,21/08/2016,1.33,conventional,2016,BuffaloRochester,119865.41
19,14/08/2016,1.41,conventional,2016,BuffaloRochester,114328.4
20,7/08/2016,1.5,conventional,2016,BuffaloRochester,104314.72
21,31/07/2016,1.45,conventional,2016,BuffaloRochester,108088.47
22,24/07/2016,1.44,conventional,2016,BuffaloRochester,104126.3
23,17/07/2016,1.3,conventional,2016,BuffaloRochester,141880.95
24,10/07/2016,1.25,conventional,2016,BuffaloRochester,183741.31
25,3/07/2016,1.3,conventional,2016,BuffaloRochester,180609.07
26,26/06/2016,1.26,conventional,2016,BuffaloRochester,160806.44
27,19/06/2016,1.23,conventional,2016,BuffaloRochester,169756.02
28,12/06/2016,1.15,conventional,2016,BuffaloRochester,182471.54
29,5/06/2016,1.15,conventional,2016,BuffaloRochester,173445.42
30,29/05/2016,1.19,conventional,2016,BuffaloRochester,147423.25
31,22/05/2016,1.12,conventional,2016,BuffaloRochester,168251.29
32,15/05/2016,1.09,conventional,2016,BuffaloRochester,164790.54
33,8/05/2016,1.09,conventional,2016,BuffaloRochester,201142.55
34,1/05/2016,1.11,conventional,2016,BuffaloRochester,171441.29
35,24/04/2016,1.15,conventional,2016,BuffaloRochester,171142.36
36,17/04/2016,1.14,conventional,2016,BuffaloRochester,169355.39
37,10/04/2016,1.1,conventional,2016,BuffaloRochester,152123.92
38,3/04/2016,1.04,conventional,2016,BuffaloRochester,154802
39,27/03/2016,1.13,conventional,2016,BuffaloRochester,149462.64
40,20/03/2016,1.14,conventional,2016,BuffaloRochester,140364.11
41,13/03/2016,1.11,conventional,2016,BuffaloRochester,163501.31
42,6/03/2016,1.36,conventional,2016,BuffaloRochester,141228.53
43,28/02/2016,1.22,conventional,2016,BuffaloRochester,154057.74
44,21/02/2016,1.31,conventional,2016,BuffaloRochester,126537.43
45,14/02/2016,1.29,conventional,2016,BuffaloRochester,137984.28
46,7/02/2016,1.3,conventional,2016,BuffaloRochester,177910.41
47,31/01/2016,1.21,conventional,2016,BuffaloRochester,164453.65
48,24/01/2016,1.31,conventional,2016,BuffaloRochester,147469.99
49,17/01/2016,1.38,conventional,2016,BuffaloRochester,132286.31
50,10/01/2016,1.35,conventional,2016,BuffaloRochester,134522.52
51,3/01/2016,1.39,conventional,2016,BuffaloRochester,130620.57
0,31/12/2017,1.27,conventional,2017,BuffaloRochester,115508.29
1,24/12/2017,1.28,conventional,2017,BuffaloRochester,127375.45
2,17/12/2017,1.26,conventional,2017,BuffaloRochester,108352.42
3,10/12/2017,1.25,conventional,2017,BuffaloRochester,127279.28
4,3/12/2017,1.13,conventional,2017,BuffaloRochester,153282
5,26/11/2017,1.23,conventional,2017,BuffaloRochester,102658
6,19/11/2017,1.3,conventional,2017,BuffaloRochester,112445
7,12/11/2017,1.37,conventional,2017,BuffaloRochester,118434
8,5/11/2017,1.37,conventional,2017,BuffaloRochester,115630.87
9,29/10/2017,1.36,conventional,2017,BuffaloRochester,121815.11
10,22/10/2017,1.5,conventional,2017,BuffaloRochester,90910.72
11,15/10/2017,1.5,conventional,2017,BuffaloRochester,86880.78
12,8/10/2017,1.49,conventional,2017,BuffaloRochester,102625.05
13,1/10/2017,1.53,conventional,2017,BuffaloRochester,96291.55
14,24/09/2017,1.42,conventional,2017,BuffaloRochester,121501.78
15,17/09/2017,1.37,conventional,2017,BuffaloRochester,140652.67
16,10/09/2017,1.46,conventional,2017,BuffaloRochester,142196.93
17,3/09/2017,1.56,conventional,2017,BuffaloRochester,135280.49
18,27/08/2017,1.33,conventional,2017,BuffaloRochester,147839.98
19,20/08/2017,1.34,conventional,2017,BuffaloRochester,142109.31
20,13/08/2017,1.32,conventional,2017,BuffaloRochester,144618.71
21,6/08/2017,1.32,conventional,2017,BuffaloRochester,155635.24
22,30/07/2017,1.32,conventional,2017,BuffaloRochester,146069.4
23,23/07/2017,1.34,conventional,2017,BuffaloRochester,148098.37
24,16/07/2017,1.35,conventional,2017,BuffaloRochester,144761.54
25,9/07/2017,1.31,conventional,2017,BuffaloRochester,166851.73
26,2/07/2017,1.34,conventional,2017,BuffaloRochester,144309.09
27,25/06/2017,1.46,conventional,2017,BuffaloRochester,115902.44
28,18/06/2017,1.5,conventional,2017,BuffaloRochester,129734.97
29,11/06/2017,1.62,conventional,2017,BuffaloRochester,114081.68
30,4/06/2017,1.6,conventional,2017,BuffaloRochester,145203.51
31,28/05/2017,1.64,conventional,2017,BuffaloRochester,160484.02
32,21/05/2017,1.71,conventional,2017,BuffaloRochester,139635.02
33,14/05/2017,1.55,conventional,2017,BuffaloRochester,152142.57
34,7/05/2017,1.71,conventional,2017,BuffaloRochester,174746.25
35,30/04/2017,1.54,conventional,2017,BuffaloRochester,178864.17
36,23/04/2017,1.55,conventional,2017,BuffaloRochester,147244.2
37,16/04/2017,1.54,conventional,2017,BuffaloRochester,166089.23
38,9/04/2017,1.56,conventional,2017,BuffaloRochester,172946.22
39,2/04/2017,1.54,conventional,2017,BuffaloRochester,167364.95
40,26/03/2017,1.53,conventional,2017,BuffaloRochester,156787.69
41,19/03/2017,1.54,conventional,2017,BuffaloRochester,151459.46
42,12/03/2017,1.48,conventional,2017,BuffaloRochester,165974.96
43,5/03/2017,1.68,conventional,2017,BuffaloRochester,140468.86
44,26/02/2017,1.69,conventional,2017,BuffaloRochester,122294.43
45,19/02/2017,1.68,conventional,2017,BuffaloRochester,109808.8
46,12/02/2017,1.56,conventional,2017,BuffaloRochester,135286.7
47,5/02/2017,1.4,conventional,2017,BuffaloRochester,188582.23
48,29/01/2017,1.37,conventional,2017,BuffaloRochester,163136.7
49,22/01/2017,1.34,conventional,2017,BuffaloRochester,160924.52
50,15/01/2017,1.29,conventional,2017,BuffaloRochester,168230.55
51,8/01/2017,1.37,conventional,2017,BuffaloRochester,158267.23
52,1/01/2017,1.43,conventional,2017,BuffaloRochester,105349.04
