avocado.csv
Index,Date,Average Price,Type,Year,Region,Total Volume
0,27/12/2015,0.9,conventional,2015,California,5040365.47
1,20/12/2015,0.94,conventional,2015,California,4695737.21
2,13/12/2015,0.87,conventional,2015,California,5259354.3
3,6/12/2015,0.78,conventional,2015,California,5775536.27
4,29/11/2015,0.91,conventional,2015,California,4575710.62
5,22/11/2015,0.92,conventional,2015,California,4804278.16
6,15/11/2015,0.83,conventional,2015,California,5755190.69
7,8/11/2015,0.98,conventional,2015,California,5148983.51
8,1/11/2015,0.95,conventional,2015,California,5830427.96
9,25/10/2015,1.12,conventional,2015,California,4592461.81
10,18/10/2015,1.07,conventional,2015,California,4999031.79
11,11/10/2015,1.08,conventional,2015,California,5063309.38
12,4/10/2015,1.02,conventional,2015,California,4943781.29
13,27/09/2015,1.04,conventional,2015,California,5216784.63
14,20/09/2015,1.14,conventional,2015,California,4759791.13
15,13/09/2015,1.13,conventional,2015,California,5106508.12
16,6/09/2015,1.09,conventional,2015,California,5806392.78
17,30/08/2015,1.08,conventional,2015,California,5647385.15
18,23/08/2015,1.18,conventional,2015,California,5193221
19,16/08/2015,1.11,conventional,2015,California,5616434.08
20,9/08/2015,1.1,conventional,2015,California,6232081.27
21,2/08/2015,1.16,conventional,2015,California,5428238.87
22,26/07/2015,1.13,conventional,2015,California,5557616.27
23,19/07/2015,1.18,conventional,2015,California,5225200.52
24,12/07/2015,1.13,conventional,2015,California,5451636.92
25,5/07/2015,1.12,conventional,2015,California,6718011.83
26,28/06/2015,1.1,conventional,2015,California,5641742.02
27,21/06/2015,1.07,conventional,2015,California,5952597.29
28,14/06/2015,0.97,conventional,2015,California,6741662.31
29,7/06/2015,0.98,conventional,2015,California,6374842.9
30,31/05/2015,0.98,conventional,2015,California,6236903.31
31,24/05/2015,1.1,conventional,2015,California,5621713.64
32,17/05/2015,1.08,conventional,2015,California,5289138.5
33,10/05/2015,0.93,conventional,2015,California,6650357.96
34,3/05/2015,0.88,conventional,2015,California,8567534.49
35,26/04/2015,1.15,conventional,2015,California,4923565.04
36,19/04/2015,1.05,conventional,2015,California,5871080.81
37,12/04/2015,1.06,conventional,2015,California,5636644.51
38,5/04/2015,1.12,conventional,2015,California,5467155.55
39,29/03/2015,1.1,conventional,2015,California,5341821.67
40,22/03/2015,1.06,conventional,2015,California,5571812.77
41,15/03/2015,1.06,conventional,2015,California,5557163.11
42,8/03/2015,0.96,conventional,2015,California,5990243.89
43,1/03/2015,0.84,conventional,2015,California,6700134.25
44,22/02/2015,0.96,conventional,2015,California,5951871.32
45,15/02/2015,0.96,conventional,2015,California,5699944.93
46,8/02/2015,0.91,conventional,2015,California,5871224.58
47,1/02/2015,0.85,conventional,2015,California,9032180.67
48,25/01/2015,1.06,conventional,2015,California,4929884.26
49,18/01/2015,1.02,conventional,2015,California,5570915.26
50,11/01/2015,0.92,conventional,2015,California,6024932.34
51,4/01/2015,0.93,conventional,2015,California,5777334.9
0,25/12/2016,0.94,conventional,2016,California,5414937.46
1,18/12/2016,0.95,conventional,2016,California,4922621.54
2,11/12/2016,0.9,conventional,2016,California,5526646.12
3,4/12/2016,0.98,conventional,2016,California,5062952.53
4,27/11/2016,1.21,conventional,2016,California,4185900.67
5,20/11/2016,1.32,conventional,2016,California,4253815.59
6,13/11/2016,1.48,conventional,2016,California,3848128.2
7,6/11/2016,1.68,conventional,2016,California,3395058.42
8,30/10/2016,1.68,conventional,2016,California,3139833.5
9,23/10/2016,1.39,conventional,2016,California,3899040.66
10,16/10/2016,1.4,conventional,2016,California,4878037.64
11,9/10/2016,1.34,conventional,2016,California,5375978.5
12,2/10/2016,1.19,conventional,2016,California,5652496.31
13,25/09/2016,1.15,conventional,2016,California,6075588.68
14,18/09/2016,1.22,conventional,2016,California,5471565.28
15,11/09/2016,1.12,conventional,2016,California,6059764.51
16,4/09/2016,1.08,conventional,2016,California,6681646.14
17,28/08/2016,0.99,conventional,2016,California,6696300.05
18,21/08/2016,1.05,conventional,2016,California,6308000.34
19,14/08/2016,1.07,conventional,2016,California,6538335.89
20,7/08/2016,1.17,conventional,2016,California,6144827.51
21,31/07/2016,1.22,conventional,2016,California,5947160.29
22,24/07/2016,1.2,conventional,2016,California,6104047.38
23,17/07/2016,1.14,conventional,2016,California,6200613.68
24,10/07/2016,1.08,conventional,2016,California,6721690.88
25,3/07/2016,1.1,conventional,2016,California,7087455.16
26,26/06/2016,1.03,conventional,2016,California,6407277.49
27,19/06/2016,1.06,conventional,2016,California,6528056.18
28,12/06/2016,1.01,conventional,2016,California,6506234.86
29,5/06/2016,0.94,conventional,2016,California,7365675.31
30,29/05/2016,0.98,conventional,2016,California,6700986.44
31,22/05/2016,0.9,conventional,2016,California,6501981.08
32,15/05/2016,0.97,conventional,2016,California,6068872.71
33,8/05/2016,0.79,conventional,2016,California,7808461.74
34,1/05/2016,0.75,conventional,2016,California,7661483.37
35,24/04/2016,0.84,conventional,2016,California,6933382.4
36,17/04/2016,0.93,conventional,2016,California,6397813.48
37,10/04/2016,0.94,conventional,2016,California,6509000.56
38,3/04/2016,0.93,conventional,2016,California,6060843.76
39,27/03/2016,0.93,conventional,2016,California,6603707.93
40,20/03/2016,0.91,conventional,2016,California,6476206.54
41,13/03/2016,0.96,conventional,2016,California,6017563.88
42,6/03/2016,0.92,conventional,2016,California,6429870.23
43,28/02/2016,0.89,conventional,2016,California,6588277.7
44,21/02/2016,0.89,conventional,2016,California,6374019.03
45,14/02/2016,0.82,conventional,2016,California,6807283.15
46,7/02/2016,0.7,conventional,2016,California,10361698.17
47,31/01/2016,0.88,conventional,2016,California,6506673.96
48,24/01/2016,0.88,conventional,2016,California,6246380.73
49,17/01/2016,0.9,conventional,2016,California,6000013.23
50,10/01/2016,0.87,conventional,2016,California,6303406.82
51,3/01/2016,0.73,conventional,2016,California,7730431.28
0,31/12/2017,0.93,conventional,2017,California,7132711.23
1,24/12/2017,1.13,conventional,2017,California,5346535.57
2,17/12/2017,0.98,conventional,2017,California,6205211.05
3,10/12/2017,1.06,conventional,2017,California,5715712.21
4,3/12/2017,1.09,conventional,2017,California,5544556
5,26/11/2017,1.3,conventional,2017,California,4392810
6,19/11/2017,1.26,conventional,2017,California,4782021
7,12/11/2017,1.15,conventional,2017,California,5637795
8,5/11/2017,1.15,conventional,2017,California,5663438.53
9,29/10/2017,1.2,conventional,2017,California,5714676.89
10,22/10/2017,1.53,conventional,2017,California,4420877.4
11,15/10/2017,1.68,conventional,2017,California,4066640.98
12,8/10/2017,1.74,conventional,2017,California,4151444.41
13,1/10/2017,1.77,conventional,2017,California,3870633.16
14,24/09/2017,1.74,conventional,2017,California,3937000.67
15,17/09/2017,1.72,conventional,2017,California,4167531.38
16,10/09/2017,1.71,conventional,2017,California,4380657.13
17,3/09/2017,1.65,conventional,2017,California,4648718.22
18,27/08/2017,1.78,conventional,2017,California,4360013.67
19,20/08/2017,1.64,conventional,2017,California,4524974.68
20,13/08/2017,1.26,conventional,2017,California,5862368.39
21,6/08/2017,1.36,conventional,2017,California,5655955.05
22,30/07/2017,1.38,conventional,2017,California,5571000.96
23,23/07/2017,1.46,conventional,2017,California,5188483.1
24,16/07/2017,1.49,conventional,2017,California,5405190.35
25,9/07/2017,1.28,conventional,2017,California,6499668.48
26,2/07/2017,1.28,conventional,2017,California,6607292.61
27,25/06/2017,1.15,conventional,2017,California,6999255.87
28,18/06/2017,1.2,conventional,2017,California,6599048.85
29,11/06/2017,1.22,conventional,2017,California,6177216.24
30,4/06/2017,1.2,conventional,2017,California,6507093.57
31,28/05/2017,1.32,conventional,2017,California,6160751.92
32,21/05/2017,1.35,conventional,2017,California,5599003.03
33,14/05/2017,1.17,conventional,2017,California,6370622.3
34,7/05/2017,1.08,conventional,2017,California,7872203.23
35,30/04/2017,1.25,conventional,2017,California,5889669.2
36,23/04/2017,1.26,conventional,2017,California,5637299.78
37,16/04/2017,1.34,conventional,2017,California,5442086.44
38,9/04/2017,1.13,conventional,2017,California,6249182.98
39,2/04/2017,1.22,conventional,2017,California,5719811.06
40,26/03/2017,1.33,conventional,2017,California,5073070.91
41,19/03/2017,1.31,conventional,2017,California,5328958.01
42,12/03/2017,1.31,conventional,2017,California,5208101.86
43,5/03/2017,1.15,conventional,2017,California,5634150.07
44,26/02/2017,0.95,conventional,2017,California,6342089.92
45,19/02/2017,0.95,conventional,2017,California,6194368.66
46,12/02/2017,0.79,conventional,2017,California,6862176.64
47,5/02/2017,0.67,conventional,2017,California,11213596.29
48,29/01/2017,0.76,conventional,2017,California,8055482.07
49,22/01/2017,0.76,conventional,2017,California,8153340.48
50,15/01/2017,0.93,conventional,2017,California,6656554.36
51,8/01/2017,1,conventional,2017,California,6653048.21
52,1/01/2017,0.89,conventional,2017,California,7175276.66
