avocado.csv
Index,Date,Average Price,Type,Year,Region,Total Volume
0,27/12/2015,0.96,conventional,2015,Charlotte,156698.24
1,20/12/2015,0.98,conventional,2015,Charlotte,139917.89
2,13/12/2015,0.95,conventional,2015,Charlotte,157146.19
3,6/12/2015,0.99,conventional,2015,Charlotte,156114.08
4,29/11/2015,0.95,conventional,2015,Charlotte,138858.86
5,22/11/2015,1,conventional,2015,Charlotte,133618.33
6,15/11/2015,1.01,conventional,2015,Charlotte,169281.16
7,8/11/2015,1.03,conventional,2015,Charlotte,164322.04
8,1/11/2015,1.11,conventional,2015,Charlotte,171793.87
9,25/10/2015,1.27,conventional,2015,Charlotte,140920.61
10,18/10/2015,1.26,conventional,2015,Charlotte,156565.98
11,11/10/2015,1.14,conventional,2015,Charlotte,167396.56
12,4/10/2015,1.22,conventional,2015,Charlotte,146737.74
13,27/09/2015,1.09,conventional,2015,Charlotte,168780.22
14,20/09/2015,1.2,conventional,2015,Charlotte,161443.98
15,13/09/2015,1.19,conventional,2015,Charlotte,171077.53
16,6/09/2015,1.01,conventional,2015,Charlotte,227728.43
17,30/08/2015,1.2,conventional,2015,Charlotte,179026.88
18,23/08/2015,1.15,conventional,2015,Charlotte,203298.37
19,16/08/2015,1.24,conventional,2015,Charlotte,178525.52
20,9/08/2015,1.21,conventional,2015,Charlotte,173059.32
21,2/08/2015,1.24,conventional,2015,Charlotte,179321.9
22,26/07/2015,1.23,conventional,2015,Charlotte,173896.82
23,19/07/2015,1.19,conventional,2015,Charlotte,187575.03
24,12/07/2015,1.18,conventional,2015,Charlotte,182856.82
25,5/07/2015,1.18,conventional,2015,Charlotte,216118.9
26,28/06/2015,1.17,conventional,2015,Charlotte,193654.01
27,21/06/2015,1.17,conventional,2015,Charlotte,201173.1
28,14/06/2015,1.15,conventional,2015,Charlotte,207093.88
29,7/06/2015,1.15,conventional,2015,Charlotte,199980.3
30,31/05/2015,1.19,conventional,2015,Charlotte,194630.86
31,24/05/2015,1.2,conventional,2015,Charlotte,212527.72
32,17/05/2015,1.21,conventional,2015,Charlotte,190799.99
33,10/05/2015,1.19,conventional,2015,Charlotte,192767.09
34,3/05/2015,1,conventional,2015,Charlotte,261492.2
35,26/04/2015,1.2,conventional,2015,Charlotte,182141.55
36,19/04/2015,1.18,conventional,2015,Charlotte,180944.22
37,12/04/2015,1.17,conventional,2015,Charlotte,204005.24
38,5/04/2015,1.19,conventional,2015,Charlotte,177919.28
39,29/03/2015,1.23,conventional,2015,Charlotte,178788.49
40,22/03/2015,1.19,conventional,2015,Charlotte,182876.15
41,15/03/2015,1.19,conventional,2015,Charlotte,183944.05
42,8/03/2015,1.25,conventional,2015,Charlotte,159386.69
43,1/03/2015,1.18,conventional,2015,Charlotte,176146.34
44,22/02/2015,1.08,conventional,2015,Charlotte,201741.43
45,15/02/2015,1.22,conventional,2015,Charlotte,156798.51
46,8/02/2015,1.17,conventional,2015,Charlotte,150139.38
47,1/02/2015,0.98,conventional,2015,Charlotte,254009.7
48,25/01/2015,1.18,conventional,2015,Charlotte,167270.13
49,18/01/2015,1.25,conventional,2015,Charlotte,152671.15
50,11/01/2015,1.26,conventional,2015,Charlotte,159942.68
51,4/01/2015,1.19,conventional,2015,Charlotte,166006.29
0,25/12/2016,1.25,conventional,2016,Charlotte,155793.03
1,18/12/2016,1.24,conventional,2016,Charlotte,144634.01
2,11/12/2016,1.33,conventional,2016,Charlotte,145815.04
3,4/12/2016,1.34,conventional,2016,Charlotte,154742.81
4,27/11/2016,1.54,conventional,2016,Charlotte,131453.85
5,20/11/2016,1.57,conventional,2016,Charlotte,135608.11
6,13/11/2016,1.64,conventional,2016,Charlotte,144089.12
7,6/11/2016,1.57,conventional,2016,Charlotte,142095.92
8,30/10/2016,1.58,conventional,2016,Charlotte,142955.49
9,23/10/2016,1.52,conventional,2016,Charlotte,167741.27
10,16/10/2016,1.39,conventional,2016,Charlotte,190846.01
11,9/10/2016,1.51,conventional,2016,Charlotte,178235.75
12,2/10/2016,1.48,conventional,2016,Charlotte,178410.82
13,25/09/2016,1.47,conventional,2016,Charlotte,189131.52
14,18/09/2016,1.43,conventional,2016,Charlotte,182978.3
15,11/09/2016,1.42,conventional,2016,Charlotte,180989.26
16,4/09/2016,1.33,conventional,2016,Charlotte,204963.95
17,28/08/2016,1.4,conventional,2016,Charlotte,187984.8
18,21/08/2016,1.38,conventional,2016,Charlotte,193592.65
19,14/08/2016,1.4,conventional,2016,Charlotte,195250.96
20,7/08/2016,1.43,conventional,2016,Charlotte,196381.45
21,31/07/2016,1.48,conventional,2016,Charlotte,187969.31
22,24/07/2016,1.46,conventional,2016,Charlotte,193909.36
23,17/07/2016,1.43,conventional,2016,Charlotte,196466.9
24,10/07/2016,1.26,conventional,2016,Charlotte,233262.16
25,3/07/2016,1.2,conventional,2016,Charlotte,233543.59
26,26/06/2016,1.28,conventional,2016,Charlotte,200520.74
27,19/06/2016,1.21,conventional,2016,Charlotte,238720.78
28,12/06/2016,1.25,conventional,2016,Charlotte,209095.62
29,5/06/2016,1.25,conventional,2016,Charlotte,209797.27
30,29/05/2016,1.21,conventional,2016,Charlotte,235009.02
31,22/05/2016,1.26,conventional,2016,Charlotte,203492.89
32,15/05/2016,1.12,conventional,2016,Charlotte,215807.01
33,8/05/2016,1.05,conventional,2016,Charlotte,253622.75
34,1/05/2016,1.04,conventional,2016,Charlotte,249786.11
35,24/04/2016,1.12,conventional,2016,Charlotte,217385.39
36,17/04/2016,1.14,conventional,2016,Charlotte,212440.76
37,10/04/2016,1.1,conventional,2016,Charlotte,210587.77
38,3/04/2016,1.12,conventional,2016,Charlotte,192341.67
39,27/03/2016,1.14,conventional,2016,Charlotte,189944.6
40,20/03/2016,1.15,conventional,2016,Charlotte,205367.45
41,13/03/2016,1.05,conventional,2016,Charlotte,236131.07
42,6/03/2016,1.09,conventional,2016,Charlotte,208506.12
43,28/02/2016,1.05,conventional,2016,Charlotte,215161.41
44,21/02/2016,1.07,conventional,2016,Charlotte,193132.2
45,14/02/2016,1,conventional,2016,Charlotte,204110.86
46,7/02/2016,0.8,conventional,2016,Charlotte,325941.39
47,31/01/2016,0.95,conventional,2016,Charlotte,214135.89
48,24/01/2016,0.92,conventional,2016,Charlotte,207961.33
49,17/01/2016,0.98,conventional,2016,Charlotte,206778.29
50,10/01/2016,0.95,conventional,2016,Charlotte,196216.36
51,3/01/2016,0.96,conventional,2016,Charlotte,203961.88
0,31/12/2017,0.93,conventional,2017,Charlotte,346356.5
1,24/12/2017,1.33,conventional,2017,Charlotte,182537.83
2,17/12/2017,1.26,conventional,2017,Charlotte,189529.04
3,10/12/2017,1.02,conventional,2017,Charlotte,277528.93
4,3/12/2017,1.26,conventional,2017,Charlotte,220837
5,26/11/2017,1.4,conventional,2017,Charlotte,170412
6,19/11/2017,1.4,conventional,2017,Charlotte,179011
7,12/11/2017,1.44,conventional,2017,Charlotte,190445
8,5/11/2017,1.47,conventional,2017,Charlotte,187381.18
9,29/10/2017,1.49,conventional,2017,Charlotte,183224.98
10,22/10/2017,1.64,conventional,2017,Charlotte,168237.31
11,15/10/2017,1.7,conventional,2017,Charlotte,175323.3
12,8/10/2017,1.77,conventional,2017,Charlotte,178991.71
13,1/10/2017,1.76,conventional,2017,Charlotte,180280.25
14,24/09/2017,1.72,conventional,2017,Charlotte,186923.93
15,17/09/2017,1.61,conventional,2017,Charlotte,192447.11
16,10/09/2017,1.69,conventional,2017,Charlotte,187822.6
17,3/09/2017,1.65,conventional,2017,Charlotte,200900.91
18,27/08/2017,1.58,conventional,2017,Charlotte,208438.23
19,20/08/2017,1.52,conventional,2017,Charlotte,212479.12
20,13/08/2017,1.47,conventional,2017,Charlotte,209771.02
21,6/08/2017,1.43,conventional,2017,Charlotte,206493.73
22,30/07/2017,1.4,conventional,2017,Charlotte,212607.67
23,23/07/2017,1.39,conventional,2017,Charlotte,215463.51
24,16/07/2017,1.38,conventional,2017,Charlotte,209534.16
25,9/07/2017,1.32,conventional,2017,Charlotte,222027.09
26,2/07/2017,1.36,conventional,2017,Charlotte,224816.41
27,25/06/2017,1.33,conventional,2017,Charlotte,211639.6
28,18/06/2017,1.43,conventional,2017,Charlotte,201837.88
29,11/06/2017,1.38,conventional,2017,Charlotte,224288.57
30,4/06/2017,1.49,conventional,2017,Charlotte,226422.86
31,28/05/2017,1.5,conventional,2017,Charlotte,237363.56
32,21/05/2017,1.5,conventional,2017,Charlotte,227842.05
33,14/05/2017,1.41,conventional,2017,Charlotte,224626.96
34,7/05/2017,1.36,conventional,2017,Charlotte,303551.54
35,30/04/2017,1.53,conventional,2017,Charlotte,235698.79
36,23/04/2017,1.5,conventional,2017,Charlotte,220970.07
37,16/04/2017,1.56,conventional,2017,Charlotte,203220.34
38,9/04/2017,1.54,conventional,2017,Charlotte,201298.91
39,2/04/2017,1.48,conventional,2017,Charlotte,231427.69
40,26/03/2017,1.48,conventional,2017,Charlotte,225271.53
41,19/03/2017,1.47,conventional,2017,Charlotte,206732.76
42,12/03/2017,1.55,conventional,2017,Charlotte,207026.03
43,5/03/2017,1.41,conventional,2017,Charlotte,202553.07
44,26/02/2017,1.26,conventional,2017,Charlotte,241552.96
45,19/02/2017,1.33,conventional,2017,Charlotte,198557.9
46,12/02/2017,1.25,conventional,2017,Charlotte,206762.31
47,5/02/2017,0.95,conventional,2017,Charlotte,359702.04
48,29/01/2017,1.33,conventional,2017,Charlotte,213609.12
49,22/01/2017,1.18,conventional,2017,Charlotte,247754.7
50,15/01/2017,1.37,conventional,2017,Charlotte,196897.85
51,8/01/2017,1.28,conventional,2017,Charlotte,219338.92
52,1/01/2017,1.21,conventional,2017,Charlotte,217051.5
0,27/12/2015,0.93,conventional,2015,Chicago,661137.13
1,20/12/2015,0.91,conventional,2015,Chicago,690669.34
2,13/12/2015,1.07,conventional,2015,Chicago,668601.5
3,6/12/2015,1.14,conventional,2015,Chicago,664020.49
4,29/11/2015,1.11,conventional,2015,Chicago,602481.22
5,22/11/2015,0.94,conventional,2015,Chicago,751897.89
6,15/11/2015,1.17,conventional,2015,Chicago,641881.96
7,8/11/2015,1.01,conventional,2015,Chicago,711146.61
8,1/11/2015,1,conventional,2015,Chicago,807041.46
9,25/10/2015,1.12,conventional,2015,Chicago,687650.27
10,18/10/2015,1.15,conventional,2015,Chicago,690302.58
11,11/10/2015,1.08,conventional,2015,Chicago,708914.17
12,4/10/2015,1.18,conventional,2015,Chicago,675172.63
13,27/09/2015,1.15,conventional,2015,Chicago,720501.55
14,20/09/2015,1.19,conventional,2015,Chicago,729117.42
15,13/09/2015,1.19,conventional,2015,Chicago,775671.49
16,6/09/2015,1.11,conventional,2015,Chicago,808677.78
17,30/08/2015,1.12,conventional,2015,Chicago,773773.53
18,23/08/2015,1.2,conventional,2015,Chicago,751850.01
19,16/08/2015,1.16,conventional,2015,Chicago,817690.89
20,9/08/2015,1.25,conventional,2015,Chicago,731125.01
21,2/08/2015,1.27,conventional,2015,Chicago,761027.42
22,26/07/2015,1.12,conventional,2015,Chicago,791332.34
23,19/07/2015,1.24,conventional,2015,Chicago,797060.27
24,12/07/2015,1.26,conventional,2015,Chicago,772151.2
25,5/07/2015,1.24,conventional,2015,Chicago,937317.45
26,28/06/2015,1.21,conventional,2015,Chicago,786250.22
27,21/06/2015,1.24,conventional,2015,Chicago,804902.52
28,14/06/2015,1.21,conventional,2015,Chicago,868197.41
29,7/06/2015,1.24,conventional,2015,Chicago,824216.23
30,31/05/2015,1.26,conventional,2015,Chicago,803571.87
31,24/05/2015,1.23,conventional,2015,Chicago,887105.04
32,17/05/2015,1.23,conventional,2015,Chicago,817870.17
33,10/05/2015,1.23,conventional,2015,Chicago,835938.63
34,3/05/2015,1.04,conventional,2015,Chicago,978376.13
35,26/04/2015,1.24,conventional,2015,Chicago,779868.01
36,19/04/2015,1.24,conventional,2015,Chicago,832529.06
37,12/04/2015,1.24,conventional,2015,Chicago,710718.98
38,5/04/2015,1.27,conventional,2015,Chicago,751812.42
39,29/03/2015,1.22,conventional,2015,Chicago,757271.96
40,22/03/2015,1.21,conventional,2015,Chicago,799946.53
41,15/03/2015,1.09,conventional,2015,Chicago,827010.39
42,8/03/2015,1.18,conventional,2015,Chicago,772997.09
43,1/03/2015,1.09,conventional,2015,Chicago,863391.73
44,22/02/2015,1.18,conventional,2015,Chicago,773078.09
45,15/02/2015,1.17,conventional,2015,Chicago,726401.24
46,8/02/2015,1.13,conventional,2015,Chicago,729325.61
47,1/02/2015,0.91,conventional,2015,Chicago,1133491.66
48,25/01/2015,1.22,conventional,2015,Chicago,745439.17
49,18/01/2015,1.14,conventional,2015,Chicago,797741.43
50,11/01/2015,1.15,conventional,2015,Chicago,802874.94
51,4/01/2015,1.11,conventional,2015,Chicago,783068.03
0,25/12/2016,1.22,conventional,2016,Chicago,616653.72
1,18/12/2016,1.18,conventional,2016,Chicago,631117.18
2,11/12/2016,1.09,conventional,2016,Chicago,734954.21
3,4/12/2016,1.27,conventional,2016,Chicago,624751.15
4,27/11/2016,1.1,conventional,2016,Chicago,581638.75
5,20/11/2016,1.13,conventional,2016,Chicago,694873.06
6,13/11/2016,1.82,conventional,2016,Chicago,436710.91
7,6/11/2016,2.07,conventional,2016,Chicago,376476.71
8,30/10/2016,2.07,conventional,2016,Chicago,375213.57
9,23/10/2016,1.84,conventional,2016,Chicago,431274.2
10,16/10/2016,1.8,conventional,2016,Chicago,523682.5
11,9/10/2016,1.82,conventional,2016,Chicago,515146.04
12,2/10/2016,1.83,conventional,2016,Chicago,509215.79
13,25/09/2016,1.8,conventional,2016,Chicago,553863.82
14,18/09/2016,1.7,conventional,2016,Chicago,600389.56
15,11/09/2016,1.67,conventional,2016,Chicago,635036.01
16,4/09/2016,1.6,conventional,2016,Chicago,670453.42
17,28/08/2016,1.6,conventional,2016,Chicago,621715.78
18,21/08/2016,1.63,conventional,2016,Chicago,628099.41
19,14/08/2016,1.67,conventional,2016,Chicago,626086.69
20,7/08/2016,1.68,conventional,2016,Chicago,644670.46
21,31/07/2016,1.68,conventional,2016,Chicago,614939.39
22,24/07/2016,1.66,conventional,2016,Chicago,658913.69
23,17/07/2016,1.51,conventional,2016,Chicago,717279.19
24,10/07/2016,1.53,conventional,2016,Chicago,712080.66
25,3/07/2016,1.23,conventional,2016,Chicago,974278.32
26,26/06/2016,1.18,conventional,2016,Chicago,860170.92
27,19/06/2016,1.2,conventional,2016,Chicago,882074.39
28,12/06/2016,1.3,conventional,2016,Chicago,770843.17
29,5/06/2016,1.2,conventional,2016,Chicago,885602.82
30,29/05/2016,1.15,conventional,2016,Chicago,958566.68
31,22/05/2016,1.11,conventional,2016,Chicago,903864.9
32,15/05/2016,1.04,conventional,2016,Chicago,930403.37
33,8/05/2016,0.97,conventional,2016,Chicago,974740.13
34,1/05/2016,1,conventional,2016,Chicago,890281.5
35,24/04/2016,1.08,conventional,2016,Chicago,879308.05
36,17/04/2016,1.08,conventional,2016,Chicago,913421.8
37,10/04/2016,1.11,conventional,2016,Chicago,770661.72
38,3/04/2016,1.15,conventional,2016,Chicago,712210.03
39,27/03/2016,0.9,conventional,2016,Chicago,865585.06
40,20/03/2016,1.11,conventional,2016,Chicago,770557.34
41,13/03/2016,1,conventional,2016,Chicago,823796.56
42,6/03/2016,1.13,conventional,2016,Chicago,809325.93
43,28/02/2016,1.15,conventional,2016,Chicago,780951.86
44,21/02/2016,1.09,conventional,2016,Chicago,752336.04
45,14/02/2016,1,conventional,2016,Chicago,803120.71
46,7/02/2016,0.82,conventional,2016,Chicago,1134049.22
47,31/01/2016,1.12,conventional,2016,Chicago,774091.49
48,24/01/2016,1.01,conventional,2016,Chicago,794029.7
49,17/01/2016,1.11,conventional,2016,Chicago,778412.5
50,10/01/2016,1.08,conventional,2016,Chicago,844277.25
51,3/01/2016,0.93,conventional,2016,Chicago,1009667.15
0,31/12/2017,0.93,conventional,2017,Chicago,1182647.5
1,24/12/2017,1.36,conventional,2017,Chicago,707646.11
2,17/12/2017,1.49,conventional,2017,Chicago,620053.78
3,10/12/2017,1.13,conventional,2017,Chicago,1021445.27
4,3/12/2017,1.56,conventional,2017,Chicago,654739
5,26/11/2017,1.7,conventional,2017,Chicago,506394
6,19/11/2017,1.71,conventional,2017,Chicago,555872
7,12/11/2017,1.78,conventional,2017,Chicago,541010
8,5/11/2017,1.77,conventional,2017,Chicago,538967.37
9,29/10/2017,1.94,conventional,2017,Chicago,551605.92
10,22/10/2017,2.06,conventional,2017,Chicago,519814.03
11,15/10/2017,2.11,conventional,2017,Chicago,546055.57
12,8/10/2017,2.22,conventional,2017,Chicago,516320.59
13,1/10/2017,2.14,conventional,2017,Chicago,537708.81
14,24/09/2017,2.07,conventional,2017,Chicago,551895.8
15,17/09/2017,2.15,conventional,2017,Chicago,553215.27
16,10/09/2017,2.02,conventional,2017,Chicago,590590.1
17,3/09/2017,2,conventional,2017,Chicago,614460.2
18,27/08/2017,1.93,conventional,2017,Chicago,624618.47
19,20/08/2017,1.88,conventional,2017,Chicago,674811.14
20,13/08/2017,1.89,conventional,2017,Chicago,640354.46
21,6/08/2017,1.72,conventional,2017,Chicago,692140.55
22,30/07/2017,1.62,conventional,2017,Chicago,735265.55
23,23/07/2017,1.59,conventional,2017,Chicago,752799.06
24,16/07/2017,1.54,conventional,2017,Chicago,801887.84
25,9/07/2017,1.54,conventional,2017,Chicago,880107.48
26,2/07/2017,1.45,conventional,2017,Chicago,943746.5
27,25/06/2017,1.44,conventional,2017,Chicago,868770.67
28,18/06/2017,1.53,conventional,2017,Chicago,862382.95
29,11/06/2017,1.6,conventional,2017,Chicago,807370.03
30,4/06/2017,1.64,conventional,2017,Chicago,776194.77
31,28/05/2017,1.63,conventional,2017,Chicago,781085.77
32,21/05/2017,1.64,conventional,2017,Chicago,764241.14
33,14/05/2017,1.6,conventional,2017,Chicago,792532.64
34,7/05/2017,1.51,conventional,2017,Chicago,976084.98
35,30/04/2017,1.62,conventional,2017,Chicago,787324.19
36,23/04/2017,1.63,conventional,2017,Chicago,719367.5
37,16/04/2017,1.65,conventional,2017,Chicago,742675.28
38,9/04/2017,1.65,conventional,2017,Chicago,699592.47
39,2/04/2017,1.65,conventional,2017,Chicago,676300.83
40,26/03/2017,1.64,conventional,2017,Chicago,656875.03
41,19/03/2017,1.64,conventional,2017,Chicago,678898.01
42,12/03/2017,1.66,conventional,2017,Chicago,665364.72
43,5/03/2017,1.62,conventional,2017,Chicago,680803.2
44,26/02/2017,1.61,conventional,2017,Chicago,674827.05
45,19/02/2017,1.27,conventional,2017,Chicago,728402.35
46,12/02/2017,1.05,conventional,2017,Chicago,874349.55
47,5/02/2017,0.7,conventional,2017,Chicago,1621253.97
48,29/01/2017,1.1,conventional,2017,Chicago,830499.38
49,22/01/2017,1.21,conventional,2017,Chicago,845065.66
50,15/01/2017,1.23,conventional,2017,Chicago,776820.81
51,8/01/2017,1.16,conventional,2017,Chicago,822522.24
52,1/01/2017,1.15,conventional,2017,Chicago,803348.87
