avocado.csv
Index,Date,Average Price,Type,Year,Region,Total Volume
0,27/12/2015,0.87,conventional,2015,CincinnatiDayton,162993.77
1,20/12/2015,0.85,conventional,2015,CincinnatiDayton,175425.57
2,13/12/2015,0.79,conventional,2015,CincinnatiDayton,207386.27
3,6/12/2015,0.83,conventional,2015,CincinnatiDayton,207513.04
4,29/11/2015,0.88,conventional,2015,CincinnatiDayton,141356.34
5,22/11/2015,0.89,conventional,2015,CincinnatiDayton,174892.99
6,15/11/2015,0.88,conventional,2015,CincinnatiDayton,193723.22
7,8/11/2015,0.87,conventional,2015,CincinnatiDayton,239070.13
8,1/11/2015,0.93,conventional,2015,CincinnatiDayton,254760.33
9,25/10/2015,1.01,conventional,2015,CincinnatiDayton,203681.71
10,18/10/2015,0.98,conventional,2015,CincinnatiDayton,186044.56
11,11/10/2015,0.91,conventional,2015,CincinnatiDayton,213527.77
12,4/10/2015,0.93,conventional,2015,CincinnatiDayton,235243.88
13,27/09/2015,1.08,conventional,2015,CincinnatiDayton,202012.62
14,20/09/2015,1.05,conventional,2015,CincinnatiDayton,210445.12
15,13/09/2015,1.05,conventional,2015,CincinnatiDayton,216548.9
16,6/09/2015,1.02,conventional,2015,CincinnatiDayton,232157.91
17,30/08/2015,1.01,conventional,2015,CincinnatiDayton,234132.09
18,23/08/2015,1.05,conventional,2015,CincinnatiDayton,208608.84
19,16/08/2015,1.01,conventional,2015,CincinnatiDayton,234349.47
20,9/08/2015,1.08,conventional,2015,CincinnatiDayton,214374.41
21,2/08/2015,1.09,conventional,2015,CincinnatiDayton,206121.36
22,26/07/2015,1.03,conventional,2015,CincinnatiDayton,216611.18
23,19/07/2015,1.06,conventional,2015,CincinnatiDayton,223479.02
24,12/07/2015,1.03,conventional,2015,CincinnatiDayton,218170.8
25,5/07/2015,1.03,conventional,2015,CincinnatiDayton,250626.33
26,28/06/2015,1.01,conventional,2015,CincinnatiDayton,225165.84
27,21/06/2015,1.02,conventional,2015,CincinnatiDayton,243012.2
28,14/06/2015,1.05,conventional,2015,CincinnatiDayton,229363.51
29,7/06/2015,1.07,conventional,2015,CincinnatiDayton,234981.67
30,31/05/2015,1.06,conventional,2015,CincinnatiDayton,222382.69
31,24/05/2015,1.1,conventional,2015,CincinnatiDayton,222390.09
32,17/05/2015,1.04,conventional,2015,CincinnatiDayton,234579.34
33,10/05/2015,1.06,conventional,2015,CincinnatiDayton,259598.76
34,3/05/2015,1.08,conventional,2015,CincinnatiDayton,238140.96
35,26/04/2015,1.06,conventional,2015,CincinnatiDayton,214469.51
36,19/04/2015,1.02,conventional,2015,CincinnatiDayton,226978.72
37,12/04/2015,1.02,conventional,2015,CincinnatiDayton,188937.83
38,5/04/2015,1.06,conventional,2015,CincinnatiDayton,196168.6
39,29/03/2015,0.95,conventional,2015,CincinnatiDayton,198365.16
40,22/03/2015,0.98,conventional,2015,CincinnatiDayton,212719.94
41,15/03/2015,0.94,conventional,2015,CincinnatiDayton,196008.57
42,8/03/2015,0.87,conventional,2015,CincinnatiDayton,219110.81
43,1/03/2015,0.89,conventional,2015,CincinnatiDayton,226951.64
44,22/02/2015,0.93,conventional,2015,CincinnatiDayton,183072.02
45,15/02/2015,0.94,conventional,2015,CincinnatiDayton,169950.37
46,8/02/2015,0.93,conventional,2015,CincinnatiDayton,186617.2
47,1/02/2015,0.86,conventional,2015,CincinnatiDayton,300905.18
48,25/01/2015,0.93,conventional,2015,CincinnatiDayton,213554.45
49,18/01/2015,0.93,conventional,2015,CincinnatiDayton,175681.09
50,11/01/2015,0.92,conventional,2015,CincinnatiDayton,201392.27
51,4/01/2015,0.88,conventional,2015,CincinnatiDayton,228569.58
0,25/12/2016,0.82,conventional,2016,CincinnatiDayton,276387.95
1,18/12/2016,0.99,conventional,2016,CincinnatiDayton,216881.3
2,11/12/2016,0.77,conventional,2016,CincinnatiDayton,268166.21
3,4/12/2016,0.7,conventional,2016,CincinnatiDayton,356617.38
4,27/11/2016,1.09,conventional,2016,CincinnatiDayton,183176.26
5,20/11/2016,0.98,conventional,2016,CincinnatiDayton,242174.1
6,13/11/2016,1.07,conventional,2016,CincinnatiDayton,249072.9
7,6/11/2016,1.08,conventional,2016,CincinnatiDayton,239233.63
8,30/10/2016,1.02,conventional,2016,CincinnatiDayton,241671.24
9,23/10/2016,0.96,conventional,2016,CincinnatiDayton,273804
10,16/10/2016,1.07,conventional,2016,CincinnatiDayton,246801.93
11,9/10/2016,1.01,conventional,2016,CincinnatiDayton,276819.57
12,2/10/2016,1.03,conventional,2016,CincinnatiDayton,280396.12
13,25/09/2016,1.09,conventional,2016,CincinnatiDayton,268805.44
14,18/09/2016,0.96,conventional,2016,CincinnatiDayton,288857.14
15,11/09/2016,1.04,conventional,2016,CincinnatiDayton,266719.89
16,4/09/2016,1.12,conventional,2016,CincinnatiDayton,252059.32
17,28/08/2016,1.13,conventional,2016,CincinnatiDayton,259143.06
18,21/08/2016,1.07,conventional,2016,CincinnatiDayton,256195.06
19,14/08/2016,1.03,conventional,2016,CincinnatiDayton,274249.98
20,7/08/2016,1.03,conventional,2016,CincinnatiDayton,266196.06
21,31/07/2016,1.07,conventional,2016,CincinnatiDayton,254689.93
22,24/07/2016,1.1,conventional,2016,CincinnatiDayton,264194.71
23,17/07/2016,1.05,conventional,2016,CincinnatiDayton,280542.19
24,10/07/2016,1.06,conventional,2016,CincinnatiDayton,266811.55
25,3/07/2016,0.84,conventional,2016,CincinnatiDayton,330182.4
26,26/06/2016,0.92,conventional,2016,CincinnatiDayton,280229.89
27,19/06/2016,0.91,conventional,2016,CincinnatiDayton,311127.56
28,12/06/2016,1.05,conventional,2016,CincinnatiDayton,237773.53
29,5/06/2016,0.85,conventional,2016,CincinnatiDayton,310345.06
30,29/05/2016,0.84,conventional,2016,CincinnatiDayton,268328.36
31,22/05/2016,0.82,conventional,2016,CincinnatiDayton,250387.73
32,15/05/2016,0.88,conventional,2016,CincinnatiDayton,250333.08
33,8/05/2016,0.86,conventional,2016,CincinnatiDayton,314243.15
34,1/05/2016,0.94,conventional,2016,CincinnatiDayton,233581
35,24/04/2016,0.94,conventional,2016,CincinnatiDayton,218247.37
36,17/04/2016,0.93,conventional,2016,CincinnatiDayton,228211.44
37,10/04/2016,0.89,conventional,2016,CincinnatiDayton,210309.77
38,3/04/2016,0.89,conventional,2016,CincinnatiDayton,191169.34
39,27/03/2016,0.9,conventional,2016,CincinnatiDayton,225485.9
40,20/03/2016,0.9,conventional,2016,CincinnatiDayton,224942.74
41,13/03/2016,0.88,conventional,2016,CincinnatiDayton,210904.76
42,6/03/2016,0.85,conventional,2016,CincinnatiDayton,234512.25
43,28/02/2016,0.87,conventional,2016,CincinnatiDayton,227593.54
44,21/02/2016,0.86,conventional,2016,CincinnatiDayton,190349.58
45,14/02/2016,0.86,conventional,2016,CincinnatiDayton,229211.34
46,7/02/2016,0.81,conventional,2016,CincinnatiDayton,302337.87
47,31/01/2016,0.94,conventional,2016,CincinnatiDayton,203005.7
48,24/01/2016,0.89,conventional,2016,CincinnatiDayton,252317.23
49,17/01/2016,0.86,conventional,2016,CincinnatiDayton,228860.79
50,10/01/2016,0.92,conventional,2016,CincinnatiDayton,218906.82
51,3/01/2016,0.9,conventional,2016,CincinnatiDayton,222534.76
0,31/12/2017,0.86,conventional,2017,CincinnatiDayton,278128.16
1,24/12/2017,1.36,conventional,2017,CincinnatiDayton,159238.4
2,17/12/2017,1.3,conventional,2017,CincinnatiDayton,169219.79
3,10/12/2017,1.16,conventional,2017,CincinnatiDayton,234296.59
4,3/12/2017,1.05,conventional,2017,CincinnatiDayton,302992
5,26/11/2017,1.23,conventional,2017,CincinnatiDayton,165103
6,19/11/2017,1.01,conventional,2017,CincinnatiDayton,247158
7,12/11/2017,0.9,conventional,2017,CincinnatiDayton,324830
8,5/11/2017,1.01,conventional,2017,CincinnatiDayton,320427.23
9,29/10/2017,1.42,conventional,2017,CincinnatiDayton,233003.46
10,22/10/2017,1.75,conventional,2017,CincinnatiDayton,181203.19
11,15/10/2017,1.81,conventional,2017,CincinnatiDayton,182274.57
12,8/10/2017,1.9,conventional,2017,CincinnatiDayton,170365.8
13,1/10/2017,1.86,conventional,2017,CincinnatiDayton,183683.68
14,24/09/2017,1.79,conventional,2017,CincinnatiDayton,182714.75
15,17/09/2017,1.79,conventional,2017,CincinnatiDayton,184434.69
16,10/09/2017,1.75,conventional,2017,CincinnatiDayton,210180.81
17,3/09/2017,1.72,conventional,2017,CincinnatiDayton,212627.84
18,27/08/2017,1.31,conventional,2017,CincinnatiDayton,253876.89
19,20/08/2017,1.15,conventional,2017,CincinnatiDayton,307618.14
20,13/08/2017,1.34,conventional,2017,CincinnatiDayton,261153.8
21,6/08/2017,1.46,conventional,2017,CincinnatiDayton,236484.9
22,30/07/2017,1.48,conventional,2017,CincinnatiDayton,213593.1
23,23/07/2017,1.47,conventional,2017,CincinnatiDayton,215667.84
24,16/07/2017,1.5,conventional,2017,CincinnatiDayton,218147.06
25,9/07/2017,1.09,conventional,2017,CincinnatiDayton,255253.55
26,2/07/2017,0.79,conventional,2017,CincinnatiDayton,336087.28
27,25/06/2017,0.8,conventional,2017,CincinnatiDayton,337211.8
28,18/06/2017,1.09,conventional,2017,CincinnatiDayton,281486.15
29,11/06/2017,0.87,conventional,2017,CincinnatiDayton,365008.71
30,4/06/2017,1,conventional,2017,CincinnatiDayton,337444.34
31,28/05/2017,0.96,conventional,2017,CincinnatiDayton,303442.79
32,21/05/2017,1,conventional,2017,CincinnatiDayton,260725.3
33,14/05/2017,0.76,conventional,2017,CincinnatiDayton,313988.97
34,7/05/2017,0.6,conventional,2017,CincinnatiDayton,538518.77
35,30/04/2017,1.1,conventional,2017,CincinnatiDayton,242716.93
36,23/04/2017,1.13,conventional,2017,CincinnatiDayton,205401.48
37,16/04/2017,1.06,conventional,2017,CincinnatiDayton,261398.15
38,9/04/2017,1.17,conventional,2017,CincinnatiDayton,215849.78
39,2/04/2017,1.01,conventional,2017,CincinnatiDayton,290569.6
40,26/03/2017,1.16,conventional,2017,CincinnatiDayton,221214.93
41,19/03/2017,0.95,conventional,2017,CincinnatiDayton,263837.93
42,12/03/2017,0.9,conventional,2017,CincinnatiDayton,284997.7
43,5/03/2017,0.78,conventional,2017,CincinnatiDayton,272988.49
44,26/02/2017,0.78,conventional,2017,CincinnatiDayton,282344.52
45,19/02/2017,0.7,conventional,2017,CincinnatiDayton,303146.46
46,12/02/2017,0.65,conventional,2017,CincinnatiDayton,320492.68
47,5/02/2017,0.65,conventional,2017,CincinnatiDayton,411450.85
48,29/01/2017,0.71,conventional,2017,CincinnatiDayton,325944.73
49,22/01/2017,0.69,conventional,2017,CincinnatiDayton,380429.31
50,15/01/2017,0.76,conventional,2017,CincinnatiDayton,346523.78
51,8/01/2017,0.82,conventional,2017,CincinnatiDayton,285027.21
52,1/01/2017,0.64,conventional,2017,CincinnatiDayton,329279.29
