avocado.csv
Index,Date,Average Price,Type,Year,Region,Total Volume
0,27/12/2015,0.99,conventional,2015,Columbus,107565.04
1,20/12/2015,1.03,conventional,2015,Columbus,117393.22
2,13/12/2015,1.03,conventional,2015,Columbus,124617.07
3,6/12/2015,0.99,conventional,2015,Columbus,137195.59
4,29/11/2015,1.03,conventional,2015,Columbus,97235.6
5,22/11/2015,1.04,conventional,2015,Columbus,115089.62
6,15/11/2015,0.99,conventional,2015,Columbus,117462.94
7,8/11/2015,0.95,conventional,2015,Columbus,152084.79
8,1/11/2015,0.99,conventional,2015,Columbus,135237.01
9,25/10/2015,1.04,conventional,2015,Columbus,119210.27
10,18/10/2015,0.98,conventional,2015,Columbus,137773.84
11,11/10/2015,0.9,conventional,2015,Columbus,145305.65
12,4/10/2015,0.93,conventional,2015,Columbus,134326.53
13,27/09/2015,1.02,conventional,2015,Columbus,137298.77
14,20/09/2015,1,conventional,2015,Columbus,165068.86
15,13/09/2015,1.02,conventional,2015,Columbus,169025.14
16,6/09/2015,1.04,conventional,2015,Columbus,144563.15
17,30/08/2015,1.03,conventional,2015,Columbus,147230.76
18,23/08/2015,1.08,conventional,2015,Columbus,130920.97
19,16/08/2015,1.03,conventional,2015,Columbus,155881.73
20,9/08/2015,1,conventional,2015,Columbus,167387.9
21,2/08/2015,1.05,conventional,2015,Columbus,148597.91
22,26/07/2015,1.02,conventional,2015,Columbus,159846.2
23,19/07/2015,1.05,conventional,2015,Columbus,159137.17
24,12/07/2015,1.04,conventional,2015,Columbus,143992.91
25,5/07/2015,0.98,conventional,2015,Columbus,173370.68
26,28/06/2015,0.94,conventional,2015,Columbus,159970.54
27,21/06/2015,0.99,conventional,2015,Columbus,164161.25
28,14/06/2015,1.01,conventional,2015,Columbus,171353.59
29,7/06/2015,1.03,conventional,2015,Columbus,187983.88
30,31/05/2015,1.1,conventional,2015,Columbus,143985.96
31,24/05/2015,1.01,conventional,2015,Columbus,171879.57
32,17/05/2015,1,conventional,2015,Columbus,180511.78
33,10/05/2015,1.1,conventional,2015,Columbus,162802.65
34,3/05/2015,0.99,conventional,2015,Columbus,176737.77
35,26/04/2015,1.02,conventional,2015,Columbus,161438.17
36,19/04/2015,1,conventional,2015,Columbus,172913.44
37,12/04/2015,1.07,conventional,2015,Columbus,129397.39
38,5/04/2015,1.09,conventional,2015,Columbus,126109.82
39,29/03/2015,0.96,conventional,2015,Columbus,139065.31
40,22/03/2015,0.94,conventional,2015,Columbus,182625.49
41,15/03/2015,1.01,conventional,2015,Columbus,149884.1
42,8/03/2015,0.95,conventional,2015,Columbus,141281.56
43,1/03/2015,1.03,conventional,2015,Columbus,136795.35
44,22/02/2015,1.09,conventional,2015,Columbus,114280.87
45,15/02/2015,1.05,conventional,2015,Columbus,106663.68
46,8/02/2015,0.96,conventional,2015,Columbus,128078.27
47,1/02/2015,0.87,conventional,2015,Columbus,216653.06
48,25/01/2015,1.08,conventional,2015,Columbus,116995.68
49,18/01/2015,1.02,conventional,2015,Columbus,116450.21
50,11/01/2015,0.97,conventional,2015,Columbus,125742.48
51,4/01/2015,0.89,conventional,2015,Columbus,158638.04
0,25/12/2016,1.07,conventional,2016,Columbus,136733.12
1,18/12/2016,1.06,conventional,2016,Columbus,131322.27
2,11/12/2016,0.98,conventional,2016,Columbus,144354.95
3,4/12/2016,0.84,conventional,2016,Columbus,237639.3
4,27/11/2016,1.1,conventional,2016,Columbus,134305.97
5,20/11/2016,1.33,conventional,2016,Columbus,117299.16
6,13/11/2016,1.38,conventional,2016,Columbus,116814.65
7,6/11/2016,1.41,conventional,2016,Columbus,114207.94
8,30/10/2016,1.1,conventional,2016,Columbus,138565.73
9,23/10/2016,1.11,conventional,2016,Columbus,156831.11
10,16/10/2016,1.31,conventional,2016,Columbus,123388.77
11,9/10/2016,1.33,conventional,2016,Columbus,120833.05
12,2/10/2016,1.3,conventional,2016,Columbus,123300.36
13,25/09/2016,1.14,conventional,2016,Columbus,151978.88
14,18/09/2016,1.07,conventional,2016,Columbus,167438.32
15,11/09/2016,1.06,conventional,2016,Columbus,177299.48
16,4/09/2016,1.06,conventional,2016,Columbus,161362.24
17,28/08/2016,1.07,conventional,2016,Columbus,168757.98
18,21/08/2016,1.2,conventional,2016,Columbus,154116.71
19,14/08/2016,1.17,conventional,2016,Columbus,166462.83
20,7/08/2016,1.18,conventional,2016,Columbus,164281.56
21,31/07/2016,1.21,conventional,2016,Columbus,153804.34
22,24/07/2016,1.15,conventional,2016,Columbus,173335.16
23,17/07/2016,1.18,conventional,2016,Columbus,160413.49
24,10/07/2016,1.06,conventional,2016,Columbus,170762.71
25,3/07/2016,0.94,conventional,2016,Columbus,234975.32
26,26/06/2016,1.04,conventional,2016,Columbus,201923.72
27,19/06/2016,1.13,conventional,2016,Columbus,172220.11
28,12/06/2016,1.13,conventional,2016,Columbus,163638.65
29,5/06/2016,1.07,conventional,2016,Columbus,175046.12
30,29/05/2016,0.93,conventional,2016,Columbus,201747.62
31,22/05/2016,0.83,conventional,2016,Columbus,210263.7
32,15/05/2016,0.84,conventional,2016,Columbus,202002
33,8/05/2016,0.9,conventional,2016,Columbus,201205.97
34,1/05/2016,0.71,conventional,2016,Columbus,224515.48
35,24/04/2016,0.72,conventional,2016,Columbus,242277.45
36,17/04/2016,0.97,conventional,2016,Columbus,172183.83
37,10/04/2016,0.96,conventional,2016,Columbus,135905.09
38,3/04/2016,0.95,conventional,2016,Columbus,147520.15
39,27/03/2016,1.01,conventional,2016,Columbus,153523.03
40,20/03/2016,1.04,conventional,2016,Columbus,152572.16
41,13/03/2016,1.05,conventional,2016,Columbus,140244.15
42,6/03/2016,0.95,conventional,2016,Columbus,173825.82
43,28/02/2016,1.03,conventional,2016,Columbus,154967.56
44,21/02/2016,1.05,conventional,2016,Columbus,126067.56
45,14/02/2016,0.91,conventional,2016,Columbus,173980.1
46,7/02/2016,0.81,conventional,2016,Columbus,233905.62
47,31/01/2016,0.92,conventional,2016,Columbus,173311.53
48,24/01/2016,0.89,conventional,2016,Columbus,213215.4
49,17/01/2016,1.03,conventional,2016,Columbus,134604.75
50,10/01/2016,0.97,conventional,2016,Columbus,163977.03
51,3/01/2016,0.91,conventional,2016,Columbus,192774.07
0,31/12/2017,0.8,conventional,2017,Columbus,221203.78
1,24/12/2017,1.06,conventional,2017,Columbus,140322.03
2,17/12/2017,1.03,conventional,2017,Columbus,162900.37
3,10/12/2017,1.1,conventional,2017,Columbus,149626.6
4,3/12/2017,0.99,conventional,2017,Columbus,194796
5,26/11/2017,1.04,conventional,2017,Columbus,126378
6,19/11/2017,0.97,conventional,2017,Columbus,169553
7,12/11/2017,0.97,conventional,2017,Columbus,196433
8,5/11/2017,0.96,conventional,2017,Columbus,222749.35
9,29/10/2017,1.22,conventional,2017,Columbus,165260.84
10,22/10/2017,1.55,conventional,2017,Columbus,111491.11
11,15/10/2017,1.71,conventional,2017,Columbus,109664.86
12,8/10/2017,1.83,conventional,2017,Columbus,103123.48
13,1/10/2017,1.72,conventional,2017,Columbus,118344.44
14,24/09/2017,1.69,conventional,2017,Columbus,120872.81
15,17/09/2017,1.7,conventional,2017,Columbus,120600.86
16,10/09/2017,1.68,conventional,2017,Columbus,135633.34
17,3/09/2017,1.62,conventional,2017,Columbus,127613.24
18,27/08/2017,1.26,conventional,2017,Columbus,176231.47
19,20/08/2017,1.23,conventional,2017,Columbus,211279.9
20,13/08/2017,1.52,conventional,2017,Columbus,151390.04
21,6/08/2017,1.21,conventional,2017,Columbus,194759.03
22,30/07/2017,1.22,conventional,2017,Columbus,170792.43
23,23/07/2017,1.39,conventional,2017,Columbus,137783.13
24,16/07/2017,1.36,conventional,2017,Columbus,150749.34
25,9/07/2017,0.95,conventional,2017,Columbus,240071.43
26,2/07/2017,0.85,conventional,2017,Columbus,276442.3
27,25/06/2017,0.86,conventional,2017,Columbus,243935.99
28,18/06/2017,0.81,conventional,2017,Columbus,304247.54
29,11/06/2017,0.98,conventional,2017,Columbus,181254.11
30,4/06/2017,1.1,conventional,2017,Columbus,196391.15
31,28/05/2017,1.24,conventional,2017,Columbus,182566.46
32,21/05/2017,1.16,conventional,2017,Columbus,180283.53
33,14/05/2017,0.99,conventional,2017,Columbus,210349
34,7/05/2017,0.93,conventional,2017,Columbus,276421.87
35,30/04/2017,1.18,conventional,2017,Columbus,199643.4
36,23/04/2017,1.26,conventional,2017,Columbus,166919.21
37,16/04/2017,0.99,conventional,2017,Columbus,242720.67
38,9/04/2017,1.07,conventional,2017,Columbus,225843.95
39,2/04/2017,1.23,conventional,2017,Columbus,174975.95
40,26/03/2017,1.26,conventional,2017,Columbus,153513.23
41,19/03/2017,1.3,conventional,2017,Columbus,136371.39
42,12/03/2017,1.29,conventional,2017,Columbus,140126.45
43,5/03/2017,1.14,conventional,2017,Columbus,166169.72
44,26/02/2017,1.04,conventional,2017,Columbus,186429.24
45,19/02/2017,1.07,conventional,2017,Columbus,159054.67
46,12/02/2017,0.78,conventional,2017,Columbus,226525.29
47,5/02/2017,0.69,conventional,2017,Columbus,323030.81
48,29/01/2017,1.06,conventional,2017,Columbus,163084.68
49,22/01/2017,0.91,conventional,2017,Columbus,197072.56
50,15/01/2017,0.97,conventional,2017,Columbus,200226.42
51,8/01/2017,0.86,conventional,2017,Columbus,226219.71
52,1/01/2017,0.83,conventional,2017,Columbus,218881.63
