avocado.csv
Index,Date,Average Price,Type,Year,Region,Total Volume
0,27/12/2015,0.8,conventional,2015,DallasFtWorth,1020390.64
1,20/12/2015,0.82,conventional,2015,DallasFtWorth,928051.16
2,13/12/2015,0.79,conventional,2015,DallasFtWorth,980891.18
3,6/12/2015,0.74,conventional,2015,DallasFtWorth,1054849.97
4,29/11/2015,0.8,conventional,2015,DallasFtWorth,839818.87
5,22/11/2015,0.78,conventional,2015,DallasFtWorth,885067.49
6,15/11/2015,0.71,conventional,2015,DallasFtWorth,1040439.71
7,8/11/2015,0.8,conventional,2015,DallasFtWorth,977717.36
8,1/11/2015,0.78,conventional,2015,DallasFtWorth,1114177.66
9,25/10/2015,0.86,conventional,2015,DallasFtWorth,1010394.81
10,18/10/2015,0.83,conventional,2015,DallasFtWorth,992983.76
11,11/10/2015,0.81,conventional,2015,DallasFtWorth,1100679.15
12,4/10/2015,0.82,conventional,2015,DallasFtWorth,1104602.14
13,27/09/2015,0.84,conventional,2015,DallasFtWorth,1063583.86
14,20/09/2015,0.77,conventional,2015,DallasFtWorth,1155212.67
15,13/09/2015,0.86,conventional,2015,DallasFtWorth,1212585.41
16,6/09/2015,0.84,conventional,2015,DallasFtWorth,1270739.69
17,30/08/2015,0.82,conventional,2015,DallasFtWorth,1101680.91
18,23/08/2015,0.85,conventional,2015,DallasFtWorth,1120172.03
19,16/08/2015,0.88,conventional,2015,DallasFtWorth,1122668.33
20,9/08/2015,0.85,conventional,2015,DallasFtWorth,1124259.51
21,2/08/2015,0.87,conventional,2015,DallasFtWorth,1067498.21
22,26/07/2015,0.8,conventional,2015,DallasFtWorth,1191310.92
23,19/07/2015,0.82,conventional,2015,DallasFtWorth,1186878.88
24,12/07/2015,0.82,conventional,2015,DallasFtWorth,1144448.23
25,5/07/2015,0.83,conventional,2015,DallasFtWorth,1320696.13
26,28/06/2015,0.77,conventional,2015,DallasFtWorth,1203553.98
27,21/06/2015,0.75,conventional,2015,DallasFtWorth,1283503.44
28,14/06/2015,0.65,conventional,2015,DallasFtWorth,1508750.45
29,7/06/2015,0.73,conventional,2015,DallasFtWorth,1255575.78
30,31/05/2015,0.68,conventional,2015,DallasFtWorth,1377670.81
31,24/05/2015,0.81,conventional,2015,DallasFtWorth,1184131.34
32,17/05/2015,0.73,conventional,2015,DallasFtWorth,1219398.43
33,10/05/2015,0.75,conventional,2015,DallasFtWorth,1298826.19
34,3/05/2015,0.77,conventional,2015,DallasFtWorth,1282852.08
35,26/04/2015,0.81,conventional,2015,DallasFtWorth,1102639.51
36,19/04/2015,0.8,conventional,2015,DallasFtWorth,1137811.87
37,12/04/2015,0.72,conventional,2015,DallasFtWorth,1266899.55
38,5/04/2015,0.77,conventional,2015,DallasFtWorth,1324348.89
39,29/03/2015,0.79,conventional,2015,DallasFtWorth,1164808.22
40,22/03/2015,0.67,conventional,2015,DallasFtWorth,1333424.37
41,15/03/2015,0.72,conventional,2015,DallasFtWorth,1211158.55
42,8/03/2015,0.75,conventional,2015,DallasFtWorth,1218684.28
43,1/03/2015,0.82,conventional,2015,DallasFtWorth,1144032.03
44,22/02/2015,0.8,conventional,2015,DallasFtWorth,1116600.76
45,15/02/2015,0.77,conventional,2015,DallasFtWorth,1020856.87
46,8/02/2015,0.67,conventional,2015,DallasFtWorth,1207167.54
47,1/02/2015,0.68,conventional,2015,DallasFtWorth,1391089.32
48,25/01/2015,0.8,conventional,2015,DallasFtWorth,1008295.47
49,18/01/2015,0.76,conventional,2015,DallasFtWorth,1091677.29
50,11/01/2015,0.76,conventional,2015,DallasFtWorth,1128693.04
51,4/01/2015,0.74,conventional,2015,DallasFtWorth,1086363.97
0,25/12/2016,0.76,conventional,2016,DallasFtWorth,1199636.75
1,18/12/2016,0.69,conventional,2016,DallasFtWorth,1148251
2,11/12/2016,0.69,conventional,2016,DallasFtWorth,1121306.38
3,4/12/2016,0.69,conventional,2016,DallasFtWorth,1245471.58
4,27/11/2016,0.9,conventional,2016,DallasFtWorth,851579.21
5,20/11/2016,1,conventional,2016,DallasFtWorth,910226.05
6,13/11/2016,1.08,conventional,2016,DallasFtWorth,894000.36
7,6/11/2016,1.14,conventional,2016,DallasFtWorth,894904.55
8,30/10/2016,1.14,conventional,2016,DallasFtWorth,801081.72
9,23/10/2016,1.08,conventional,2016,DallasFtWorth,993986.41
10,16/10/2016,0.99,conventional,2016,DallasFtWorth,1021028.79
11,9/10/2016,0.93,conventional,2016,DallasFtWorth,1162334.53
12,2/10/2016,0.95,conventional,2016,DallasFtWorth,1033290.02
13,25/09/2016,0.92,conventional,2016,DallasFtWorth,1150789.41
14,18/09/2016,0.8,conventional,2016,DallasFtWorth,1382358
15,11/09/2016,0.79,conventional,2016,DallasFtWorth,1308970.15
16,4/09/2016,0.74,conventional,2016,DallasFtWorth,1390891.44
17,28/08/2016,0.74,conventional,2016,DallasFtWorth,1260685.59
18,21/08/2016,0.77,conventional,2016,DallasFtWorth,1215161.52
19,14/08/2016,0.88,conventional,2016,DallasFtWorth,1132112.24
20,7/08/2016,0.83,conventional,2016,DallasFtWorth,1244080.92
21,31/07/2016,0.88,conventional,2016,DallasFtWorth,1163785.11
22,24/07/2016,0.94,conventional,2016,DallasFtWorth,1188812.12
23,17/07/2016,0.96,conventional,2016,DallasFtWorth,1070350.11
24,10/07/2016,0.91,conventional,2016,DallasFtWorth,1080238.02
25,3/07/2016,0.89,conventional,2016,DallasFtWorth,1350870.14
26,26/06/2016,0.85,conventional,2016,DallasFtWorth,1277488.6
27,19/06/2016,0.87,conventional,2016,DallasFtWorth,1236820.38
28,12/06/2016,0.84,conventional,2016,DallasFtWorth,1272166.49
29,5/06/2016,0.82,conventional,2016,DallasFtWorth,1343656.34
30,29/05/2016,0.77,conventional,2016,DallasFtWorth,1354696.91
31,22/05/2016,0.7,conventional,2016,DallasFtWorth,1378888.74
32,15/05/2016,0.71,conventional,2016,DallasFtWorth,1366439.71
33,8/05/2016,0.72,conventional,2016,DallasFtWorth,1475782.06
34,1/05/2016,0.71,conventional,2016,DallasFtWorth,1433697.02
35,24/04/2016,0.65,conventional,2016,DallasFtWorth,1482923.45
36,17/04/2016,0.69,conventional,2016,DallasFtWorth,1339725.73
37,10/04/2016,0.69,conventional,2016,DallasFtWorth,1424317.64
38,3/04/2016,0.7,conventional,2016,DallasFtWorth,1339210.2
39,27/03/2016,0.76,conventional,2016,DallasFtWorth,1341740.28
40,20/03/2016,0.74,conventional,2016,DallasFtWorth,1347884.14
41,13/03/2016,0.78,conventional,2016,DallasFtWorth,1177309.05
42,6/03/2016,0.76,conventional,2016,DallasFtWorth,1201768.74
43,28/02/2016,0.74,conventional,2016,DallasFtWorth,1199630.68
44,21/02/2016,0.83,conventional,2016,DallasFtWorth,1006181.04
45,14/02/2016,0.65,conventional,2016,DallasFtWorth,1358553.29
46,7/02/2016,0.71,conventional,2016,DallasFtWorth,1515264.27
47,31/01/2016,0.8,conventional,2016,DallasFtWorth,1128639.48
48,24/01/2016,1.02,conventional,2016,DallasFtWorth,676032.04
49,17/01/2016,0.79,conventional,2016,DallasFtWorth,1164936.06
50,10/01/2016,0.85,conventional,2016,DallasFtWorth,1145736.97
51,3/01/2016,0.78,conventional,2016,DallasFtWorth,1191927.54
0,31/12/2017,0.9,conventional,2017,DallasFtWorth,1116393.2
1,24/12/2017,0.99,conventional,2017,DallasFtWorth,1060456.59
2,17/12/2017,0.83,conventional,2017,DallasFtWorth,1084068.05
3,10/12/2017,0.75,conventional,2017,DallasFtWorth,1288280.85
4,3/12/2017,0.85,conventional,2017,DallasFtWorth,1199422
5,26/11/2017,0.95,conventional,2017,DallasFtWorth,898548
6,19/11/2017,0.94,conventional,2017,DallasFtWorth,958421
7,12/11/2017,0.96,conventional,2017,DallasFtWorth,1054327
8,5/11/2017,0.96,conventional,2017,DallasFtWorth,1142499.74
9,29/10/2017,1.05,conventional,2017,DallasFtWorth,1071345.81
10,22/10/2017,1.1,conventional,2017,DallasFtWorth,1037930.19
11,15/10/2017,1.28,conventional,2017,DallasFtWorth,884631.4
12,8/10/2017,1.29,conventional,2017,DallasFtWorth,919708.71
13,1/10/2017,1.3,conventional,2017,DallasFtWorth,893387.5
14,24/09/2017,1.29,conventional,2017,DallasFtWorth,946384.19
15,17/09/2017,1.24,conventional,2017,DallasFtWorth,982833.04
16,10/09/2017,1.2,conventional,2017,DallasFtWorth,997274.92
17,3/09/2017,1.23,conventional,2017,DallasFtWorth,1043009.46
18,27/08/2017,1.13,conventional,2017,DallasFtWorth,1090966.44
19,20/08/2017,0.99,conventional,2017,DallasFtWorth,1163466.68
20,13/08/2017,1,conventional,2017,DallasFtWorth,1263766.23
21,6/08/2017,0.98,conventional,2017,DallasFtWorth,1253537.5
22,30/07/2017,1.03,conventional,2017,DallasFtWorth,1154233.85
23,23/07/2017,0.99,conventional,2017,DallasFtWorth,1197803.17
24,16/07/2017,0.98,conventional,2017,DallasFtWorth,1219892.61
25,9/07/2017,0.84,conventional,2017,DallasFtWorth,1514500
26,2/07/2017,0.9,conventional,2017,DallasFtWorth,1378563.61
27,25/06/2017,0.89,conventional,2017,DallasFtWorth,1327166.18
28,18/06/2017,0.9,conventional,2017,DallasFtWorth,1441940.59
29,11/06/2017,0.9,conventional,2017,DallasFtWorth,1361774.87
30,4/06/2017,0.93,conventional,2017,DallasFtWorth,1325912.38
31,28/05/2017,0.93,conventional,2017,DallasFtWorth,1386906.1
32,21/05/2017,0.91,conventional,2017,DallasFtWorth,1291606.06
33,14/05/2017,0.95,conventional,2017,DallasFtWorth,1292071.56
34,7/05/2017,0.89,conventional,2017,DallasFtWorth,1473846.78
35,30/04/2017,0.9,conventional,2017,DallasFtWorth,1407490.7
36,23/04/2017,0.85,conventional,2017,DallasFtWorth,1496361.87
37,16/04/2017,0.87,conventional,2017,DallasFtWorth,1517178.55
38,9/04/2017,0.9,conventional,2017,DallasFtWorth,1337046.52
39,2/04/2017,0.83,conventional,2017,DallasFtWorth,1372247.8
40,26/03/2017,0.91,conventional,2017,DallasFtWorth,1282796.85
41,19/03/2017,0.94,conventional,2017,DallasFtWorth,1153699.28
42,12/03/2017,0.9,conventional,2017,DallasFtWorth,1170640.71
43,5/03/2017,0.93,conventional,2017,DallasFtWorth,1105083.35
44,26/02/2017,0.73,conventional,2017,DallasFtWorth,1372811.19
45,19/02/2017,0.76,conventional,2017,DallasFtWorth,1177312.94
46,12/02/2017,0.7,conventional,2017,DallasFtWorth,1422345.94
47,5/02/2017,0.65,conventional,2017,DallasFtWorth,1772501.55
48,29/01/2017,0.73,conventional,2017,DallasFtWorth,1306293.11
49,22/01/2017,0.7,conventional,2017,DallasFtWorth,1382964.89
50,15/01/2017,0.7,conventional,2017,DallasFtWorth,1389716.89
51,8/01/2017,0.78,conventional,2017,DallasFtWorth,1247488.6
52,1/01/2017,0.68,conventional,2017,DallasFtWorth,1336539.2
