avocado.csv
Index,Date,Average Price,Type,Year,Region,Total Volume
0,27/12/2015,1.08,conventional,2015,Detroit,255499.7
1,20/12/2015,1.1,conventional,2015,Detroit,250436.24
2,13/12/2015,1.05,conventional,2015,Detroit,275587.85
3,6/12/2015,0.98,conventional,2015,Detroit,339797.19
4,29/11/2015,1.11,conventional,2015,Detroit,228427.08
5,22/11/2015,1.09,conventional,2015,Detroit,270529.34
6,15/11/2015,1.1,conventional,2015,Detroit,248933.35
7,8/11/2015,1.03,conventional,2015,Detroit,343645.67
8,1/11/2015,1.04,conventional,2015,Detroit,340746.59
9,25/10/2015,1.17,conventional,2015,Detroit,251336.74
10,18/10/2015,0.97,conventional,2015,Detroit,358143.26
11,11/10/2015,0.99,conventional,2015,Detroit,362400.65
12,4/10/2015,1.1,conventional,2015,Detroit,286400.89
13,27/09/2015,1.17,conventional,2015,Detroit,257472.31
14,20/09/2015,1,conventional,2015,Detroit,373545.23
15,13/09/2015,1.03,conventional,2015,Detroit,401472.63
16,6/09/2015,1.09,conventional,2015,Detroit,336982.39
17,30/08/2015,0.96,conventional,2015,Detroit,422762.9
18,23/08/2015,1.11,conventional,2015,Detroit,267968.5
19,16/08/2015,0.97,conventional,2015,Detroit,400251.59
20,9/08/2015,1.07,conventional,2015,Detroit,341289.98
21,2/08/2015,1.04,conventional,2015,Detroit,364735.69
22,26/07/2015,0.99,conventional,2015,Detroit,326233.8
23,19/07/2015,1.04,conventional,2015,Detroit,370830.93
24,12/07/2015,1.02,conventional,2015,Detroit,310049.5
25,5/07/2015,1.06,conventional,2015,Detroit,373691.57
26,28/06/2015,1,conventional,2015,Detroit,329753.61
27,21/06/2015,0.97,conventional,2015,Detroit,424580.52
28,14/06/2015,1.04,conventional,2015,Detroit,372413.5
29,7/06/2015,0.97,conventional,2015,Detroit,447813.52
30,31/05/2015,1.09,conventional,2015,Detroit,324400.67
31,24/05/2015,1.03,conventional,2015,Detroit,373245.43
32,17/05/2015,0.95,conventional,2015,Detroit,495155.82
33,10/05/2015,1.11,conventional,2015,Detroit,360917.96
34,3/05/2015,1.06,conventional,2015,Detroit,374659.88
35,26/04/2015,1.01,conventional,2015,Detroit,361243.2
36,19/04/2015,0.96,conventional,2015,Detroit,468643.05
37,12/04/2015,1.02,conventional,2015,Detroit,271182.01
38,5/04/2015,1.11,conventional,2015,Detroit,295385.41
39,29/03/2015,0.97,conventional,2015,Detroit,304048.16
40,22/03/2015,0.97,conventional,2015,Detroit,455372.43
41,15/03/2015,1.13,conventional,2015,Detroit,254974.87
42,8/03/2015,1.01,conventional,2015,Detroit,278695.29
43,1/03/2015,0.97,conventional,2015,Detroit,397899.56
44,22/02/2015,1.15,conventional,2015,Detroit,250888.8
45,15/02/2015,1.16,conventional,2015,Detroit,255597.63
46,8/02/2015,1.11,conventional,2015,Detroit,268195.87
47,1/02/2015,0.92,conventional,2015,Detroit,539750.77
48,25/01/2015,1.19,conventional,2015,Detroit,277325.29
49,18/01/2015,1.1,conventional,2015,Detroit,291788.43
50,11/01/2015,1.08,conventional,2015,Detroit,332165.05
51,4/01/2015,1.01,conventional,2015,Detroit,369694.27
0,25/12/2016,1.06,conventional,2016,Detroit,319957.45
1,18/12/2016,1.05,conventional,2016,Detroit,298755.3
2,11/12/2016,0.95,conventional,2016,Detroit,333109.65
3,4/12/2016,0.81,conventional,2016,Detroit,545216.52
4,27/11/2016,1.18,conventional,2016,Detroit,262530.31
5,20/11/2016,1.35,conventional,2016,Detroit,243576.96
6,13/11/2016,1.39,conventional,2016,Detroit,236523.09
7,6/11/2016,1.4,conventional,2016,Detroit,231422.37
8,30/10/2016,1.4,conventional,2016,Detroit,193940.78
9,23/10/2016,1.35,conventional,2016,Detroit,227233.92
10,16/10/2016,1.26,conventional,2016,Detroit,256744.34
11,9/10/2016,1.27,conventional,2016,Detroit,253886.8
12,2/10/2016,1.25,conventional,2016,Detroit,266892.47
13,25/09/2016,1.24,conventional,2016,Detroit,274937.38
14,18/09/2016,1.1,conventional,2016,Detroit,320748.32
15,11/09/2016,1.09,conventional,2016,Detroit,339890.13
16,4/09/2016,1.08,conventional,2016,Detroit,326335.52
17,28/08/2016,1.01,conventional,2016,Detroit,353420.52
18,21/08/2016,1.15,conventional,2016,Detroit,316859.74
19,14/08/2016,1.08,conventional,2016,Detroit,367007.17
20,7/08/2016,1.13,conventional,2016,Detroit,352764.25
21,31/07/2016,1.16,conventional,2016,Detroit,340176.41
22,24/07/2016,1.15,conventional,2016,Detroit,354577.28
23,17/07/2016,1.17,conventional,2016,Detroit,328237.93
24,10/07/2016,1.18,conventional,2016,Detroit,311241.09
25,3/07/2016,1.17,conventional,2016,Detroit,336701.66
26,26/06/2016,1.13,conventional,2016,Detroit,344391.38
27,19/06/2016,1,conventional,2016,Detroit,442961.17
28,12/06/2016,0.98,conventional,2016,Detroit,414532.49
29,5/06/2016,0.92,conventional,2016,Detroit,473131.2
30,29/05/2016,1.04,conventional,2016,Detroit,348557.33
31,22/05/2016,1.07,conventional,2016,Detroit,303330.62
32,15/05/2016,0.86,conventional,2016,Detroit,485653.27
33,8/05/2016,0.96,conventional,2016,Detroit,500424.55
34,1/05/2016,1,conventional,2016,Detroit,319391.58
35,24/04/2016,1,conventional,2016,Detroit,331109.85
36,17/04/2016,0.97,conventional,2016,Detroit,447346.61
37,10/04/2016,1.03,conventional,2016,Detroit,312995.88
38,3/04/2016,1.02,conventional,2016,Detroit,335108.11
39,27/03/2016,1.05,conventional,2016,Detroit,378431.9
40,20/03/2016,1.09,conventional,2016,Detroit,371639.1
41,13/03/2016,1.12,conventional,2016,Detroit,299527.55
42,6/03/2016,0.97,conventional,2016,Detroit,441920.14
43,28/02/2016,1.13,conventional,2016,Detroit,342465.19
44,21/02/2016,1.2,conventional,2016,Detroit,247820.38
45,14/02/2016,1,conventional,2016,Detroit,334544.52
46,7/02/2016,0.77,conventional,2016,Detroit,594784.92
47,31/01/2016,1.04,conventional,2016,Detroit,364612.83
48,24/01/2016,0.94,conventional,2016,Detroit,489584.58
49,17/01/2016,1.11,conventional,2016,Detroit,293246.54
50,10/01/2016,1.1,conventional,2016,Detroit,325997.55
51,3/01/2016,0.86,conventional,2016,Detroit,492699.87
0,31/12/2017,0.84,conventional,2017,Detroit,467584.3
1,24/12/2017,1.25,conventional,2017,Detroit,298146.18
2,17/12/2017,1.08,conventional,2017,Detroit,369196.72
3,10/12/2017,1.13,conventional,2017,Detroit,311949.95
4,3/12/2017,0.97,conventional,2017,Detroit,515907
5,26/11/2017,1.21,conventional,2017,Detroit,229292
6,19/11/2017,0.99,conventional,2017,Detroit,353938
7,12/11/2017,0.93,conventional,2017,Detroit,432903
8,5/11/2017,1,conventional,2017,Detroit,426643.42
9,29/10/2017,1.28,conventional,2017,Detroit,316276.92
10,22/10/2017,1.59,conventional,2017,Detroit,230384.71
11,15/10/2017,1.79,conventional,2017,Detroit,205378.62
12,8/10/2017,1.94,conventional,2017,Detroit,208300.17
13,1/10/2017,1.88,conventional,2017,Detroit,215840.47
14,24/09/2017,1.82,conventional,2017,Detroit,234792.97
15,17/09/2017,1.84,conventional,2017,Detroit,231672.3
16,10/09/2017,1.8,conventional,2017,Detroit,251097.79
17,3/09/2017,1.68,conventional,2017,Detroit,234930.31
18,27/08/2017,1.32,conventional,2017,Detroit,304000.24
19,20/08/2017,1.25,conventional,2017,Detroit,388250.81
20,13/08/2017,1.55,conventional,2017,Detroit,286679.02
21,6/08/2017,1.25,conventional,2017,Detroit,400745.99
22,30/07/2017,1.29,conventional,2017,Detroit,339850.04
23,23/07/2017,1.55,conventional,2017,Detroit,267254.47
24,16/07/2017,1.18,conventional,2017,Detroit,385966.55
25,9/07/2017,0.99,conventional,2017,Detroit,502774.82
26,2/07/2017,1.22,conventional,2017,Detroit,392513.77
27,25/06/2017,1.01,conventional,2017,Detroit,402914.93
28,18/06/2017,0.85,conventional,2017,Detroit,668936.01
29,11/06/2017,1.28,conventional,2017,Detroit,315240.72
30,4/06/2017,1.26,conventional,2017,Detroit,361513.16
31,28/05/2017,1.29,conventional,2017,Detroit,361905.98
32,21/05/2017,1.32,conventional,2017,Detroit,307674.16
33,14/05/2017,1.03,conventional,2017,Detroit,445350.61
34,7/05/2017,0.99,conventional,2017,Detroit,625475.58
35,30/04/2017,1.48,conventional,2017,Detroit,324983.09
36,23/04/2017,1.46,conventional,2017,Detroit,295788.03
37,16/04/2017,1.45,conventional,2017,Detroit,342545.94
38,9/04/2017,1.51,conventional,2017,Detroit,284715.12
39,2/04/2017,1.48,conventional,2017,Detroit,288639.34
40,26/03/2017,1.48,conventional,2017,Detroit,289107.02
41,19/03/2017,1.48,conventional,2017,Detroit,262116.19
42,12/03/2017,1.44,conventional,2017,Detroit,238211.13
43,5/03/2017,0.97,conventional,2017,Detroit,383170.95
44,26/02/2017,0.83,conventional,2017,Detroit,540315.74
45,19/02/2017,1.07,conventional,2017,Detroit,311270.6
46,12/02/2017,0.74,conventional,2017,Detroit,475602.7
47,5/02/2017,0.65,conventional,2017,Detroit,797699.81
48,29/01/2017,1.01,conventional,2017,Detroit,381506.2
49,22/01/2017,0.84,conventional,2017,Detroit,616589.93
50,15/01/2017,0.98,conventional,2017,Detroit,397115.64
51,8/01/2017,0.9,conventional,2017,Detroit,470643.79
52,1/01/2017,0.75,conventional,2017,Detroit,480612.79
0,27/12/2015,1.13,conventional,2015,GrandRapids,147713.85
1,20/12/2015,1.13,conventional,2015,GrandRapids,126262.26
2,13/12/2015,1.24,conventional,2015,GrandRapids,117645.69
3,6/12/2015,0.93,conventional,2015,GrandRapids,217174.66
4,29/11/2015,1.12,conventional,2015,GrandRapids,120552.43
5,22/11/2015,1.11,conventional,2015,GrandRapids,140981.22
6,15/11/2015,1.2,conventional,2015,GrandRapids,129448.75
7,8/11/2015,0.93,conventional,2015,GrandRapids,198257.69
8,1/11/2015,0.91,conventional,2015,GrandRapids,205592.1
9,25/10/2015,1.14,conventional,2015,GrandRapids,134921.44
10,18/10/2015,0.94,conventional,2015,GrandRapids,184806.99
11,11/10/2015,0.97,conventional,2015,GrandRapids,198769.54
12,4/10/2015,0.99,conventional,2015,GrandRapids,160322.48
13,27/09/2015,1.15,conventional,2015,GrandRapids,137849.61
14,20/09/2015,0.88,conventional,2015,GrandRapids,244696.01
15,13/09/2015,0.95,conventional,2015,GrandRapids,219380.93
16,6/09/2015,1.09,conventional,2015,GrandRapids,170309.3
17,30/08/2015,0.91,conventional,2015,GrandRapids,226898.73
18,23/08/2015,1.28,conventional,2015,GrandRapids,128681.94
19,16/08/2015,0.89,conventional,2015,GrandRapids,268902.14
20,9/08/2015,1.08,conventional,2015,GrandRapids,186733.16
21,2/08/2015,1.05,conventional,2015,GrandRapids,184067.49
22,26/07/2015,1.12,conventional,2015,GrandRapids,153868.79
23,19/07/2015,1.05,conventional,2015,GrandRapids,215736.47
24,12/07/2015,1.19,conventional,2015,GrandRapids,153112.84
25,5/07/2015,1.16,conventional,2015,GrandRapids,202842.97
26,28/06/2015,1.1,conventional,2015,GrandRapids,155972.38
27,21/06/2015,0.96,conventional,2015,GrandRapids,265555.66
28,14/06/2015,1.07,conventional,2015,GrandRapids,197387.76
29,7/06/2015,1.14,conventional,2015,GrandRapids,212599.11
30,31/05/2015,1.31,conventional,2015,GrandRapids,167907.51
31,24/05/2015,1.3,conventional,2015,GrandRapids,158917.21
32,17/05/2015,0.97,conventional,2015,GrandRapids,277502.12
33,10/05/2015,1.36,conventional,2015,GrandRapids,159642.82
34,3/05/2015,1.06,conventional,2015,GrandRapids,238550.81
35,26/04/2015,1.09,conventional,2015,GrandRapids,189609.49
36,19/04/2015,0.93,conventional,2015,GrandRapids,310672.4
37,12/04/2015,1.13,conventional,2015,GrandRapids,147494.24
38,5/04/2015,1.22,conventional,2015,GrandRapids,157721.54
39,29/03/2015,1.11,conventional,2015,GrandRapids,149631.24
40,22/03/2015,0.91,conventional,2015,GrandRapids,311876.75
41,15/03/2015,1.35,conventional,2015,GrandRapids,123895.07
42,8/03/2015,1.08,conventional,2015,GrandRapids,146835.6
43,1/03/2015,0.95,conventional,2015,GrandRapids,263987.21
44,22/02/2015,1.31,conventional,2015,GrandRapids,129295.86
45,15/02/2015,1.21,conventional,2015,GrandRapids,136761.35
46,8/02/2015,1.24,conventional,2015,GrandRapids,132621.01
47,1/02/2015,0.94,conventional,2015,GrandRapids,309471.69
48,25/01/2015,1.19,conventional,2015,GrandRapids,144301.73
49,18/01/2015,1.07,conventional,2015,GrandRapids,150201.39
50,11/01/2015,1.03,conventional,2015,GrandRapids,185135.41
51,4/01/2015,0.95,conventional,2015,GrandRapids,258979.63
0,25/12/2016,1.33,conventional,2016,GrandRapids,149348.88
1,18/12/2016,1.14,conventional,2016,GrandRapids,161136.65
2,11/12/2016,1.2,conventional,2016,GrandRapids,128166.44
3,4/12/2016,0.92,conventional,2016,GrandRapids,263904.24
4,27/11/2016,1.44,conventional,2016,GrandRapids,103697.69
5,20/11/2016,1.46,conventional,2016,GrandRapids,127392.78
6,13/11/2016,1.59,conventional,2016,GrandRapids,118566.57
7,6/11/2016,1.67,conventional,2016,GrandRapids,100001.45
8,30/10/2016,1.42,conventional,2016,GrandRapids,107013.58
9,23/10/2016,1.72,conventional,2016,GrandRapids,100904.77
10,16/10/2016,1.63,conventional,2016,GrandRapids,117842.82
11,9/10/2016,1.62,conventional,2016,GrandRapids,116477.56
12,2/10/2016,1.6,conventional,2016,GrandRapids,122091.54
13,25/09/2016,1.55,conventional,2016,GrandRapids,137599.07
14,18/09/2016,1.49,conventional,2016,GrandRapids,139511.61
15,11/09/2016,1.58,conventional,2016,GrandRapids,136492.43
16,4/09/2016,1.52,conventional,2016,GrandRapids,142913.72
17,28/08/2016,1.45,conventional,2016,GrandRapids,143049.62
18,21/08/2016,1.63,conventional,2016,GrandRapids,132894.77
19,14/08/2016,1.53,conventional,2016,GrandRapids,147711.44
20,7/08/2016,1.59,conventional,2016,GrandRapids,145207.86
21,31/07/2016,1.6,conventional,2016,GrandRapids,142302.47
22,24/07/2016,1.6,conventional,2016,GrandRapids,149002.57
23,17/07/2016,1.58,conventional,2016,GrandRapids,146730.62
24,10/07/2016,1.6,conventional,2016,GrandRapids,133747.66
25,3/07/2016,1.49,conventional,2016,GrandRapids,159566.9
26,26/06/2016,1.26,conventional,2016,GrandRapids,183547.1
27,19/06/2016,1.26,conventional,2016,GrandRapids,216299.96
28,12/06/2016,1.36,conventional,2016,GrandRapids,167703.13
29,5/06/2016,0.93,conventional,2016,GrandRapids,310903.8
30,29/05/2016,1.32,conventional,2016,GrandRapids,193459.52
31,22/05/2016,1.31,conventional,2016,GrandRapids,151840.62
32,15/05/2016,0.88,conventional,2016,GrandRapids,295706.69
33,8/05/2016,1.04,conventional,2016,GrandRapids,272057.12
34,1/05/2016,1.12,conventional,2016,GrandRapids,191903.31
35,24/04/2016,1.07,conventional,2016,GrandRapids,181857.18
36,17/04/2016,0.89,conventional,2016,GrandRapids,332191.52
37,10/04/2016,1.17,conventional,2016,GrandRapids,155143.97
38,3/04/2016,1.1,conventional,2016,GrandRapids,156883.18
39,27/03/2016,0.99,conventional,2016,GrandRapids,216788.92
40,20/03/2016,1.07,conventional,2016,GrandRapids,208712.19
41,13/03/2016,1.15,conventional,2016,GrandRapids,149119.51
42,6/03/2016,0.91,conventional,2016,GrandRapids,259568.21
43,28/02/2016,1.07,conventional,2016,GrandRapids,202356.13
44,21/02/2016,1.16,conventional,2016,GrandRapids,142681.62
45,14/02/2016,1.13,conventional,2016,GrandRapids,154975.46
46,7/02/2016,0.94,conventional,2016,GrandRapids,290555.59
47,31/01/2016,1.13,conventional,2016,GrandRapids,182986.71
48,24/01/2016,0.94,conventional,2016,GrandRapids,260598.64
49,17/01/2016,1.05,conventional,2016,GrandRapids,172166.36
50,10/01/2016,1.17,conventional,2016,GrandRapids,160432.54
51,3/01/2016,0.92,conventional,2016,GrandRapids,258889.23
0,31/12/2017,1.09,conventional,2017,GrandRapids,202635.01
1,24/12/2017,1.64,conventional,2017,GrandRapids,130735.97
2,17/12/2017,1.25,conventional,2017,GrandRapids,162923.49
3,10/12/2017,1.61,conventional,2017,GrandRapids,107018.62
4,3/12/2017,0.99,conventional,2017,GrandRapids,301527
5,26/11/2017,1.65,conventional,2017,GrandRapids,96700
6,19/11/2017,1.4,conventional,2017,GrandRapids,139279
7,12/11/2017,1.59,conventional,2017,GrandRapids,110784
8,5/11/2017,1.7,conventional,2017,GrandRapids,103715.88
9,29/10/2017,1.55,conventional,2017,GrandRapids,138190.33
10,22/10/2017,1.96,conventional,2017,GrandRapids,97132.42
11,15/10/2017,2.07,conventional,2017,GrandRapids,94071.58
12,8/10/2017,2.19,conventional,2017,GrandRapids,86753.64
13,1/10/2017,2.09,conventional,2017,GrandRapids,97411.58
14,24/09/2017,1.96,conventional,2017,GrandRapids,113272.89
15,17/09/2017,1.99,conventional,2017,GrandRapids,100498.79
16,10/09/2017,1.86,conventional,2017,GrandRapids,111733.79
17,3/09/2017,1.65,conventional,2017,GrandRapids,127147.57
18,27/08/2017,1.74,conventional,2017,GrandRapids,112023.41
19,20/08/2017,1.7,conventional,2017,GrandRapids,124908.76
20,13/08/2017,1.7,conventional,2017,GrandRapids,125212.99
21,6/08/2017,1.45,conventional,2017,GrandRapids,167234.75
22,30/07/2017,1.63,conventional,2017,GrandRapids,127602.86
23,23/07/2017,1.68,conventional,2017,GrandRapids,136088.12
24,16/07/2017,1.42,conventional,2017,GrandRapids,169837.53
25,9/07/2017,1.43,conventional,2017,GrandRapids,178186.11
26,2/07/2017,1.51,conventional,2017,GrandRapids,192007.39
27,25/06/2017,1.74,conventional,2017,GrandRapids,142258.18
28,18/06/2017,1.29,conventional,2017,GrandRapids,245293.35
29,11/06/2017,1.79,conventional,2017,GrandRapids,158876.02
30,4/06/2017,1.88,conventional,2017,GrandRapids,162051.09
31,28/05/2017,1.85,conventional,2017,GrandRapids,165718.77
32,21/05/2017,1.88,conventional,2017,GrandRapids,148499.08
33,14/05/2017,1.87,conventional,2017,GrandRapids,151273.21
34,7/05/2017,1.46,conventional,2017,GrandRapids,254982.52
35,30/04/2017,1.83,conventional,2017,GrandRapids,157868.62
36,23/04/2017,1.67,conventional,2017,GrandRapids,146024.28
37,16/04/2017,1.67,conventional,2017,GrandRapids,175861.5
38,9/04/2017,1.73,conventional,2017,GrandRapids,144360.97
39,2/04/2017,1.73,conventional,2017,GrandRapids,140629.7
40,26/03/2017,1.71,conventional,2017,GrandRapids,149479.58
41,19/03/2017,1.73,conventional,2017,GrandRapids,141712.21
42,12/03/2017,1.73,conventional,2017,GrandRapids,129820.93
43,5/03/2017,1.5,conventional,2017,GrandRapids,128203.51
44,26/02/2017,1.02,conventional,2017,GrandRapids,238305.05
45,19/02/2017,1.42,conventional,2017,GrandRapids,141775.8
46,12/02/2017,1.13,conventional,2017,GrandRapids,176589.86
47,5/02/2017,0.81,conventional,2017,GrandRapids,391313.63
48,29/01/2017,1.29,conventional,2017,GrandRapids,168252.2
49,22/01/2017,0.92,conventional,2017,GrandRapids,322366.88
50,15/01/2017,1.29,conventional,2017,GrandRapids,166158.43
51,8/01/2017,1.26,conventional,2017,GrandRapids,174079.23
52,1/01/2017,0.77,conventional,2017,GrandRapids,306129.4
