avocado.csv
Index,Date,Average Price,Type,Year,Region,Total Volume
0,27/12/2015,1.16,conventional,2015,HarrisburgScranton,173645.55
1,20/12/2015,1.11,conventional,2015,HarrisburgScranton,180186.23
2,13/12/2015,1.14,conventional,2015,HarrisburgScranton,187058.65
3,6/12/2015,1.1,conventional,2015,HarrisburgScranton,171195.76
4,29/11/2015,1.17,conventional,2015,HarrisburgScranton,146103.34
5,22/11/2015,1.16,conventional,2015,HarrisburgScranton,162429.43
6,15/11/2015,1.09,conventional,2015,HarrisburgScranton,189916.88
7,8/11/2015,1.09,conventional,2015,HarrisburgScranton,214993.36
8,1/11/2015,1.13,conventional,2015,HarrisburgScranton,219970.37
9,25/10/2015,1.11,conventional,2015,HarrisburgScranton,183276.68
10,18/10/2015,0.93,conventional,2015,HarrisburgScranton,264223.22
11,11/10/2015,1.05,conventional,2015,HarrisburgScranton,225079.92
12,4/10/2015,1.16,conventional,2015,HarrisburgScranton,188436.91
13,27/09/2015,1.15,conventional,2015,HarrisburgScranton,192478.26
14,20/09/2015,1.17,conventional,2015,HarrisburgScranton,188314.24
15,13/09/2015,1.07,conventional,2015,HarrisburgScranton,254744.58
16,6/09/2015,1.19,conventional,2015,HarrisburgScranton,225494.59
17,30/08/2015,1.18,conventional,2015,HarrisburgScranton,219908.82
18,23/08/2015,1.1,conventional,2015,HarrisburgScranton,222637.15
19,16/08/2015,1.09,conventional,2015,HarrisburgScranton,247813.45
20,9/08/2015,1.07,conventional,2015,HarrisburgScranton,247575.06
21,2/08/2015,1.1,conventional,2015,HarrisburgScranton,242281.36
22,26/07/2015,1.17,conventional,2015,HarrisburgScranton,225227.57
23,19/07/2015,1.19,conventional,2015,HarrisburgScranton,229650.57
24,12/07/2015,1.17,conventional,2015,HarrisburgScranton,233638.96
25,5/07/2015,1.19,conventional,2015,HarrisburgScranton,275844.88
26,28/06/2015,1.2,conventional,2015,HarrisburgScranton,243537.29
27,21/06/2015,1.19,conventional,2015,HarrisburgScranton,255431.85
28,14/06/2015,1.13,conventional,2015,HarrisburgScranton,277578.88
29,7/06/2015,1.21,conventional,2015,HarrisburgScranton,265638.42
30,31/05/2015,1.22,conventional,2015,HarrisburgScranton,260058.34
31,24/05/2015,1.21,conventional,2015,HarrisburgScranton,270097.92
32,17/05/2015,1.19,conventional,2015,HarrisburgScranton,252843.56
33,10/05/2015,1.19,conventional,2015,HarrisburgScranton,299147.73
34,3/05/2015,1.17,conventional,2015,HarrisburgScranton,255913.63
35,26/04/2015,1.21,conventional,2015,HarrisburgScranton,234322.13
36,19/04/2015,1.17,conventional,2015,HarrisburgScranton,237429.16
37,12/04/2015,1.18,conventional,2015,HarrisburgScranton,201544.53
38,5/04/2015,1.21,conventional,2015,HarrisburgScranton,216376.66
39,29/03/2015,1.14,conventional,2015,HarrisburgScranton,197282.25
40,22/03/2015,1.08,conventional,2015,HarrisburgScranton,219149.75
41,15/03/2015,1.2,conventional,2015,HarrisburgScranton,190760.3
42,8/03/2015,1.15,conventional,2015,HarrisburgScranton,192277.92
43,1/03/2015,1.07,conventional,2015,HarrisburgScranton,230913.14
44,22/02/2015,1.2,conventional,2015,HarrisburgScranton,191040.19
45,15/02/2015,1.22,conventional,2015,HarrisburgScranton,187671.77
46,8/02/2015,1.02,conventional,2015,HarrisburgScranton,239756.62
47,1/02/2015,1.06,conventional,2015,HarrisburgScranton,283137.88
48,25/01/2015,1.17,conventional,2015,HarrisburgScranton,206074.14
49,18/01/2015,1.24,conventional,2015,HarrisburgScranton,182604.68
50,11/01/2015,1.26,conventional,2015,HarrisburgScranton,178735.25
51,4/01/2015,1.05,conventional,2015,HarrisburgScranton,203939.14
0,25/12/2016,1.45,conventional,2016,HarrisburgScranton,186180
1,18/12/2016,1.21,conventional,2016,HarrisburgScranton,210917.45
2,11/12/2016,1.26,conventional,2016,HarrisburgScranton,202600.72
3,4/12/2016,1.4,conventional,2016,HarrisburgScranton,172416.11
4,27/11/2016,1.4,conventional,2016,HarrisburgScranton,155286.15
5,20/11/2016,1.37,conventional,2016,HarrisburgScranton,191755.51
6,13/11/2016,1.42,conventional,2016,HarrisburgScranton,197920.72
7,6/11/2016,1.55,conventional,2016,HarrisburgScranton,174837.42
8,30/10/2016,1.59,conventional,2016,HarrisburgScranton,171652.4
9,23/10/2016,1.6,conventional,2016,HarrisburgScranton,195809.34
10,16/10/2016,1.49,conventional,2016,HarrisburgScranton,205728.4
11,9/10/2016,1.42,conventional,2016,HarrisburgScranton,219089.52
12,2/10/2016,1.4,conventional,2016,HarrisburgScranton,214726.86
13,25/09/2016,1.37,conventional,2016,HarrisburgScranton,222019.37
14,18/09/2016,1.26,conventional,2016,HarrisburgScranton,220697.92
15,11/09/2016,1.19,conventional,2016,HarrisburgScranton,272611.45
16,4/09/2016,1.15,conventional,2016,HarrisburgScranton,311176.62
17,28/08/2016,1.32,conventional,2016,HarrisburgScranton,269377.79
18,21/08/2016,1.28,conventional,2016,HarrisburgScranton,258309.18
19,14/08/2016,1.22,conventional,2016,HarrisburgScranton,272099.07
20,7/08/2016,1.24,conventional,2016,HarrisburgScranton,267082.86
21,31/07/2016,1.37,conventional,2016,HarrisburgScranton,253671.67
22,24/07/2016,1.36,conventional,2016,HarrisburgScranton,247275.14
23,17/07/2016,1.25,conventional,2016,HarrisburgScranton,249117.51
24,10/07/2016,1.21,conventional,2016,HarrisburgScranton,274783.17
25,3/07/2016,1.23,conventional,2016,HarrisburgScranton,287688.42
26,26/06/2016,1.24,conventional,2016,HarrisburgScranton,277479.27
27,19/06/2016,1.26,conventional,2016,HarrisburgScranton,267235.79
28,12/06/2016,1.24,conventional,2016,HarrisburgScranton,250231.06
29,5/06/2016,1.23,conventional,2016,HarrisburgScranton,267225.88
30,29/05/2016,1.13,conventional,2016,HarrisburgScranton,280015.07
31,22/05/2016,1.12,conventional,2016,HarrisburgScranton,257598.79
32,15/05/2016,1.08,conventional,2016,HarrisburgScranton,270638.76
33,8/05/2016,0.91,conventional,2016,HarrisburgScranton,373544.69
34,1/05/2016,0.99,conventional,2016,HarrisburgScranton,316410.59
35,24/04/2016,1.09,conventional,2016,HarrisburgScranton,283535.19
36,17/04/2016,1.05,conventional,2016,HarrisburgScranton,257743.57
37,10/04/2016,1.05,conventional,2016,HarrisburgScranton,237139.23
38,3/04/2016,1.13,conventional,2016,HarrisburgScranton,186673.69
39,27/03/2016,1.15,conventional,2016,HarrisburgScranton,247389.76
40,20/03/2016,1.08,conventional,2016,HarrisburgScranton,269456.81
41,13/03/2016,1.13,conventional,2016,HarrisburgScranton,256785.76
42,6/03/2016,1.17,conventional,2016,HarrisburgScranton,240849.91
43,28/02/2016,1.11,conventional,2016,HarrisburgScranton,254954.35
44,21/02/2016,1.15,conventional,2016,HarrisburgScranton,235440.15
45,14/02/2016,1.09,conventional,2016,HarrisburgScranton,264904.19
46,7/02/2016,1.1,conventional,2016,HarrisburgScranton,310166.32
47,31/01/2016,1.07,conventional,2016,HarrisburgScranton,240911.84
48,24/01/2016,1.13,conventional,2016,HarrisburgScranton,269859.91
49,17/01/2016,1.15,conventional,2016,HarrisburgScranton,251772.19
50,10/01/2016,1.14,conventional,2016,HarrisburgScranton,231258.4
51,3/01/2016,1.09,conventional,2016,HarrisburgScranton,252693.38
0,31/12/2017,1.37,conventional,2017,HarrisburgScranton,195897.4
1,24/12/2017,1.37,conventional,2017,HarrisburgScranton,217968.19
2,17/12/2017,1.37,conventional,2017,HarrisburgScranton,196746
3,10/12/2017,1.13,conventional,2017,HarrisburgScranton,274939
4,3/12/2017,1.27,conventional,2017,HarrisburgScranton,231977
5,26/11/2017,1.3,conventional,2017,HarrisburgScranton,191490
6,19/11/2017,1.3,conventional,2017,HarrisburgScranton,216608
7,12/11/2017,1.38,conventional,2017,HarrisburgScranton,201442
8,5/11/2017,1.45,conventional,2017,HarrisburgScranton,191459.87
9,29/10/2017,1.47,conventional,2017,HarrisburgScranton,203026.62
10,22/10/2017,1.43,conventional,2017,HarrisburgScranton,206115.08
11,15/10/2017,1.48,conventional,2017,HarrisburgScranton,205858.6
12,8/10/2017,1.54,conventional,2017,HarrisburgScranton,164699.75
13,1/10/2017,1.45,conventional,2017,HarrisburgScranton,213952.02
14,24/09/2017,1.44,conventional,2017,HarrisburgScranton,209982.19
15,17/09/2017,1.46,conventional,2017,HarrisburgScranton,189035.91
16,10/09/2017,1.51,conventional,2017,HarrisburgScranton,180874.92
17,3/09/2017,1.53,conventional,2017,HarrisburgScranton,212828.72
18,27/08/2017,1.48,conventional,2017,HarrisburgScranton,214056.41
19,20/08/2017,1.47,conventional,2017,HarrisburgScranton,212934.98
20,13/08/2017,1.43,conventional,2017,HarrisburgScranton,238229.99
21,6/08/2017,1.37,conventional,2017,HarrisburgScranton,235902.96
22,30/07/2017,1.36,conventional,2017,HarrisburgScranton,222758.77
23,23/07/2017,1.38,conventional,2017,HarrisburgScranton,224207.07
24,16/07/2017,1.38,conventional,2017,HarrisburgScranton,224434.92
25,9/07/2017,1.47,conventional,2017,HarrisburgScranton,237446.62
26,2/07/2017,1.48,conventional,2017,HarrisburgScranton,226114.96
27,25/06/2017,1.46,conventional,2017,HarrisburgScranton,222447.25
28,18/06/2017,1.5,conventional,2017,HarrisburgScranton,238389.11
29,11/06/2017,1.5,conventional,2017,HarrisburgScranton,232728.73
30,4/06/2017,1.55,conventional,2017,HarrisburgScranton,247060.03
31,28/05/2017,1.56,conventional,2017,HarrisburgScranton,275488.47
32,21/05/2017,1.51,conventional,2017,HarrisburgScranton,244638.89
33,14/05/2017,1.54,conventional,2017,HarrisburgScranton,239036.52
34,7/05/2017,1.51,conventional,2017,HarrisburgScranton,301180.77
35,30/04/2017,1.48,conventional,2017,HarrisburgScranton,268831.64
36,23/04/2017,1.49,conventional,2017,HarrisburgScranton,225681.54
37,16/04/2017,1.56,conventional,2017,HarrisburgScranton,261861.07
38,9/04/2017,1.48,conventional,2017,HarrisburgScranton,251676.02
39,2/04/2017,1.46,conventional,2017,HarrisburgScranton,239412.64
40,26/03/2017,1.38,conventional,2017,HarrisburgScranton,254599.21
41,19/03/2017,1.4,conventional,2017,HarrisburgScranton,243265.5
42,12/03/2017,1.42,conventional,2017,HarrisburgScranton,245928.12
43,5/03/2017,1.19,conventional,2017,HarrisburgScranton,273485.3
44,26/02/2017,1.29,conventional,2017,HarrisburgScranton,260743.16
45,19/02/2017,1.28,conventional,2017,HarrisburgScranton,224541.2
46,12/02/2017,1.13,conventional,2017,HarrisburgScranton,276755.29
47,5/02/2017,1.14,conventional,2017,HarrisburgScranton,348380.9
48,29/01/2017,1.25,conventional,2017,HarrisburgScranton,267917.78
49,22/01/2017,1.4,conventional,2017,HarrisburgScranton,266851.77
50,15/01/2017,1.44,conventional,2017,HarrisburgScranton,251547.43
51,8/01/2017,1.3,conventional,2017,HarrisburgScranton,275064.65
52,1/01/2017,1.35,conventional,2017,HarrisburgScranton,235430.29
