avocado.csv
Index,Date,Average Price,Type,Year,Region,Total Volume
0,27/12/2015,1.27,conventional,2015,HartfordSpringfield,243556.57
1,20/12/2015,1.18,conventional,2015,HartfordSpringfield,264155.74
2,13/12/2015,1.24,conventional,2015,HartfordSpringfield,238558.16
3,6/12/2015,1.19,conventional,2015,HartfordSpringfield,239945.42
4,29/11/2015,1.32,conventional,2015,HartfordSpringfield,213631.54
5,22/11/2015,1.27,conventional,2015,HartfordSpringfield,212091.14
6,15/11/2015,1.12,conventional,2015,HartfordSpringfield,275217.97
7,8/11/2015,1.16,conventional,2015,HartfordSpringfield,309186.06
8,1/11/2015,1.16,conventional,2015,HartfordSpringfield,326067.03
9,25/10/2015,1.2,conventional,2015,HartfordSpringfield,234361.36
10,18/10/2015,0.93,conventional,2015,HartfordSpringfield,407866.27
11,11/10/2015,1.38,conventional,2015,HartfordSpringfield,264227.78
12,4/10/2015,1.3,conventional,2015,HartfordSpringfield,262638.61
13,27/09/2015,1.29,conventional,2015,HartfordSpringfield,247141.63
14,20/09/2015,1.25,conventional,2015,HartfordSpringfield,241532.74
15,13/09/2015,1.11,conventional,2015,HartfordSpringfield,341176.21
16,6/09/2015,1.27,conventional,2015,HartfordSpringfield,281256.19
17,30/08/2015,1.26,conventional,2015,HartfordSpringfield,292827.27
18,23/08/2015,1.14,conventional,2015,HartfordSpringfield,298493.22
19,16/08/2015,1.12,conventional,2015,HartfordSpringfield,351074.46
20,9/08/2015,1.12,conventional,2015,HartfordSpringfield,354490.75
21,2/08/2015,1.16,conventional,2015,HartfordSpringfield,323449.77
22,26/07/2015,1.3,conventional,2015,HartfordSpringfield,266049.58
23,19/07/2015,1.32,conventional,2015,HartfordSpringfield,258239.1
24,12/07/2015,1.06,conventional,2015,HartfordSpringfield,389782.2
25,5/07/2015,1.25,conventional,2015,HartfordSpringfield,339064.22
26,28/06/2015,1.27,conventional,2015,HartfordSpringfield,304624.07
27,21/06/2015,1.25,conventional,2015,HartfordSpringfield,341628.84
28,14/06/2015,1.15,conventional,2015,HartfordSpringfield,338036.94
29,7/06/2015,1.29,conventional,2015,HartfordSpringfield,353474.52
30,31/05/2015,1.33,conventional,2015,HartfordSpringfield,319502.82
31,24/05/2015,1.34,conventional,2015,HartfordSpringfield,314930.61
32,17/05/2015,1.2,conventional,2015,HartfordSpringfield,358753.17
33,10/05/2015,1.25,conventional,2015,HartfordSpringfield,370924.13
34,3/05/2015,1.25,conventional,2015,HartfordSpringfield,329589.03
35,26/04/2015,1.36,conventional,2015,HartfordSpringfield,277178.42
36,19/04/2015,1.35,conventional,2015,HartfordSpringfield,271198.73
37,12/04/2015,1.25,conventional,2015,HartfordSpringfield,251083.39
38,5/04/2015,1.33,conventional,2015,HartfordSpringfield,246967.21
39,29/03/2015,1.22,conventional,2015,HartfordSpringfield,241495.12
40,22/03/2015,1.11,conventional,2015,HartfordSpringfield,292821.36
41,15/03/2015,1.4,conventional,2015,HartfordSpringfield,225761.68
42,8/03/2015,1.43,conventional,2015,HartfordSpringfield,210375.08
43,1/03/2015,1.12,conventional,2015,HartfordSpringfield,314917.55
44,22/02/2015,1.38,conventional,2015,HartfordSpringfield,220210.32
45,15/02/2015,1.39,conventional,2015,HartfordSpringfield,223170.31
46,8/02/2015,1.09,conventional,2015,HartfordSpringfield,364571.57
47,1/02/2015,1.32,conventional,2015,HartfordSpringfield,297969.31
48,25/01/2015,1.35,conventional,2015,HartfordSpringfield,241174.11
49,18/01/2015,1.39,conventional,2015,HartfordSpringfield,229216.05
50,11/01/2015,1.38,conventional,2015,HartfordSpringfield,232640.15
51,4/01/2015,1.06,conventional,2015,HartfordSpringfield,332208.14
0,25/12/2016,1.49,conventional,2016,HartfordSpringfield,238100.22
1,18/12/2016,1.22,conventional,2016,HartfordSpringfield,304051.46
2,11/12/2016,1.42,conventional,2016,HartfordSpringfield,245721.9
3,4/12/2016,1.54,conventional,2016,HartfordSpringfield,207482.67
4,27/11/2016,1.57,conventional,2016,HartfordSpringfield,195221.04
5,20/11/2016,1.62,conventional,2016,HartfordSpringfield,240655.78
6,13/11/2016,1.82,conventional,2016,HartfordSpringfield,184928.64
7,6/11/2016,1.83,conventional,2016,HartfordSpringfield,173620.97
8,30/10/2016,1.81,conventional,2016,HartfordSpringfield,180113.35
9,23/10/2016,1.78,conventional,2016,HartfordSpringfield,213547.17
10,16/10/2016,1.82,conventional,2016,HartfordSpringfield,208966.36
11,9/10/2016,1.62,conventional,2016,HartfordSpringfield,231063.21
12,2/10/2016,1.69,conventional,2016,HartfordSpringfield,216818.99
13,25/09/2016,1.63,conventional,2016,HartfordSpringfield,224391.93
14,18/09/2016,1.51,conventional,2016,HartfordSpringfield,233869.17
15,11/09/2016,1.22,conventional,2016,HartfordSpringfield,364052.46
16,4/09/2016,1.54,conventional,2016,HartfordSpringfield,279628.17
17,28/08/2016,1.59,conventional,2016,HartfordSpringfield,287629.57
18,21/08/2016,1.46,conventional,2016,HartfordSpringfield,299545.98
19,14/08/2016,1.46,conventional,2016,HartfordSpringfield,298015.34
20,7/08/2016,1.5,conventional,2016,HartfordSpringfield,288155.59
21,31/07/2016,1.72,conventional,2016,HartfordSpringfield,255025.51
22,24/07/2016,1.7,conventional,2016,HartfordSpringfield,254686.05
23,17/07/2016,1.63,conventional,2016,HartfordSpringfield,259416.65
24,10/07/2016,1.46,conventional,2016,HartfordSpringfield,292611.92
25,3/07/2016,1.47,conventional,2016,HartfordSpringfield,309896.68
26,26/06/2016,1.41,conventional,2016,HartfordSpringfield,329620.35
27,19/06/2016,1.5,conventional,2016,HartfordSpringfield,335704.35
28,12/06/2016,1.47,conventional,2016,HartfordSpringfield,324963.11
29,5/06/2016,1.46,conventional,2016,HartfordSpringfield,303118.06
30,29/05/2016,1.15,conventional,2016,HartfordSpringfield,382443.83
31,22/05/2016,1.26,conventional,2016,HartfordSpringfield,296893.56
32,15/05/2016,1.24,conventional,2016,HartfordSpringfield,416264.79
33,8/05/2016,0.86,conventional,2016,HartfordSpringfield,522565.33
34,1/05/2016,1.18,conventional,2016,HartfordSpringfield,353240.26
35,24/04/2016,1.25,conventional,2016,HartfordSpringfield,342796.24
36,17/04/2016,1.18,conventional,2016,HartfordSpringfield,284479.69
37,10/04/2016,1.17,conventional,2016,HartfordSpringfield,280729.03
38,3/04/2016,1.36,conventional,2016,HartfordSpringfield,254201.52
39,27/03/2016,1.31,conventional,2016,HartfordSpringfield,294602.42
40,20/03/2016,1.17,conventional,2016,HartfordSpringfield,373372.96
41,13/03/2016,1.3,conventional,2016,HartfordSpringfield,315394.32
42,6/03/2016,1.27,conventional,2016,HartfordSpringfield,311503.06
43,28/02/2016,1.17,conventional,2016,HartfordSpringfield,357504.15
44,21/02/2016,1.28,conventional,2016,HartfordSpringfield,288176.27
45,14/02/2016,1.1,conventional,2016,HartfordSpringfield,398441.13
46,7/02/2016,1.16,conventional,2016,HartfordSpringfield,393866.28
47,31/01/2016,1.12,conventional,2016,HartfordSpringfield,390134.81
48,24/01/2016,1.27,conventional,2016,HartfordSpringfield,317932.59
49,17/01/2016,1.18,conventional,2016,HartfordSpringfield,352472.83
50,10/01/2016,1.26,conventional,2016,HartfordSpringfield,284119.04
51,3/01/2016,1.07,conventional,2016,HartfordSpringfield,322752.02
0,31/12/2017,1.42,conventional,2017,HartfordSpringfield,245203.25
1,24/12/2017,1.5,conventional,2017,HartfordSpringfield,225990.67
2,17/12/2017,1.44,conventional,2017,HartfordSpringfield,228292.45
3,10/12/2017,1.14,conventional,2017,HartfordSpringfield,447122.29
4,3/12/2017,1.55,conventional,2017,HartfordSpringfield,231210
5,26/11/2017,1.38,conventional,2017,HartfordSpringfield,229399
6,19/11/2017,1.38,conventional,2017,HartfordSpringfield,264765
7,12/11/2017,1.56,conventional,2017,HartfordSpringfield,226866
8,5/11/2017,1.53,conventional,2017,HartfordSpringfield,240615.51
9,29/10/2017,1.53,conventional,2017,HartfordSpringfield,247946.32
10,22/10/2017,1.5,conventional,2017,HartfordSpringfield,244786.18
11,15/10/2017,1.58,conventional,2017,HartfordSpringfield,236604.19
12,8/10/2017,1.6,conventional,2017,HartfordSpringfield,217988.15
13,1/10/2017,1.6,conventional,2017,HartfordSpringfield,250057.54
14,24/09/2017,1.59,conventional,2017,HartfordSpringfield,228615.67
15,17/09/2017,1.54,conventional,2017,HartfordSpringfield,222593.17
16,10/09/2017,1.57,conventional,2017,HartfordSpringfield,243134.01
17,3/09/2017,1.74,conventional,2017,HartfordSpringfield,224635.6
18,27/08/2017,1.78,conventional,2017,HartfordSpringfield,220520.33
19,20/08/2017,1.74,conventional,2017,HartfordSpringfield,223619.15
20,13/08/2017,1.63,conventional,2017,HartfordSpringfield,263624.63
21,6/08/2017,1.6,conventional,2017,HartfordSpringfield,262304.2
22,30/07/2017,1.56,conventional,2017,HartfordSpringfield,258166.4
23,23/07/2017,1.59,conventional,2017,HartfordSpringfield,264308.37
24,16/07/2017,1.59,conventional,2017,HartfordSpringfield,265615.87
25,9/07/2017,1.72,conventional,2017,HartfordSpringfield,273059.91
26,2/07/2017,1.76,conventional,2017,HartfordSpringfield,259782.83
27,25/06/2017,1.68,conventional,2017,HartfordSpringfield,275912.97
28,18/06/2017,1.79,conventional,2017,HartfordSpringfield,256900.68
29,11/06/2017,1.75,conventional,2017,HartfordSpringfield,296173.79
30,4/06/2017,1.81,conventional,2017,HartfordSpringfield,288516.73
31,28/05/2017,1.85,conventional,2017,HartfordSpringfield,304340.56
32,21/05/2017,1.8,conventional,2017,HartfordSpringfield,279086.43
33,14/05/2017,1.76,conventional,2017,HartfordSpringfield,285282.2
34,7/05/2017,1.61,conventional,2017,HartfordSpringfield,369499.67
35,30/04/2017,1.66,conventional,2017,HartfordSpringfield,300311.86
36,23/04/2017,1.76,conventional,2017,HartfordSpringfield,267468.69
37,16/04/2017,1.8,conventional,2017,HartfordSpringfield,257405.41
38,9/04/2017,1.74,conventional,2017,HartfordSpringfield,284522.31
39,2/04/2017,1.71,conventional,2017,HartfordSpringfield,269090.51
40,26/03/2017,1.58,conventional,2017,HartfordSpringfield,270398.76
41,19/03/2017,1.66,conventional,2017,HartfordSpringfield,253838.3
42,12/03/2017,1.65,conventional,2017,HartfordSpringfield,248805.91
43,5/03/2017,1.25,conventional,2017,HartfordSpringfield,373924.25
44,26/02/2017,1.59,conventional,2017,HartfordSpringfield,259318.66
45,19/02/2017,1.3,conventional,2017,HartfordSpringfield,249027.94
46,12/02/2017,1.14,conventional,2017,HartfordSpringfield,395980.22
47,5/02/2017,1.2,conventional,2017,HartfordSpringfield,486542.38
48,29/01/2017,1.46,conventional,2017,HartfordSpringfield,292710.38
49,22/01/2017,1.47,conventional,2017,HartfordSpringfield,332672.05
50,15/01/2017,1.43,conventional,2017,HartfordSpringfield,284386.03
51,8/01/2017,1.25,conventional,2017,HartfordSpringfield,369468.59
52,1/01/2017,1.64,conventional,2017,HartfordSpringfield,232663.88
