avocado.csv
Index,Date,Average Price,Type,Year,Region,Total Volume
0,27/12/2015,0.78,conventional,2015,Houston,944506.54
1,20/12/2015,0.75,conventional,2015,Houston,922355.67
2,13/12/2015,0.73,conventional,2015,Houston,998752.95
3,6/12/2015,0.74,conventional,2015,Houston,989676.85
4,29/11/2015,0.79,conventional,2015,Houston,783225.98
5,22/11/2015,0.73,conventional,2015,Houston,913002.96
6,15/11/2015,0.72,conventional,2015,Houston,998801.78
7,8/11/2015,0.75,conventional,2015,Houston,983909.85
8,1/11/2015,0.77,conventional,2015,Houston,1007805.74
9,25/10/2015,0.88,conventional,2015,Houston,933623.58
10,18/10/2015,0.9,conventional,2015,Houston,847813.12
11,11/10/2015,0.79,conventional,2015,Houston,1036269.51
12,4/10/2015,0.82,conventional,2015,Houston,1019283.99
13,27/09/2015,0.86,conventional,2015,Houston,968988.09
14,20/09/2015,0.83,conventional,2015,Houston,967228.05
15,13/09/2015,0.89,conventional,2015,Houston,1095790.27
16,6/09/2015,0.89,conventional,2015,Houston,1090493.39
17,30/08/2015,0.88,conventional,2015,Houston,926124.93
18,23/08/2015,0.89,conventional,2015,Houston,933166.17
19,16/08/2015,0.92,conventional,2015,Houston,968899.09
20,9/08/2015,0.92,conventional,2015,Houston,935149.69
21,2/08/2015,0.9,conventional,2015,Houston,948126.9
22,26/07/2015,0.79,conventional,2015,Houston,1086740.19
23,19/07/2015,0.78,conventional,2015,Houston,1093424.59
24,12/07/2015,0.79,conventional,2015,Houston,999607.51
25,5/07/2015,0.79,conventional,2015,Houston,1173819.67
26,28/06/2015,0.74,conventional,2015,Houston,1135915.03
27,21/06/2015,0.74,conventional,2015,Houston,1196121.27
28,14/06/2015,0.62,conventional,2015,Houston,1533409.28
29,7/06/2015,0.72,conventional,2015,Houston,1172177.72
30,31/05/2015,0.72,conventional,2015,Houston,1262932.78
31,24/05/2015,0.83,conventional,2015,Houston,1089679.39
32,17/05/2015,0.82,conventional,2015,Houston,1025659.59
33,10/05/2015,0.76,conventional,2015,Houston,1201673.17
34,3/05/2015,0.74,conventional,2015,Houston,1296308.05
35,26/04/2015,0.79,conventional,2015,Houston,1082231.89
36,19/04/2015,0.82,conventional,2015,Houston,933033.17
37,12/04/2015,0.79,conventional,2015,Houston,1096074.97
38,5/04/2015,0.83,conventional,2015,Houston,1249645.2
39,29/03/2015,0.79,conventional,2015,Houston,1116225.29
40,22/03/2015,0.8,conventional,2015,Houston,1036663.77
41,15/03/2015,0.77,conventional,2015,Houston,1043172.77
42,8/03/2015,0.78,conventional,2015,Houston,1166055.83
43,1/03/2015,0.87,conventional,2015,Houston,991328.46
44,22/02/2015,0.82,conventional,2015,Houston,978807.74
45,15/02/2015,0.73,conventional,2015,Houston,1062387.72
46,8/02/2015,0.7,conventional,2015,Houston,1180723.02
47,1/02/2015,0.72,conventional,2015,Houston,1280364.01
48,25/01/2015,0.77,conventional,2015,Houston,983910.94
49,18/01/2015,0.77,conventional,2015,Houston,1017854.16
50,11/01/2015,0.78,conventional,2015,Houston,1062071.65
51,4/01/2015,0.71,conventional,2015,Houston,1062990.62
0,25/12/2016,0.72,conventional,2016,Houston,1126850.62
1,18/12/2016,0.63,conventional,2016,Houston,1212933.22
2,11/12/2016,0.73,conventional,2016,Houston,1015973.91
3,4/12/2016,0.71,conventional,2016,Houston,1130895.62
4,27/11/2016,0.82,conventional,2016,Houston,854629.64
5,20/11/2016,0.99,conventional,2016,Houston,827345.76
6,13/11/2016,1.05,conventional,2016,Houston,828866.8
7,6/11/2016,1.12,conventional,2016,Houston,782911.25
8,30/10/2016,1.15,conventional,2016,Houston,709890.11
9,23/10/2016,1,conventional,2016,Houston,777847.84
10,16/10/2016,0.98,conventional,2016,Houston,992992.79
11,9/10/2016,0.98,conventional,2016,Houston,1075303.77
12,2/10/2016,0.98,conventional,2016,Houston,1023030.28
13,25/09/2016,0.96,conventional,2016,Houston,1027782.31
14,18/09/2016,0.83,conventional,2016,Houston,1127109.48
15,11/09/2016,0.76,conventional,2016,Houston,1217346.73
16,4/09/2016,0.72,conventional,2016,Houston,1351649.96
17,28/08/2016,0.88,conventional,2016,Houston,1021607.04
18,21/08/2016,0.9,conventional,2016,Houston,1046506.77
19,14/08/2016,0.9,conventional,2016,Houston,1015264.05
20,7/08/2016,0.92,conventional,2016,Houston,1040953.31
21,31/07/2016,0.98,conventional,2016,Houston,941066.42
22,24/07/2016,0.96,conventional,2016,Houston,985027.91
23,17/07/2016,0.92,conventional,2016,Houston,1006984.22
24,10/07/2016,0.89,conventional,2016,Houston,1101543.61
25,3/07/2016,0.92,conventional,2016,Houston,1189787.36
26,26/06/2016,0.88,conventional,2016,Houston,1186692.39
27,19/06/2016,0.89,conventional,2016,Houston,1153583.3
28,12/06/2016,0.83,conventional,2016,Houston,1209996.42
29,5/06/2016,0.85,conventional,2016,Houston,1182841.54
30,29/05/2016,0.82,conventional,2016,Houston,1128598.95
31,22/05/2016,0.68,conventional,2016,Houston,1378761.67
32,15/05/2016,0.69,conventional,2016,Houston,1343566.69
33,8/05/2016,0.65,conventional,2016,Houston,1406283.85
34,1/05/2016,0.68,conventional,2016,Houston,1308614.45
35,24/04/2016,0.67,conventional,2016,Houston,1393042.56
36,17/04/2016,0.69,conventional,2016,Houston,1310677.68
37,10/04/2016,0.7,conventional,2016,Houston,1271741.46
38,3/04/2016,0.72,conventional,2016,Houston,1256919.1
39,27/03/2016,0.75,conventional,2016,Houston,1345865.16
40,20/03/2016,0.76,conventional,2016,Houston,1162026.04
41,13/03/2016,0.76,conventional,2016,Houston,1136963.49
42,6/03/2016,0.76,conventional,2016,Houston,1091432.18
43,28/02/2016,0.76,conventional,2016,Houston,1048304.1
44,21/02/2016,0.8,conventional,2016,Houston,966990.9
45,14/02/2016,0.67,conventional,2016,Houston,1191352.2
46,7/02/2016,0.69,conventional,2016,Houston,1323490.25
47,31/01/2016,0.74,conventional,2016,Houston,1131583.12
48,24/01/2016,0.91,conventional,2016,Houston,867294.64
49,17/01/2016,0.83,conventional,2016,Houston,1071138.98
50,10/01/2016,0.84,conventional,2016,Houston,1095287.56
51,3/01/2016,0.78,conventional,2016,Houston,1061566.78
0,31/12/2017,0.78,conventional,2017,Houston,1391181.63
1,24/12/2017,0.99,conventional,2017,Houston,1063384.61
2,17/12/2017,0.98,conventional,2017,Houston,928716.6
3,10/12/2017,0.79,conventional,2017,Houston,1266364.71
4,3/12/2017,0.77,conventional,2017,Houston,1398400
5,26/11/2017,0.88,conventional,2017,Houston,991547
6,19/11/2017,0.89,conventional,2017,Houston,1142126
7,12/11/2017,0.88,conventional,2017,Houston,1256897
8,5/11/2017,0.95,conventional,2017,Houston,1363261.11
9,29/10/2017,1.12,conventional,2017,Houston,1126402.78
10,22/10/2017,1.16,conventional,2017,Houston,1008358.03
11,15/10/2017,1.26,conventional,2017,Houston,1029556.13
12,8/10/2017,1.29,conventional,2017,Houston,1042700.75
13,1/10/2017,1.29,conventional,2017,Houston,991939.31
14,24/09/2017,1.25,conventional,2017,Houston,949769.71
15,17/09/2017,1.2,conventional,2017,Houston,964460.21
16,10/09/2017,1.1,conventional,2017,Houston,1138315.8
17,3/09/2017,1.19,conventional,2017,Houston,852110.88
18,27/08/2017,1.16,conventional,2017,Houston,1109914.22
19,20/08/2017,1.01,conventional,2017,Houston,1096227.54
20,13/08/2017,0.99,conventional,2017,Houston,1332232.95
21,6/08/2017,0.99,conventional,2017,Houston,1192888.53
22,30/07/2017,1,conventional,2017,Houston,1117345.6
23,23/07/2017,1.02,conventional,2017,Houston,1088792.51
24,16/07/2017,1.01,conventional,2017,Houston,1143310.87
25,9/07/2017,0.78,conventional,2017,Houston,1513596.5
26,2/07/2017,0.83,conventional,2017,Houston,1348652.11
27,25/06/2017,0.82,conventional,2017,Houston,1352318.9
28,18/06/2017,0.77,conventional,2017,Houston,1755331.3
29,11/06/2017,0.89,conventional,2017,Houston,1240308.02
30,4/06/2017,0.83,conventional,2017,Houston,1377530.34
31,28/05/2017,0.87,conventional,2017,Houston,1315258.8
32,21/05/2017,0.83,conventional,2017,Houston,1262476.33
33,14/05/2017,0.79,conventional,2017,Houston,1444023.34
34,7/05/2017,0.74,conventional,2017,Houston,1789051.94
35,30/04/2017,0.72,conventional,2017,Houston,1832450.4
36,23/04/2017,0.68,conventional,2017,Houston,1776220.69
37,16/04/2017,0.76,conventional,2017,Houston,1402904.54
38,9/04/2017,0.81,conventional,2017,Houston,1244695.02
39,2/04/2017,0.7,conventional,2017,Houston,1543050.06
40,26/03/2017,0.83,conventional,2017,Houston,1074520.66
41,19/03/2017,0.85,conventional,2017,Houston,1016536.61
42,12/03/2017,0.9,conventional,2017,Houston,903586.21
43,5/03/2017,0.74,conventional,2017,Houston,1110895.97
44,26/02/2017,0.53,conventional,2017,Houston,1547337.25
45,19/02/2017,0.67,conventional,2017,Houston,1190708.83
46,12/02/2017,0.58,conventional,2017,Houston,1420811.06
47,5/02/2017,0.55,conventional,2017,Houston,1977923.65
48,29/01/2017,0.7,conventional,2017,Houston,1258481.11
49,22/01/2017,0.68,conventional,2017,Houston,1119168.1
50,15/01/2017,0.53,conventional,2017,Houston,1613159.67
51,8/01/2017,0.57,conventional,2017,Houston,1417208.02
52,1/01/2017,0.51,conventional,2017,Houston,1475741.07
