avocado.csv
Index,Date,Average Price,Type,Year,Region,Total Volume
0,27/12/2015,1.04,conventional,2015,Indianapolis,123096.09
1,20/12/2015,1.1,conventional,2015,Indianapolis,116353.68
2,13/12/2015,1.03,conventional,2015,Indianapolis,125342.89
3,6/12/2015,0.92,conventional,2015,Indianapolis,145740.44
4,29/11/2015,1.08,conventional,2015,Indianapolis,108444.41
5,22/11/2015,1.11,conventional,2015,Indianapolis,115384.56
6,15/11/2015,1.08,conventional,2015,Indianapolis,124218.61
7,8/11/2015,0.96,conventional,2015,Indianapolis,147799.55
8,1/11/2015,1.01,conventional,2015,Indianapolis,147459.62
9,25/10/2015,1.02,conventional,2015,Indianapolis,151558.74
10,18/10/2015,0.97,conventional,2015,Indianapolis,159463.52
11,11/10/2015,1.1,conventional,2015,Indianapolis,128848.68
12,4/10/2015,0.98,conventional,2015,Indianapolis,139679.01
13,27/09/2015,1.04,conventional,2015,Indianapolis,139490.52
14,20/09/2015,0.91,conventional,2015,Indianapolis,185962.59
15,13/09/2015,0.87,conventional,2015,Indianapolis,201620.58
16,6/09/2015,1.11,conventional,2015,Indianapolis,156608.28
17,30/08/2015,1.17,conventional,2015,Indianapolis,147066.48
18,23/08/2015,1.22,conventional,2015,Indianapolis,131935.23
19,16/08/2015,1.14,conventional,2015,Indianapolis,160059.77
20,9/08/2015,1.2,conventional,2015,Indianapolis,148384.89
21,2/08/2015,1.21,conventional,2015,Indianapolis,151883.21
22,26/07/2015,1.22,conventional,2015,Indianapolis,144476.44
23,19/07/2015,1.07,conventional,2015,Indianapolis,168164.47
24,12/07/2015,1.05,conventional,2015,Indianapolis,161431.59
25,5/07/2015,1.05,conventional,2015,Indianapolis,190716.43
26,28/06/2015,0.95,conventional,2015,Indianapolis,198267.13
27,21/06/2015,1.03,conventional,2015,Indianapolis,205199.16
28,14/06/2015,1.15,conventional,2015,Indianapolis,173545.33
29,7/06/2015,1.28,conventional,2015,Indianapolis,155730.59
30,31/05/2015,1.37,conventional,2015,Indianapolis,142817.83
31,24/05/2015,1.29,conventional,2015,Indianapolis,168797.97
32,17/05/2015,1.26,conventional,2015,Indianapolis,164076.81
33,10/05/2015,1.06,conventional,2015,Indianapolis,195532.38
34,3/05/2015,1.13,conventional,2015,Indianapolis,178889.83
35,26/04/2015,1.24,conventional,2015,Indianapolis,158499.41
36,19/04/2015,1.08,conventional,2015,Indianapolis,179103.3
37,12/04/2015,1.15,conventional,2015,Indianapolis,146422.18
38,5/04/2015,1.17,conventional,2015,Indianapolis,151260.15
39,29/03/2015,1.09,conventional,2015,Indianapolis,161288.59
40,22/03/2015,1.11,conventional,2015,Indianapolis,160557.81
41,15/03/2015,1.21,conventional,2015,Indianapolis,140487.57
42,8/03/2015,1.07,conventional,2015,Indianapolis,160438.38
43,1/03/2015,1.13,conventional,2015,Indianapolis,169556.49
44,22/02/2015,1.34,conventional,2015,Indianapolis,127501.04
45,15/02/2015,1.3,conventional,2015,Indianapolis,121767.82
46,8/02/2015,0.98,conventional,2015,Indianapolis,158792.02
47,1/02/2015,0.92,conventional,2015,Indianapolis,245352.56
48,25/01/2015,1.06,conventional,2015,Indianapolis,149473.79
49,18/01/2015,1.14,conventional,2015,Indianapolis,149319.82
50,11/01/2015,1.25,conventional,2015,Indianapolis,138617.04
51,4/01/2015,1.02,conventional,2015,Indianapolis,160130.15
0,25/12/2016,1.13,conventional,2016,Indianapolis,135848.61
1,18/12/2016,1.19,conventional,2016,Indianapolis,122035.89
2,11/12/2016,1.17,conventional,2016,Indianapolis,133480.18
3,4/12/2016,1.18,conventional,2016,Indianapolis,144732.39
4,27/11/2016,1.34,conventional,2016,Indianapolis,103728.7
5,20/11/2016,1.29,conventional,2016,Indianapolis,124674.05
6,13/11/2016,1.29,conventional,2016,Indianapolis,127579.36
7,6/11/2016,1.37,conventional,2016,Indianapolis,126205.09
8,30/10/2016,1.2,conventional,2016,Indianapolis,139574.84
9,23/10/2016,1.31,conventional,2016,Indianapolis,142946.23
10,16/10/2016,1.27,conventional,2016,Indianapolis,138921.48
11,9/10/2016,1.2,conventional,2016,Indianapolis,143911.76
12,2/10/2016,1.31,conventional,2016,Indianapolis,146709.18
13,25/09/2016,1.39,conventional,2016,Indianapolis,150804.6
14,18/09/2016,1.26,conventional,2016,Indianapolis,153211.68
15,11/09/2016,1.29,conventional,2016,Indianapolis,157333.39
16,4/09/2016,1.31,conventional,2016,Indianapolis,160672.02
17,28/08/2016,1.27,conventional,2016,Indianapolis,167401.86
18,21/08/2016,1.3,conventional,2016,Indianapolis,160968.73
19,14/08/2016,1.27,conventional,2016,Indianapolis,169421.1
20,7/08/2016,1.33,conventional,2016,Indianapolis,163338.94
21,31/07/2016,1.27,conventional,2016,Indianapolis,159573.77
22,24/07/2016,1.2,conventional,2016,Indianapolis,178389.87
23,17/07/2016,1.08,conventional,2016,Indianapolis,195710.39
24,10/07/2016,1.12,conventional,2016,Indianapolis,191786.29
25,3/07/2016,1.1,conventional,2016,Indianapolis,205562.64
26,26/06/2016,1.15,conventional,2016,Indianapolis,183555.06
27,19/06/2016,1.13,conventional,2016,Indianapolis,193533.04
28,12/06/2016,1.12,conventional,2016,Indianapolis,186723.32
29,5/06/2016,1.05,conventional,2016,Indianapolis,208086.58
30,29/05/2016,1.01,conventional,2016,Indianapolis,210386.61
31,22/05/2016,0.87,conventional,2016,Indianapolis,214847.19
32,15/05/2016,0.88,conventional,2016,Indianapolis,212806.58
33,8/05/2016,0.93,conventional,2016,Indianapolis,228601.39
34,1/05/2016,0.92,conventional,2016,Indianapolis,207488.02
35,24/04/2016,0.95,conventional,2016,Indianapolis,217736.25
36,17/04/2016,0.97,conventional,2016,Indianapolis,218237.53
37,10/04/2016,1.07,conventional,2016,Indianapolis,168009.21
38,3/04/2016,0.99,conventional,2016,Indianapolis,154098.59
39,27/03/2016,0.99,conventional,2016,Indianapolis,195373.94
40,20/03/2016,1.12,conventional,2016,Indianapolis,168886.56
41,13/03/2016,1.03,conventional,2016,Indianapolis,179067.02
42,6/03/2016,0.96,conventional,2016,Indianapolis,208283.71
43,28/02/2016,0.99,conventional,2016,Indianapolis,188077.25
44,21/02/2016,1.03,conventional,2016,Indianapolis,153498.43
45,14/02/2016,0.83,conventional,2016,Indianapolis,219871.64
46,7/02/2016,0.88,conventional,2016,Indianapolis,240237.26
47,31/01/2016,0.98,conventional,2016,Indianapolis,175610.18
48,24/01/2016,0.93,conventional,2016,Indianapolis,168035.39
49,17/01/2016,0.97,conventional,2016,Indianapolis,171404.92
50,10/01/2016,1,conventional,2016,Indianapolis,173238.2
51,3/01/2016,0.95,conventional,2016,Indianapolis,184669.77
0,31/12/2017,0.96,conventional,2017,Indianapolis,205202.95
1,24/12/2017,1.3,conventional,2017,Indianapolis,148389.14
2,17/12/2017,1.26,conventional,2017,Indianapolis,143975.58
3,10/12/2017,1.26,conventional,2017,Indianapolis,167890.91
4,3/12/2017,1.25,conventional,2017,Indianapolis,182891
5,26/11/2017,1.4,conventional,2017,Indianapolis,115688
6,19/11/2017,1.08,conventional,2017,Indianapolis,178437
7,12/11/2017,1.03,conventional,2017,Indianapolis,202129
8,5/11/2017,1.26,conventional,2017,Indianapolis,194103.11
9,29/10/2017,1.63,conventional,2017,Indianapolis,152558.08
10,22/10/2017,1.67,conventional,2017,Indianapolis,125746.37
11,15/10/2017,1.76,conventional,2017,Indianapolis,120662.74
12,8/10/2017,1.97,conventional,2017,Indianapolis,105043.74
13,1/10/2017,1.84,conventional,2017,Indianapolis,128999.95
14,24/09/2017,1.74,conventional,2017,Indianapolis,135854.22
15,17/09/2017,1.86,conventional,2017,Indianapolis,126434.16
16,10/09/2017,1.86,conventional,2017,Indianapolis,139315.43
17,3/09/2017,1.7,conventional,2017,Indianapolis,145552.03
18,27/08/2017,1.29,conventional,2017,Indianapolis,179853.82
19,20/08/2017,1.39,conventional,2017,Indianapolis,174633.06
20,13/08/2017,1.49,conventional,2017,Indianapolis,154354.18
21,6/08/2017,1.35,conventional,2017,Indianapolis,170536.59
22,30/07/2017,1.41,conventional,2017,Indianapolis,159525.4
23,23/07/2017,1.36,conventional,2017,Indianapolis,155196.74
24,16/07/2017,1.35,conventional,2017,Indianapolis,166601.37
25,9/07/2017,1.08,conventional,2017,Indianapolis,209047.97
26,2/07/2017,1.09,conventional,2017,Indianapolis,194572.17
27,25/06/2017,1.04,conventional,2017,Indianapolis,197095.32
28,18/06/2017,1.03,conventional,2017,Indianapolis,223221.9
29,11/06/2017,0.98,conventional,2017,Indianapolis,224873.96
30,4/06/2017,1.07,conventional,2017,Indianapolis,218092.41
31,28/05/2017,1.19,conventional,2017,Indianapolis,188284.12
32,21/05/2017,1.09,conventional,2017,Indianapolis,185608.56
33,14/05/2017,0.85,conventional,2017,Indianapolis,268519.12
34,7/05/2017,0.93,conventional,2017,Indianapolis,290014.77
35,30/04/2017,1.18,conventional,2017,Indianapolis,212879.47
36,23/04/2017,1.06,conventional,2017,Indianapolis,211977.98
37,16/04/2017,1.14,conventional,2017,Indianapolis,205429.57
38,9/04/2017,1.3,conventional,2017,Indianapolis,160389.47
39,2/04/2017,1.26,conventional,2017,Indianapolis,166588.45
40,26/03/2017,1.27,conventional,2017,Indianapolis,181489.14
41,19/03/2017,1.25,conventional,2017,Indianapolis,168330.5
42,12/03/2017,1.35,conventional,2017,Indianapolis,149318.47
43,5/03/2017,1.35,conventional,2017,Indianapolis,150301.8
44,26/02/2017,1.02,conventional,2017,Indianapolis,188900.46
45,19/02/2017,0.94,conventional,2017,Indianapolis,179250.21
46,12/02/2017,0.77,conventional,2017,Indianapolis,237575.64
47,5/02/2017,0.84,conventional,2017,Indianapolis,276051.64
48,29/01/2017,0.87,conventional,2017,Indianapolis,224036.18
49,22/01/2017,0.93,conventional,2017,Indianapolis,204570.78
50,15/01/2017,0.96,conventional,2017,Indianapolis,210793.64
51,8/01/2017,0.86,conventional,2017,Indianapolis,222849.42
52,1/01/2017,0.91,conventional,2017,Indianapolis,186464.64
