avocado.csv
Index,Date,Average Price,Type,Year,Region,Total Volume
0,27/12/2015,0.99,conventional,2015,Jacksonville,132982.84
1,20/12/2015,1.19,conventional,2015,Jacksonville,95935.66
2,13/12/2015,0.96,conventional,2015,Jacksonville,140036.16
3,6/12/2015,1.19,conventional,2015,Jacksonville,93337.13
4,29/11/2015,0.96,conventional,2015,Jacksonville,121236.54
5,22/11/2015,0.98,conventional,2015,Jacksonville,115300.79
6,15/11/2015,1.25,conventional,2015,Jacksonville,90999.05
7,8/11/2015,1.25,conventional,2015,Jacksonville,94495.69
8,1/11/2015,0.97,conventional,2015,Jacksonville,162559.72
9,25/10/2015,1.22,conventional,2015,Jacksonville,98097.37
10,18/10/2015,1.25,conventional,2015,Jacksonville,92599.79
11,11/10/2015,0.99,conventional,2015,Jacksonville,141875.2
12,4/10/2015,0.99,conventional,2015,Jacksonville,153146.21
13,27/09/2015,1.27,conventional,2015,Jacksonville,92325.73
14,20/09/2015,0.99,conventional,2015,Jacksonville,157688.29
15,13/09/2015,1.24,conventional,2015,Jacksonville,102870.89
16,6/09/2015,0.98,conventional,2015,Jacksonville,179837.71
17,30/08/2015,1.26,conventional,2015,Jacksonville,116109
18,23/08/2015,1.25,conventional,2015,Jacksonville,111825.39
19,16/08/2015,1.25,conventional,2015,Jacksonville,107523.14
20,9/08/2015,0.99,conventional,2015,Jacksonville,188720.77
21,2/08/2015,1.24,conventional,2015,Jacksonville,112332.05
22,26/07/2015,1.25,conventional,2015,Jacksonville,112997.27
23,19/07/2015,1,conventional,2015,Jacksonville,173741.3
24,12/07/2015,1.22,conventional,2015,Jacksonville,110964.6
25,5/07/2015,0.95,conventional,2015,Jacksonville,211960.25
26,28/06/2015,1.16,conventional,2015,Jacksonville,135739.94
27,21/06/2015,0.95,conventional,2015,Jacksonville,192111.32
28,14/06/2015,1.2,conventional,2015,Jacksonville,129526.61
29,7/06/2015,0.98,conventional,2015,Jacksonville,190396.8
30,31/05/2015,1.24,conventional,2015,Jacksonville,128105.43
31,24/05/2015,1,conventional,2015,Jacksonville,195410.86
32,17/05/2015,1.22,conventional,2015,Jacksonville,120930.26
33,10/05/2015,1.24,conventional,2015,Jacksonville,125605.25
34,3/05/2015,0.96,conventional,2015,Jacksonville,254514.32
35,26/04/2015,1.21,conventional,2015,Jacksonville,127939.11
36,19/04/2015,1.17,conventional,2015,Jacksonville,124795.93
37,12/04/2015,0.99,conventional,2015,Jacksonville,180970.46
38,5/04/2015,1.1,conventional,2015,Jacksonville,146744.37
39,29/03/2015,1.2,conventional,2015,Jacksonville,109050.11
40,22/03/2015,0.96,conventional,2015,Jacksonville,185570.06
41,15/03/2015,1.27,conventional,2015,Jacksonville,110128.66
42,8/03/2015,1.24,conventional,2015,Jacksonville,112487.2
43,1/03/2015,1.01,conventional,2015,Jacksonville,167254.64
44,22/02/2015,1.1,conventional,2015,Jacksonville,121048.7
45,15/02/2015,1.24,conventional,2015,Jacksonville,105176.25
46,8/02/2015,1.21,conventional,2015,Jacksonville,91840.75
47,1/02/2015,0.92,conventional,2015,Jacksonville,237910.63
48,25/01/2015,1.2,conventional,2015,Jacksonville,109940.55
49,18/01/2015,1.27,conventional,2015,Jacksonville,99496.16
50,11/01/2015,1.2,conventional,2015,Jacksonville,99757.17
51,4/01/2015,0.97,conventional,2015,Jacksonville,153506.84
0,25/12/2016,0.81,conventional,2016,Jacksonville,187804.02
1,18/12/2016,0.84,conventional,2016,Jacksonville,162502.3
2,11/12/2016,1.17,conventional,2016,Jacksonville,116052.47
3,4/12/2016,0.89,conventional,2016,Jacksonville,206009.55
4,27/11/2016,1.36,conventional,2016,Jacksonville,111672
5,20/11/2016,1.36,conventional,2016,Jacksonville,117495.72
6,13/11/2016,1.31,conventional,2016,Jacksonville,140702.87
7,6/11/2016,1.41,conventional,2016,Jacksonville,127895.28
8,30/10/2016,1.41,conventional,2016,Jacksonville,115122.47
9,23/10/2016,1.35,conventional,2016,Jacksonville,119840.12
10,16/10/2016,1.12,conventional,2016,Jacksonville,157329.41
11,9/10/2016,1.31,conventional,2016,Jacksonville,135520.48
12,2/10/2016,1.31,conventional,2016,Jacksonville,159576.97
13,25/09/2016,1.26,conventional,2016,Jacksonville,158194.1
14,18/09/2016,1.05,conventional,2016,Jacksonville,175928.62
15,11/09/2016,1.1,conventional,2016,Jacksonville,150295.99
16,4/09/2016,0.94,conventional,2016,Jacksonville,239246.03
17,28/08/2016,1.14,conventional,2016,Jacksonville,177300.14
18,21/08/2016,1.11,conventional,2016,Jacksonville,189700.13
19,14/08/2016,1.11,conventional,2016,Jacksonville,206617.11
20,7/08/2016,1.23,conventional,2016,Jacksonville,151751.97
21,31/07/2016,1.23,conventional,2016,Jacksonville,152777.16
22,24/07/2016,1.21,conventional,2016,Jacksonville,156316.92
23,17/07/2016,1.22,conventional,2016,Jacksonville,165453.6
24,10/07/2016,1.19,conventional,2016,Jacksonville,164680.49
25,3/07/2016,0.93,conventional,2016,Jacksonville,272150.68
26,26/06/2016,1.19,conventional,2016,Jacksonville,159128.77
27,19/06/2016,0.94,conventional,2016,Jacksonville,226775.36
28,12/06/2016,1.2,conventional,2016,Jacksonville,151428.59
29,5/06/2016,0.95,conventional,2016,Jacksonville,221144.08
30,29/05/2016,0.92,conventional,2016,Jacksonville,242168.85
31,22/05/2016,1.17,conventional,2016,Jacksonville,160652.39
32,15/05/2016,0.79,conventional,2016,Jacksonville,257370.46
33,8/05/2016,0.8,conventional,2016,Jacksonville,224519.56
34,1/05/2016,0.68,conventional,2016,Jacksonville,370646.01
35,24/04/2016,0.8,conventional,2016,Jacksonville,267225.58
36,17/04/2016,1,conventional,2016,Jacksonville,184827.45
37,10/04/2016,0.8,conventional,2016,Jacksonville,261081.39
38,3/04/2016,1.01,conventional,2016,Jacksonville,181662.16
39,27/03/2016,1.06,conventional,2016,Jacksonville,158322.64
40,20/03/2016,1.07,conventional,2016,Jacksonville,140301.04
41,13/03/2016,0.81,conventional,2016,Jacksonville,241653.71
42,6/03/2016,1.06,conventional,2016,Jacksonville,155654.59
43,28/02/2016,0.77,conventional,2016,Jacksonville,253489.72
44,21/02/2016,1.01,conventional,2016,Jacksonville,141335.89
45,14/02/2016,0.95,conventional,2016,Jacksonville,151724.07
46,7/02/2016,0.54,conventional,2016,Jacksonville,369757.62
47,31/01/2016,1.04,conventional,2016,Jacksonville,151247.03
48,24/01/2016,0.93,conventional,2016,Jacksonville,192194.31
49,17/01/2016,1.21,conventional,2016,Jacksonville,118230.86
50,10/01/2016,0.95,conventional,2016,Jacksonville,181584.67
51,3/01/2016,1.09,conventional,2016,Jacksonville,148599.47
0,31/12/2017,1.12,conventional,2017,Jacksonville,206562.78
1,24/12/2017,1.38,conventional,2017,Jacksonville,127181.54
2,17/12/2017,0.99,conventional,2017,Jacksonville,176847.28
3,10/12/2017,1.01,conventional,2017,Jacksonville,181425.66
4,3/12/2017,1.26,conventional,2017,Jacksonville,152697
5,26/11/2017,1.42,conventional,2017,Jacksonville,120001
6,19/11/2017,1.21,conventional,2017,Jacksonville,155729
7,12/11/2017,1.33,conventional,2017,Jacksonville,154511
8,5/11/2017,1.48,conventional,2017,Jacksonville,131679.37
9,29/10/2017,1.17,conventional,2017,Jacksonville,193936.8
10,22/10/2017,1.56,conventional,2017,Jacksonville,152418.64
11,15/10/2017,1.76,conventional,2017,Jacksonville,137503.61
12,8/10/2017,1.79,conventional,2017,Jacksonville,152742.37
13,1/10/2017,2,conventional,2017,Jacksonville,128592.98
14,24/09/2017,1.82,conventional,2017,Jacksonville,130570.77
15,17/09/2017,1.73,conventional,2017,Jacksonville,141725.96
16,10/09/2017,1.77,conventional,2017,Jacksonville,117342.62
17,3/09/2017,1.88,conventional,2017,Jacksonville,147242.45
18,27/08/2017,1.63,conventional,2017,Jacksonville,138021.2
19,20/08/2017,1.63,conventional,2017,Jacksonville,150828.78
20,13/08/2017,1.49,conventional,2017,Jacksonville,171995.95
21,6/08/2017,1.44,conventional,2017,Jacksonville,148237.94
22,30/07/2017,1.43,conventional,2017,Jacksonville,157712.19
23,23/07/2017,1.44,conventional,2017,Jacksonville,172994.22
24,16/07/2017,1.48,conventional,2017,Jacksonville,160177.18
25,9/07/2017,1.42,conventional,2017,Jacksonville,161864.64
26,2/07/2017,1.41,conventional,2017,Jacksonville,189413.48
27,25/06/2017,1.36,conventional,2017,Jacksonville,180199.86
28,18/06/2017,1.45,conventional,2017,Jacksonville,151012.55
29,11/06/2017,1.43,conventional,2017,Jacksonville,193088.4
30,4/06/2017,1.46,conventional,2017,Jacksonville,178356.7
31,28/05/2017,1.43,conventional,2017,Jacksonville,181588.22
32,21/05/2017,1.44,conventional,2017,Jacksonville,155818.85
33,14/05/2017,1.47,conventional,2017,Jacksonville,148325.98
34,7/05/2017,1.13,conventional,2017,Jacksonville,268808.12
35,30/04/2017,1.26,conventional,2017,Jacksonville,240227.67
36,23/04/2017,1.47,conventional,2017,Jacksonville,156137.58
37,16/04/2017,1.46,conventional,2017,Jacksonville,151862.73
38,9/04/2017,1.5,conventional,2017,Jacksonville,151364.03
39,2/04/2017,1.64,conventional,2017,Jacksonville,149669.6
40,26/03/2017,1.62,conventional,2017,Jacksonville,149813.32
41,19/03/2017,1.56,conventional,2017,Jacksonville,138402.06
42,12/03/2017,1.55,conventional,2017,Jacksonville,146196.96
43,5/03/2017,1.56,conventional,2017,Jacksonville,134582.21
44,26/02/2017,1.16,conventional,2017,Jacksonville,172502.22
45,19/02/2017,1.23,conventional,2017,Jacksonville,139949.65
46,12/02/2017,0.9,conventional,2017,Jacksonville,216367.38
47,5/02/2017,0.74,conventional,2017,Jacksonville,398543.91
48,29/01/2017,1.11,conventional,2017,Jacksonville,206654.98
49,22/01/2017,0.91,conventional,2017,Jacksonville,246514.81
50,15/01/2017,1.16,conventional,2017,Jacksonville,191122.29
51,8/01/2017,1.15,conventional,2017,Jacksonville,141693.33
52,1/01/2017,0.81,conventional,2017,Jacksonville,263730.05
