avocado.csv
Index,Date,Average Price,Type,Year,Region,Total Volume
0,27/12/2015,0.83,conventional,2015,LasVegas,292707.14
1,20/12/2015,0.96,conventional,2015,LasVegas,232294.71
2,13/12/2015,0.95,conventional,2015,LasVegas,216119.35
3,6/12/2015,0.89,conventional,2015,LasVegas,244024.83
4,29/11/2015,0.95,conventional,2015,LasVegas,205476.61
5,22/11/2015,0.98,conventional,2015,LasVegas,215985.17
6,15/11/2015,0.95,conventional,2015,LasVegas,247795.44
7,8/11/2015,0.92,conventional,2015,LasVegas,237248.22
8,1/11/2015,0.99,conventional,2015,LasVegas,230414.44
9,25/10/2015,0.98,conventional,2015,LasVegas,245167.14
10,18/10/2015,0.91,conventional,2015,LasVegas,279364.03
11,11/10/2015,0.94,conventional,2015,LasVegas,268709.29
12,4/10/2015,0.97,conventional,2015,LasVegas,269072.2
13,27/09/2015,0.97,conventional,2015,LasVegas,272925.76
14,20/09/2015,0.97,conventional,2015,LasVegas,284247.2
15,13/09/2015,0.88,conventional,2015,LasVegas,346994.49
16,6/09/2015,1.02,conventional,2015,LasVegas,311124.27
17,30/08/2015,1.09,conventional,2015,LasVegas,284309.17
18,23/08/2015,1.06,conventional,2015,LasVegas,261084.13
19,16/08/2015,0.96,conventional,2015,LasVegas,314774.36
20,9/08/2015,0.96,conventional,2015,LasVegas,353118.24
21,2/08/2015,1.09,conventional,2015,LasVegas,272441.01
22,26/07/2015,1.06,conventional,2015,LasVegas,272267.5
23,19/07/2015,1.03,conventional,2015,LasVegas,269642.38
24,12/07/2015,1.02,conventional,2015,LasVegas,277827.44
25,5/07/2015,1.05,conventional,2015,LasVegas,332735.24
26,28/06/2015,1.01,conventional,2015,LasVegas,293408.89
27,21/06/2015,0.9,conventional,2015,LasVegas,338638.8
28,14/06/2015,0.88,conventional,2015,LasVegas,389599.87
29,7/06/2015,1.02,conventional,2015,LasVegas,335693.08
30,31/05/2015,1.03,conventional,2015,LasVegas,285741.48
31,24/05/2015,0.98,conventional,2015,LasVegas,293059.1
32,17/05/2015,0.95,conventional,2015,LasVegas,279843.22
33,10/05/2015,0.98,conventional,2015,LasVegas,325085.14
34,3/05/2015,0.94,conventional,2015,LasVegas,406840.38
35,26/04/2015,0.88,conventional,2015,LasVegas,334718.74
36,19/04/2015,0.82,conventional,2015,LasVegas,336520.6
37,12/04/2015,0.76,conventional,2015,LasVegas,369817.99
38,5/04/2015,0.81,conventional,2015,LasVegas,360356.29
39,29/03/2015,0.84,conventional,2015,LasVegas,354048.59
40,22/03/2015,0.9,conventional,2015,LasVegas,311228.44
41,15/03/2015,1.07,conventional,2015,LasVegas,261650.41
42,8/03/2015,1.01,conventional,2015,LasVegas,291046.81
43,1/03/2015,1.05,conventional,2015,LasVegas,293036.34
44,22/02/2015,1.16,conventional,2015,LasVegas,242732.32
45,15/02/2015,1.12,conventional,2015,LasVegas,255465.26
46,8/02/2015,1.01,conventional,2015,LasVegas,318770.67
47,1/02/2015,0.94,conventional,2015,LasVegas,370223.11
48,25/01/2015,1.06,conventional,2015,LasVegas,249509.99
49,18/01/2015,1.06,conventional,2015,LasVegas,233186.09
50,11/01/2015,0.93,conventional,2015,LasVegas,274481.48
51,4/01/2015,0.8,conventional,2015,LasVegas,317861.35
0,25/12/2016,0.82,conventional,2016,LasVegas,292038.68
1,18/12/2016,0.81,conventional,2016,LasVegas,297506.24
2,11/12/2016,0.83,conventional,2016,LasVegas,339328.92
3,4/12/2016,0.91,conventional,2016,LasVegas,315048.8
4,27/11/2016,0.86,conventional,2016,LasVegas,255656.46
5,20/11/2016,1.12,conventional,2016,LasVegas,237141.08
6,13/11/2016,1.1,conventional,2016,LasVegas,259546.55
7,6/11/2016,1.2,conventional,2016,LasVegas,225301.45
8,30/10/2016,1.16,conventional,2016,LasVegas,223089.05
9,23/10/2016,1.13,conventional,2016,LasVegas,254999.4
10,16/10/2016,1.08,conventional,2016,LasVegas,315743.92
11,9/10/2016,1.16,conventional,2016,LasVegas,276030.7
12,2/10/2016,1.22,conventional,2016,LasVegas,246512.99
13,25/09/2016,1.2,conventional,2016,LasVegas,242299.74
14,18/09/2016,1.12,conventional,2016,LasVegas,278479.43
15,11/09/2016,0.89,conventional,2016,LasVegas,378865.38
16,4/09/2016,1.03,conventional,2016,LasVegas,335179.78
17,28/08/2016,1.03,conventional,2016,LasVegas,288423.36
18,21/08/2016,1,conventional,2016,LasVegas,302708.43
19,14/08/2016,1.08,conventional,2016,LasVegas,295535.64
20,7/08/2016,1.11,conventional,2016,LasVegas,311533.3
21,31/07/2016,1.17,conventional,2016,LasVegas,284566.03
22,24/07/2016,1.15,conventional,2016,LasVegas,283863.44
23,17/07/2016,1.08,conventional,2016,LasVegas,283074
24,10/07/2016,1,conventional,2016,LasVegas,357786.69
25,3/07/2016,1,conventional,2016,LasVegas,362136.8
26,26/06/2016,0.94,conventional,2016,LasVegas,352406.76
27,19/06/2016,0.91,conventional,2016,LasVegas,364254.89
28,12/06/2016,0.94,conventional,2016,LasVegas,348022.24
29,5/06/2016,0.89,conventional,2016,LasVegas,410770.75
30,29/05/2016,0.89,conventional,2016,LasVegas,391993.97
31,22/05/2016,0.93,conventional,2016,LasVegas,318913.34
32,15/05/2016,0.86,conventional,2016,LasVegas,317621.52
33,8/05/2016,0.83,conventional,2016,LasVegas,427575.05
34,1/05/2016,0.85,conventional,2016,LasVegas,363104.7
35,24/04/2016,0.83,conventional,2016,LasVegas,359872.46
36,17/04/2016,0.81,conventional,2016,LasVegas,379464.47
37,10/04/2016,0.87,conventional,2016,LasVegas,354098.37
38,3/04/2016,0.84,conventional,2016,LasVegas,298710.72
39,27/03/2016,0.85,conventional,2016,LasVegas,314268.27
40,20/03/2016,0.82,conventional,2016,LasVegas,332283.27
41,13/03/2016,0.79,conventional,2016,LasVegas,344613.01
42,6/03/2016,0.91,conventional,2016,LasVegas,311402.83
43,28/02/2016,0.86,conventional,2016,LasVegas,316563.55
44,21/02/2016,0.83,conventional,2016,LasVegas,337403.05
45,14/02/2016,0.79,conventional,2016,LasVegas,371467.52
46,7/02/2016,0.74,conventional,2016,LasVegas,437746.54
47,31/01/2016,0.92,conventional,2016,LasVegas,285052.11
48,24/01/2016,1.08,conventional,2016,LasVegas,158978.46
49,17/01/2016,0.88,conventional,2016,LasVegas,289298.37
50,10/01/2016,0.83,conventional,2016,LasVegas,309217.44
51,3/01/2016,0.8,conventional,2016,LasVegas,332971.8
0,31/12/2017,1.04,conventional,2017,LasVegas,291922.57
1,24/12/2017,1.24,conventional,2017,LasVegas,234520.01
2,17/12/2017,1.03,conventional,2017,LasVegas,267987.97
3,10/12/2017,1.03,conventional,2017,LasVegas,288441.17
4,3/12/2017,1.01,conventional,2017,LasVegas,315521
5,26/11/2017,1.16,conventional,2017,LasVegas,205033
6,19/11/2017,1.13,conventional,2017,LasVegas,234265
7,12/11/2017,1.06,conventional,2017,LasVegas,291325
8,5/11/2017,1.12,conventional,2017,LasVegas,321534.28
9,29/10/2017,1.29,conventional,2017,LasVegas,243340.4
10,22/10/2017,1.37,conventional,2017,LasVegas,204094.51
11,15/10/2017,1.45,conventional,2017,LasVegas,202735.87
12,8/10/2017,1.64,conventional,2017,LasVegas,195455.06
13,1/10/2017,1.61,conventional,2017,LasVegas,189529.26
14,24/09/2017,1.61,conventional,2017,LasVegas,192284.92
15,17/09/2017,1.58,conventional,2017,LasVegas,201028.75
16,10/09/2017,1.49,conventional,2017,LasVegas,215393.25
17,3/09/2017,1.53,conventional,2017,LasVegas,204091.69
18,27/08/2017,1.48,conventional,2017,LasVegas,203947.9
19,20/08/2017,1.26,conventional,2017,LasVegas,261684.23
20,13/08/2017,1.18,conventional,2017,LasVegas,323793.98
21,6/08/2017,1.3,conventional,2017,LasVegas,283779.47
22,30/07/2017,1.29,conventional,2017,LasVegas,288905.9
23,23/07/2017,1.28,conventional,2017,LasVegas,296887.44
24,16/07/2017,1.22,conventional,2017,LasVegas,299858.79
25,9/07/2017,0.99,conventional,2017,LasVegas,399827.4
26,2/07/2017,1.06,conventional,2017,LasVegas,376795.81
27,25/06/2017,1.03,conventional,2017,LasVegas,362489.51
28,18/06/2017,1.01,conventional,2017,LasVegas,357696.04
29,11/06/2017,0.99,conventional,2017,LasVegas,374211.54
30,4/06/2017,1.05,conventional,2017,LasVegas,376990.33
31,28/05/2017,1.06,conventional,2017,LasVegas,364486.68
32,21/05/2017,1.02,conventional,2017,LasVegas,356922.23
33,14/05/2017,0.98,conventional,2017,LasVegas,399525.37
34,7/05/2017,0.94,conventional,2017,LasVegas,468975.91
35,30/04/2017,0.95,conventional,2017,LasVegas,359011.13
36,23/04/2017,0.84,conventional,2017,LasVegas,439665.28
37,16/04/2017,0.93,conventional,2017,LasVegas,410849.51
38,9/04/2017,1.04,conventional,2017,LasVegas,304603.84
39,2/04/2017,1.04,conventional,2017,LasVegas,329722.62
40,26/03/2017,1.02,conventional,2017,LasVegas,325734.59
41,19/03/2017,1.02,conventional,2017,LasVegas,318004.24
42,12/03/2017,0.99,conventional,2017,LasVegas,315445.03
43,5/03/2017,0.96,conventional,2017,LasVegas,345889.75
44,26/02/2017,0.89,conventional,2017,LasVegas,325905.13
45,19/02/2017,0.93,conventional,2017,LasVegas,318600.59
46,12/02/2017,0.72,conventional,2017,LasVegas,406866.03
47,5/02/2017,0.54,conventional,2017,LasVegas,680234.93
48,29/01/2017,0.93,conventional,2017,LasVegas,309146.07
49,22/01/2017,0.79,conventional,2017,LasVegas,382850.78
50,15/01/2017,0.78,conventional,2017,LasVegas,419687.35
51,8/01/2017,0.81,conventional,2017,LasVegas,411218.71
52,1/01/2017,0.77,conventional,2017,LasVegas,363865.19
0,27/12/2015,0.8,conventional,2015,LosAngeles,2326942.14
1,20/12/2015,0.85,conventional,2015,LosAngeles,2149872.45
2,13/12/2015,0.74,conventional,2015,LosAngeles,2690296.07
3,6/12/2015,0.66,conventional,2015,LosAngeles,3048290.53
4,29/11/2015,0.83,conventional,2015,LosAngeles,2156008.93
5,22/11/2015,0.81,conventional,2015,LosAngeles,2268076.38
6,15/11/2015,0.74,conventional,2015,LosAngeles,2828361.9
7,8/11/2015,0.84,conventional,2015,LosAngeles,2621078.31
8,1/11/2015,0.89,conventional,2015,LosAngeles,2617806.65
9,25/10/2015,0.95,conventional,2015,LosAngeles,2327634.45
10,18/10/2015,0.89,conventional,2015,LosAngeles,2661345.12
11,11/10/2015,0.92,conventional,2015,LosAngeles,2591981.76
12,4/10/2015,0.98,conventional,2015,LosAngeles,2278629.09
13,27/09/2015,0.9,conventional,2015,LosAngeles,2674658.54
14,20/09/2015,0.99,conventional,2015,LosAngeles,2392448.9
15,13/09/2015,0.98,conventional,2015,LosAngeles,2549512.5
16,6/09/2015,0.92,conventional,2015,LosAngeles,2983163.34
17,30/08/2015,0.9,conventional,2015,LosAngeles,3037663.98
18,23/08/2015,1.03,conventional,2015,LosAngeles,2604991.25
19,16/08/2015,0.93,conventional,2015,LosAngeles,2943218.77
20,9/08/2015,0.94,conventional,2015,LosAngeles,3371114.14
21,2/08/2015,1,conventional,2015,LosAngeles,2742211.46
22,26/07/2015,0.95,conventional,2015,LosAngeles,2893887.74
23,19/07/2015,1.02,conventional,2015,LosAngeles,2614726.11
24,12/07/2015,1.03,conventional,2015,LosAngeles,2652480.7
25,5/07/2015,0.96,conventional,2015,LosAngeles,3435374.51
26,28/06/2015,0.94,conventional,2015,LosAngeles,2921148.91
27,21/06/2015,0.91,conventional,2015,LosAngeles,3040023.34
28,14/06/2015,0.79,conventional,2015,LosAngeles,3689140.93
29,7/06/2015,0.84,conventional,2015,LosAngeles,3261844.41
30,31/05/2015,0.85,conventional,2015,LosAngeles,3196936.02
31,24/05/2015,0.97,conventional,2015,LosAngeles,2853904.6
32,17/05/2015,0.98,conventional,2015,LosAngeles,2557700.83
33,10/05/2015,0.78,conventional,2015,LosAngeles,3553642.53
34,3/05/2015,0.78,conventional,2015,LosAngeles,4015563.02
35,26/04/2015,1.02,conventional,2015,LosAngeles,2355703.98
36,19/04/2015,0.93,conventional,2015,LosAngeles,2901188.07
37,12/04/2015,0.93,conventional,2015,LosAngeles,2799667.4
38,5/04/2015,1.01,conventional,2015,LosAngeles,2603114.56
39,29/03/2015,1,conventional,2015,LosAngeles,2566690.28
40,22/03/2015,1.01,conventional,2015,LosAngeles,2466735.33
41,15/03/2015,0.94,conventional,2015,LosAngeles,2690257.2
42,8/03/2015,0.86,conventional,2015,LosAngeles,2797745.89
43,1/03/2015,0.75,conventional,2015,LosAngeles,3094278.93
44,22/02/2015,0.83,conventional,2015,LosAngeles,2954705.54
45,15/02/2015,0.83,conventional,2015,LosAngeles,2926435.94
46,8/02/2015,0.9,conventional,2015,LosAngeles,2641032.65
47,1/02/2015,0.74,conventional,2015,LosAngeles,4031949.04
48,25/01/2015,0.96,conventional,2015,LosAngeles,2329987.29
49,18/01/2015,0.89,conventional,2015,LosAngeles,2800679.5
50,11/01/2015,0.85,conventional,2015,LosAngeles,2713699.6
51,4/01/2015,0.85,conventional,2015,LosAngeles,2682159.95
0,25/12/2016,0.84,conventional,2016,LosAngeles,2641775.31
1,18/12/2016,0.84,conventional,2016,LosAngeles,2377799.62
2,11/12/2016,0.75,conventional,2016,LosAngeles,2793917.73
3,4/12/2016,0.78,conventional,2016,LosAngeles,2780629.1
4,27/11/2016,1.01,conventional,2016,LosAngeles,2257271.18
5,20/11/2016,1.1,conventional,2016,LosAngeles,2272023.15
6,13/11/2016,1.29,conventional,2016,LosAngeles,1913492.61
7,6/11/2016,1.52,conventional,2016,LosAngeles,1595013.07
8,30/10/2016,1.48,conventional,2016,LosAngeles,1499286.88
9,23/10/2016,1.23,conventional,2016,LosAngeles,2133563.24
10,16/10/2016,1.17,conventional,2016,LosAngeles,2548687.86
11,9/10/2016,1.16,conventional,2016,LosAngeles,2766529.12
12,2/10/2016,1.06,conventional,2016,LosAngeles,2865744.94
13,25/09/2016,1,conventional,2016,LosAngeles,3007073.27
14,18/09/2016,1.06,conventional,2016,LosAngeles,2589309.14
15,11/09/2016,0.95,conventional,2016,LosAngeles,2939704.87
16,4/09/2016,0.88,conventional,2016,LosAngeles,3431676.04
17,28/08/2016,0.81,conventional,2016,LosAngeles,3563268.97
18,21/08/2016,0.93,conventional,2016,LosAngeles,3086167.04
19,14/08/2016,1.03,conventional,2016,LosAngeles,2879218.13
20,7/08/2016,1,conventional,2016,LosAngeles,3094362.21
21,31/07/2016,1.06,conventional,2016,LosAngeles,2826836.07
22,24/07/2016,1.01,conventional,2016,LosAngeles,3033328.67
23,17/07/2016,0.97,conventional,2016,LosAngeles,3092234
24,10/07/2016,0.93,conventional,2016,LosAngeles,3293224.51
25,3/07/2016,0.95,conventional,2016,LosAngeles,3449361.49
26,26/06/2016,0.85,conventional,2016,LosAngeles,3258184.45
27,19/06/2016,0.9,conventional,2016,LosAngeles,3237847.21
28,12/06/2016,0.83,conventional,2016,LosAngeles,3248769.26
29,5/06/2016,0.76,conventional,2016,LosAngeles,3715458.49
30,29/05/2016,0.83,conventional,2016,LosAngeles,3203935.53
31,22/05/2016,0.76,conventional,2016,LosAngeles,3134305.39
32,15/05/2016,0.82,conventional,2016,LosAngeles,2866855.58
33,8/05/2016,0.64,conventional,2016,LosAngeles,3942054.31
34,1/05/2016,0.62,conventional,2016,LosAngeles,3863314.25
35,24/04/2016,0.75,conventional,2016,LosAngeles,3136882.52
36,17/04/2016,0.76,conventional,2016,LosAngeles,3185230.67
37,10/04/2016,0.77,conventional,2016,LosAngeles,3288356.88
38,3/04/2016,0.82,conventional,2016,LosAngeles,2793982.31
39,27/03/2016,0.73,conventional,2016,LosAngeles,3467762.25
40,20/03/2016,0.74,conventional,2016,LosAngeles,3374876.94
41,13/03/2016,0.79,conventional,2016,LosAngeles,2987393.94
42,6/03/2016,0.76,conventional,2016,LosAngeles,3138836.66
43,28/02/2016,0.72,conventional,2016,LosAngeles,3332578.34
44,21/02/2016,0.76,conventional,2016,LosAngeles,3232888.65
45,14/02/2016,0.65,conventional,2016,LosAngeles,3664088.6
46,7/02/2016,0.58,conventional,2016,LosAngeles,4982700.11
47,31/01/2016,0.74,conventional,2016,LosAngeles,3197788.06
48,24/01/2016,0.76,conventional,2016,LosAngeles,3173509.36
49,17/01/2016,0.76,conventional,2016,LosAngeles,2952576.85
50,10/01/2016,0.74,conventional,2016,LosAngeles,3172437.94
51,3/01/2016,0.64,conventional,2016,LosAngeles,3967109.33
0,31/12/2017,0.88,conventional,2017,LosAngeles,3212261.75
1,24/12/2017,1.1,conventional,2017,LosAngeles,2389829.32
2,17/12/2017,0.89,conventional,2017,LosAngeles,3130916.47
3,10/12/2017,1.07,conventional,2017,LosAngeles,2404221.58
4,3/12/2017,1.01,conventional,2017,LosAngeles,2615853
5,26/11/2017,1.19,conventional,2017,LosAngeles,2153918
6,19/11/2017,1.14,conventional,2017,LosAngeles,2391383
7,12/11/2017,1.08,conventional,2017,LosAngeles,2626121
8,5/11/2017,1.04,conventional,2017,LosAngeles,2691240.89
9,29/10/2017,1.09,conventional,2017,LosAngeles,2850377.2
10,22/10/2017,1.49,conventional,2017,LosAngeles,1968638.86
11,15/10/2017,1.67,conventional,2017,LosAngeles,1779831.36
12,8/10/2017,1.8,conventional,2017,LosAngeles,1711267.24
13,1/10/2017,1.77,conventional,2017,LosAngeles,1697028.59
14,24/09/2017,1.75,conventional,2017,LosAngeles,1760610.46
15,17/09/2017,1.73,conventional,2017,LosAngeles,1865690.48
16,10/09/2017,1.74,conventional,2017,LosAngeles,1969051.97
17,3/09/2017,1.61,conventional,2017,LosAngeles,2176974.29
18,27/08/2017,1.66,conventional,2017,LosAngeles,2117126.8
19,20/08/2017,1.45,conventional,2017,LosAngeles,2309865.74
20,13/08/2017,1.19,conventional,2017,LosAngeles,2832849.85
21,6/08/2017,1.22,conventional,2017,LosAngeles,2742628.31
22,30/07/2017,1.39,conventional,2017,LosAngeles,2426027.85
23,23/07/2017,1.38,conventional,2017,LosAngeles,2484918.32
24,16/07/2017,1.37,conventional,2017,LosAngeles,2558156.26
25,9/07/2017,1.12,conventional,2017,LosAngeles,3382974.98
26,2/07/2017,1.07,conventional,2017,LosAngeles,3507155.74
27,25/06/2017,0.92,conventional,2017,LosAngeles,3655667.22
28,18/06/2017,0.99,conventional,2017,LosAngeles,3631321.55
29,11/06/2017,0.99,conventional,2017,LosAngeles,3390850.94
30,4/06/2017,0.96,conventional,2017,LosAngeles,3637220.72
31,28/05/2017,1.13,conventional,2017,LosAngeles,3243908.89
32,21/05/2017,1.14,conventional,2017,LosAngeles,2921916.66
33,14/05/2017,0.94,conventional,2017,LosAngeles,3551402.91
34,7/05/2017,0.87,conventional,2017,LosAngeles,4214313.1
35,30/04/2017,0.99,conventional,2017,LosAngeles,3299258.02
36,23/04/2017,1.04,conventional,2017,LosAngeles,3074226.19
37,16/04/2017,1.18,conventional,2017,LosAngeles,2789630.4
38,9/04/2017,1.01,conventional,2017,LosAngeles,2993246.61
39,2/04/2017,0.98,conventional,2017,LosAngeles,3100355.01
40,26/03/2017,1.12,conventional,2017,LosAngeles,2583323.58
41,19/03/2017,1.11,conventional,2017,LosAngeles,2737872.14
42,12/03/2017,1.12,conventional,2017,LosAngeles,2633574.94
43,5/03/2017,0.99,conventional,2017,LosAngeles,2768930.88
44,26/02/2017,0.82,conventional,2017,LosAngeles,2935077.5
45,19/02/2017,0.79,conventional,2017,LosAngeles,3033918.41
46,12/02/2017,0.64,conventional,2017,LosAngeles,3625630.64
47,5/02/2017,0.53,conventional,2017,LosAngeles,5470227.08
48,29/01/2017,0.6,conventional,2017,LosAngeles,4230448.98
49,22/01/2017,0.62,conventional,2017,LosAngeles,4215552.57
50,15/01/2017,0.76,conventional,2017,LosAngeles,3363407.98
51,8/01/2017,0.89,conventional,2017,LosAngeles,3120961.67
52,1/01/2017,0.84,conventional,2017,LosAngeles,3551337.17
