avocado.csv
Index,Date,Average Price,Type,Year,Region,Total Volume
0,27/12/2015,1.04,conventional,2015,Louisville,61654.94
1,20/12/2015,1.05,conventional,2015,Louisville,56443.43
2,13/12/2015,0.91,conventional,2015,Louisville,76543.82
3,6/12/2015,0.83,conventional,2015,Louisville,103277.35
4,29/11/2015,0.97,conventional,2015,Louisville,58667.71
5,22/11/2015,1.01,conventional,2015,Louisville,60971.36
6,15/11/2015,1.04,conventional,2015,Louisville,58816.5
7,8/11/2015,0.93,conventional,2015,Louisville,86929.62
8,1/11/2015,0.89,conventional,2015,Louisville,103768.67
9,25/10/2015,1.06,conventional,2015,Louisville,64602.5
10,18/10/2015,1.03,conventional,2015,Louisville,74092.73
11,11/10/2015,1.03,conventional,2015,Louisville,74536.59
12,4/10/2015,1.11,conventional,2015,Louisville,63157.22
13,27/09/2015,1.18,conventional,2015,Louisville,60980.52
14,20/09/2015,1.05,conventional,2015,Louisville,71064.71
15,13/09/2015,0.98,conventional,2015,Louisville,85919.67
16,6/09/2015,0.98,conventional,2015,Louisville,98154.04
17,30/08/2015,1.13,conventional,2015,Louisville,70164.74
18,23/08/2015,1.15,conventional,2015,Louisville,65333.2
19,16/08/2015,1.09,conventional,2015,Louisville,78926.9
20,9/08/2015,1.08,conventional,2015,Louisville,83592.89
21,2/08/2015,0.93,conventional,2015,Louisville,91136.65
22,26/07/2015,0.88,conventional,2015,Louisville,99545.41
23,19/07/2015,1.08,conventional,2015,Louisville,77503.36
24,12/07/2015,1.13,conventional,2015,Louisville,72693.94
25,5/07/2015,1.15,conventional,2015,Louisville,81748.59
26,28/06/2015,1.15,conventional,2015,Louisville,69230.74
27,21/06/2015,1.17,conventional,2015,Louisville,78272.57
28,14/06/2015,1.07,conventional,2015,Louisville,82364.21
29,7/06/2015,1.01,conventional,2015,Louisville,98865.51
30,31/05/2015,1,conventional,2015,Louisville,92345.33
31,24/05/2015,1.05,conventional,2015,Louisville,79567.66
32,17/05/2015,1.2,conventional,2015,Louisville,73537.14
33,10/05/2015,1.1,conventional,2015,Louisville,85446.43
34,3/05/2015,1.03,conventional,2015,Louisville,95550.51
35,26/04/2015,1.21,conventional,2015,Louisville,65742.4
36,19/04/2015,1.01,conventional,2015,Louisville,95959.08
37,12/04/2015,0.97,conventional,2015,Louisville,88236.19
38,5/04/2015,1.08,conventional,2015,Louisville,75626.3
39,29/03/2015,1,conventional,2015,Louisville,93802.08
40,22/03/2015,0.99,conventional,2015,Louisville,95101.27
41,15/03/2015,1.21,conventional,2015,Louisville,56870.1
42,8/03/2015,1.18,conventional,2015,Louisville,62728.85
43,1/03/2015,1.02,conventional,2015,Louisville,78626.99
44,22/02/2015,1.01,conventional,2015,Louisville,107443.35
45,15/02/2015,1.13,conventional,2015,Louisville,80537.77
46,8/02/2015,1,conventional,2015,Louisville,87054.02
47,1/02/2015,0.9,conventional,2015,Louisville,125504.98
48,25/01/2015,1.02,conventional,2015,Louisville,86635.35
49,18/01/2015,1.06,conventional,2015,Louisville,85580.15
50,11/01/2015,1.05,conventional,2015,Louisville,75129.36
51,4/01/2015,0.92,conventional,2015,Louisville,101162.98
0,25/12/2016,1.01,conventional,2016,Louisville,81833.86
1,18/12/2016,1.1,conventional,2016,Louisville,67720.14
2,11/12/2016,0.79,conventional,2016,Louisville,105228.6
3,4/12/2016,0.83,conventional,2016,Louisville,127200.91
4,27/11/2016,1.26,conventional,2016,Louisville,57765.51
5,20/11/2016,1.43,conventional,2016,Louisville,59210.76
6,13/11/2016,1.34,conventional,2016,Louisville,64958.65
7,6/11/2016,1.27,conventional,2016,Louisville,70881.52
8,30/10/2016,1.28,conventional,2016,Louisville,70137.79
9,23/10/2016,1.23,conventional,2016,Louisville,75593.36
10,16/10/2016,1.1,conventional,2016,Louisville,81707.99
11,9/10/2016,1.15,conventional,2016,Louisville,78262.36
12,2/10/2016,1.24,conventional,2016,Louisville,75004.32
13,25/09/2016,1.37,conventional,2016,Louisville,75513.07
14,18/09/2016,1.26,conventional,2016,Louisville,87633.41
15,11/09/2016,1.21,conventional,2016,Louisville,90086.4
16,4/09/2016,1.11,conventional,2016,Louisville,82940.98
17,28/08/2016,1.13,conventional,2016,Louisville,82663.2
18,21/08/2016,1.16,conventional,2016,Louisville,89370.33
19,14/08/2016,1.25,conventional,2016,Louisville,85551.19
20,7/08/2016,1.3,conventional,2016,Louisville,80997.55
21,31/07/2016,1.24,conventional,2016,Louisville,86030.88
22,24/07/2016,1.19,conventional,2016,Louisville,95001.32
23,17/07/2016,1.13,conventional,2016,Louisville,101963.67
24,10/07/2016,1.15,conventional,2016,Louisville,94591.67
25,3/07/2016,1,conventional,2016,Louisville,106600.14
26,26/06/2016,1.06,conventional,2016,Louisville,98077.6
27,19/06/2016,1.09,conventional,2016,Louisville,98289.94
28,12/06/2016,1.16,conventional,2016,Louisville,84926.73
29,5/06/2016,1.09,conventional,2016,Louisville,99179.74
30,29/05/2016,0.99,conventional,2016,Louisville,109060.73
31,22/05/2016,0.91,conventional,2016,Louisville,113794.41
32,15/05/2016,0.86,conventional,2016,Louisville,106278.64
33,8/05/2016,0.86,conventional,2016,Louisville,139475.75
34,1/05/2016,0.88,conventional,2016,Louisville,128108.76
35,24/04/2016,0.93,conventional,2016,Louisville,92553.22
36,17/04/2016,0.92,conventional,2016,Louisville,95475.44
37,10/04/2016,0.9,conventional,2016,Louisville,83504.74
38,3/04/2016,0.85,conventional,2016,Louisville,91459.57
39,27/03/2016,0.89,conventional,2016,Louisville,120080.36
40,20/03/2016,0.95,conventional,2016,Louisville,123442.1
41,13/03/2016,1.07,conventional,2016,Louisville,79810.59
42,6/03/2016,1.02,conventional,2016,Louisville,88102.95
43,28/02/2016,0.94,conventional,2016,Louisville,102196.72
44,21/02/2016,0.86,conventional,2016,Louisville,114817.03
45,14/02/2016,0.86,conventional,2016,Louisville,124650.69
46,7/02/2016,0.85,conventional,2016,Louisville,148704.27
47,31/01/2016,0.92,conventional,2016,Louisville,101620.12
48,24/01/2016,0.89,conventional,2016,Louisville,120304.63
49,17/01/2016,0.9,conventional,2016,Louisville,83687.48
50,10/01/2016,0.89,conventional,2016,Louisville,99956.44
51,3/01/2016,0.88,conventional,2016,Louisville,116363.51
0,31/12/2017,0.87,conventional,2017,Louisville,117941.49
1,24/12/2017,1.18,conventional,2017,Louisville,80024.09
2,17/12/2017,1.07,conventional,2017,Louisville,80191.11
3,10/12/2017,1.01,conventional,2017,Louisville,100072.52
4,3/12/2017,1.11,conventional,2017,Louisville,108947
5,26/11/2017,1.45,conventional,2017,Louisville,53796
6,19/11/2017,1.18,conventional,2017,Louisville,79284
7,12/11/2017,1.14,conventional,2017,Louisville,100811
8,5/11/2017,1.18,conventional,2017,Louisville,86085.33
9,29/10/2017,1.23,conventional,2017,Louisville,102915.21
10,22/10/2017,1.7,conventional,2017,Louisville,62179.04
11,15/10/2017,1.79,conventional,2017,Louisville,60616.52
12,8/10/2017,1.98,conventional,2017,Louisville,52865.97
13,1/10/2017,1.89,conventional,2017,Louisville,62180.5
14,24/09/2017,1.88,conventional,2017,Louisville,59540.52
15,17/09/2017,1.73,conventional,2017,Louisville,68830.07
16,10/09/2017,1.65,conventional,2017,Louisville,78604.92
17,3/09/2017,1.64,conventional,2017,Louisville,80371.08
18,27/08/2017,1.62,conventional,2017,Louisville,80466.47
19,20/08/2017,1.56,conventional,2017,Louisville,88644.49
20,13/08/2017,1.38,conventional,2017,Louisville,93447.51
21,6/08/2017,1.3,conventional,2017,Louisville,95140.94
22,30/07/2017,1.3,conventional,2017,Louisville,90428.76
23,23/07/2017,1.37,conventional,2017,Louisville,92486.04
24,16/07/2017,1.44,conventional,2017,Louisville,87217.2
25,9/07/2017,1.01,conventional,2017,Louisville,124946.18
26,2/07/2017,1.02,conventional,2017,Louisville,113658.98
27,25/06/2017,0.97,conventional,2017,Louisville,114003.27
28,18/06/2017,1.06,conventional,2017,Louisville,104369.68
29,11/06/2017,1.04,conventional,2017,Louisville,112253.93
30,4/06/2017,1.06,conventional,2017,Louisville,121602.81
31,28/05/2017,1.08,conventional,2017,Louisville,111487.07
32,21/05/2017,1.1,conventional,2017,Louisville,104440.16
33,14/05/2017,1.27,conventional,2017,Louisville,82244.67
34,7/05/2017,1.06,conventional,2017,Louisville,135486.52
35,30/04/2017,1.26,conventional,2017,Louisville,93663.48
36,23/04/2017,1.17,conventional,2017,Louisville,93502.86
37,16/04/2017,1.22,conventional,2017,Louisville,100089.52
38,9/04/2017,1.2,conventional,2017,Louisville,89926.02
39,2/04/2017,1.15,conventional,2017,Louisville,96962.69
40,26/03/2017,1.11,conventional,2017,Louisville,100036.14
41,19/03/2017,1.29,conventional,2017,Louisville,74388.06
42,12/03/2017,1.18,conventional,2017,Louisville,85005.19
43,5/03/2017,0.99,conventional,2017,Louisville,101061.01
44,26/02/2017,0.95,conventional,2017,Louisville,106098.37
45,19/02/2017,0.94,conventional,2017,Louisville,94778.79
46,12/02/2017,0.75,conventional,2017,Louisville,131965.58
47,5/02/2017,0.91,conventional,2017,Louisville,126829.29
48,29/01/2017,0.94,conventional,2017,Louisville,116309.9
49,22/01/2017,0.94,conventional,2017,Louisville,127597.75
50,15/01/2017,1.06,conventional,2017,Louisville,89361.43
51,8/01/2017,0.86,conventional,2017,Louisville,118310.74
52,1/01/2017,0.77,conventional,2017,Louisville,110696.17
0,27/12/2015,0.99,conventional,2015,MiamiFtLauderdale,545064.74
1,20/12/2015,1.21,conventional,2015,MiamiFtLauderdale,350533.71
2,13/12/2015,0.97,conventional,2015,MiamiFtLauderdale,529317.46
3,6/12/2015,1.25,conventional,2015,MiamiFtLauderdale,340513.61
4,29/11/2015,0.98,conventional,2015,MiamiFtLauderdale,470218.14
5,22/11/2015,0.98,conventional,2015,MiamiFtLauderdale,499396.26
6,15/11/2015,1.22,conventional,2015,MiamiFtLauderdale,368996.48
7,8/11/2015,1.22,conventional,2015,MiamiFtLauderdale,329065.04
8,1/11/2015,0.98,conventional,2015,MiamiFtLauderdale,566030.64
9,25/10/2015,1.25,conventional,2015,MiamiFtLauderdale,307072.85
10,18/10/2015,1.24,conventional,2015,MiamiFtLauderdale,333933.98
11,11/10/2015,1,conventional,2015,MiamiFtLauderdale,538384.22
12,4/10/2015,0.99,conventional,2015,MiamiFtLauderdale,570367.24
13,27/09/2015,1.31,conventional,2015,MiamiFtLauderdale,318048.12
14,20/09/2015,0.98,conventional,2015,MiamiFtLauderdale,559818.31
15,13/09/2015,1.26,conventional,2015,MiamiFtLauderdale,331077.9
16,6/09/2015,0.98,conventional,2015,MiamiFtLauderdale,637326.79
17,30/08/2015,1.24,conventional,2015,MiamiFtLauderdale,362232.28
18,23/08/2015,1.24,conventional,2015,MiamiFtLauderdale,372525.3
19,16/08/2015,1.24,conventional,2015,MiamiFtLauderdale,360308.77
20,9/08/2015,0.97,conventional,2015,MiamiFtLauderdale,655821.9
21,2/08/2015,1.22,conventional,2015,MiamiFtLauderdale,371660.15
22,26/07/2015,1.24,conventional,2015,MiamiFtLauderdale,379954.31
23,19/07/2015,0.96,conventional,2015,MiamiFtLauderdale,626841.5
24,12/07/2015,1.24,conventional,2015,MiamiFtLauderdale,402706.71
25,5/07/2015,0.98,conventional,2015,MiamiFtLauderdale,718152.22
26,28/06/2015,1.21,conventional,2015,MiamiFtLauderdale,443970.6
27,21/06/2015,0.96,conventional,2015,MiamiFtLauderdale,669409.29
28,14/06/2015,1.26,conventional,2015,MiamiFtLauderdale,437896.64
29,7/06/2015,0.99,conventional,2015,MiamiFtLauderdale,683877.72
30,31/05/2015,1.27,conventional,2015,MiamiFtLauderdale,419158.75
31,24/05/2015,1.01,conventional,2015,MiamiFtLauderdale,757305.14
32,17/05/2015,1.24,conventional,2015,MiamiFtLauderdale,450603.36
33,10/05/2015,1.28,conventional,2015,MiamiFtLauderdale,435547.13
34,3/05/2015,0.98,conventional,2015,MiamiFtLauderdale,917424.76
35,26/04/2015,1.25,conventional,2015,MiamiFtLauderdale,476017.06
36,19/04/2015,1.23,conventional,2015,MiamiFtLauderdale,434025.46
37,12/04/2015,1,conventional,2015,MiamiFtLauderdale,692569.85
38,5/04/2015,1.11,conventional,2015,MiamiFtLauderdale,510738.88
39,29/03/2015,1.25,conventional,2015,MiamiFtLauderdale,370065.74
40,22/03/2015,0.97,conventional,2015,MiamiFtLauderdale,642934.25
41,15/03/2015,1.33,conventional,2015,MiamiFtLauderdale,371716.28
42,8/03/2015,1.3,conventional,2015,MiamiFtLauderdale,356311.66
43,1/03/2015,1.01,conventional,2015,MiamiFtLauderdale,647014.16
44,22/02/2015,1.24,conventional,2015,MiamiFtLauderdale,369819.98
45,15/02/2015,1.29,conventional,2015,MiamiFtLauderdale,353520.71
46,8/02/2015,1.25,conventional,2015,MiamiFtLauderdale,348210.5
47,1/02/2015,0.95,conventional,2015,MiamiFtLauderdale,753300.79
48,25/01/2015,1.27,conventional,2015,MiamiFtLauderdale,398055.71
49,18/01/2015,1.3,conventional,2015,MiamiFtLauderdale,405138.19
50,11/01/2015,1.28,conventional,2015,MiamiFtLauderdale,342796.99
51,4/01/2015,0.97,conventional,2015,MiamiFtLauderdale,540234.22
0,25/12/2016,0.97,conventional,2016,MiamiFtLauderdale,648358.72
1,18/12/2016,0.97,conventional,2016,MiamiFtLauderdale,662655.37
2,11/12/2016,1.39,conventional,2016,MiamiFtLauderdale,446139.65
3,4/12/2016,0.98,conventional,2016,MiamiFtLauderdale,728191.35
4,27/11/2016,1.49,conventional,2016,MiamiFtLauderdale,405085.56
5,20/11/2016,1.52,conventional,2016,MiamiFtLauderdale,461236.74
6,13/11/2016,1.43,conventional,2016,MiamiFtLauderdale,478305.06
7,6/11/2016,1.51,conventional,2016,MiamiFtLauderdale,426159.64
8,30/10/2016,1.57,conventional,2016,MiamiFtLauderdale,403657.05
9,23/10/2016,1.59,conventional,2016,MiamiFtLauderdale,437488.84
10,16/10/2016,1.28,conventional,2016,MiamiFtLauderdale,537970.39
11,9/10/2016,1.49,conventional,2016,MiamiFtLauderdale,410181.24
12,2/10/2016,1.51,conventional,2016,MiamiFtLauderdale,539574.59
13,25/09/2016,1.43,conventional,2016,MiamiFtLauderdale,558552.18
14,18/09/2016,1.19,conventional,2016,MiamiFtLauderdale,541030.4
15,11/09/2016,1.2,conventional,2016,MiamiFtLauderdale,480734.81
16,4/09/2016,0.97,conventional,2016,MiamiFtLauderdale,862396.26
17,28/08/2016,1.22,conventional,2016,MiamiFtLauderdale,558828.81
18,21/08/2016,1.23,conventional,2016,MiamiFtLauderdale,565825.46
19,14/08/2016,1.17,conventional,2016,MiamiFtLauderdale,695230.59
20,7/08/2016,1.25,conventional,2016,MiamiFtLauderdale,515183.39
21,31/07/2016,1.3,conventional,2016,MiamiFtLauderdale,496508.86
22,24/07/2016,1.28,conventional,2016,MiamiFtLauderdale,520496.36
23,17/07/2016,1.24,conventional,2016,MiamiFtLauderdale,516716.17
24,10/07/2016,1.24,conventional,2016,MiamiFtLauderdale,566889.77
25,3/07/2016,0.96,conventional,2016,MiamiFtLauderdale,868986.46
26,26/06/2016,1.25,conventional,2016,MiamiFtLauderdale,540206.17
27,19/06/2016,0.99,conventional,2016,MiamiFtLauderdale,812334.69
28,12/06/2016,1.28,conventional,2016,MiamiFtLauderdale,503076.75
29,5/06/2016,0.99,conventional,2016,MiamiFtLauderdale,786071.68
30,29/05/2016,0.97,conventional,2016,MiamiFtLauderdale,849097.69
31,22/05/2016,1.26,conventional,2016,MiamiFtLauderdale,497819.63
32,15/05/2016,0.88,conventional,2016,MiamiFtLauderdale,889357.25
33,8/05/2016,1.01,conventional,2016,MiamiFtLauderdale,653844.27
34,1/05/2016,0.79,conventional,2016,MiamiFtLauderdale,1078794.69
35,24/04/2016,0.88,conventional,2016,MiamiFtLauderdale,896845.48
36,17/04/2016,1.12,conventional,2016,MiamiFtLauderdale,558953.75
37,10/04/2016,0.87,conventional,2016,MiamiFtLauderdale,841731.76
38,3/04/2016,1.15,conventional,2016,MiamiFtLauderdale,543234.89
39,27/03/2016,1.17,conventional,2016,MiamiFtLauderdale,468636.39
40,20/03/2016,1.13,conventional,2016,MiamiFtLauderdale,507580.07
41,13/03/2016,0.88,conventional,2016,MiamiFtLauderdale,799992.86
42,6/03/2016,1.16,conventional,2016,MiamiFtLauderdale,448052.1
43,28/02/2016,0.83,conventional,2016,MiamiFtLauderdale,822403.21
44,21/02/2016,1.1,conventional,2016,MiamiFtLauderdale,481704.97
45,14/02/2016,1.12,conventional,2016,MiamiFtLauderdale,446631.37
46,7/02/2016,0.59,conventional,2016,MiamiFtLauderdale,1180631.07
47,31/01/2016,1.11,conventional,2016,MiamiFtLauderdale,492691.03
48,24/01/2016,0.96,conventional,2016,MiamiFtLauderdale,611557.77
49,17/01/2016,1.2,conventional,2016,MiamiFtLauderdale,430079.07
50,10/01/2016,0.97,conventional,2016,MiamiFtLauderdale,702726.81
51,3/01/2016,1.13,conventional,2016,MiamiFtLauderdale,502583.68
0,31/12/2017,1.17,conventional,2017,MiamiFtLauderdale,728998.69
1,24/12/2017,1.45,conventional,2017,MiamiFtLauderdale,506569.1
2,17/12/2017,1.01,conventional,2017,MiamiFtLauderdale,660737.83
3,10/12/2017,1.03,conventional,2017,MiamiFtLauderdale,713866
4,3/12/2017,1.35,conventional,2017,MiamiFtLauderdale,550215
5,26/11/2017,1.45,conventional,2017,MiamiFtLauderdale,464647
6,19/11/2017,1.23,conventional,2017,MiamiFtLauderdale,642013
7,12/11/2017,1.42,conventional,2017,MiamiFtLauderdale,513109
8,5/11/2017,1.53,conventional,2017,MiamiFtLauderdale,463170.5
9,29/10/2017,1.22,conventional,2017,MiamiFtLauderdale,674788.56
10,22/10/2017,1.59,conventional,2017,MiamiFtLauderdale,558315.26
11,15/10/2017,1.79,conventional,2017,MiamiFtLauderdale,472074.73
12,8/10/2017,1.92,conventional,2017,MiamiFtLauderdale,455831.94
13,1/10/2017,2.04,conventional,2017,MiamiFtLauderdale,399836.65
14,24/09/2017,1.93,conventional,2017,MiamiFtLauderdale,408851.65
15,17/09/2017,1.84,conventional,2017,MiamiFtLauderdale,409206.24
16,10/09/2017,1.81,conventional,2017,MiamiFtLauderdale,362581.9
17,3/09/2017,1.98,conventional,2017,MiamiFtLauderdale,465051.74
18,27/08/2017,1.65,conventional,2017,MiamiFtLauderdale,450204.59
19,20/08/2017,1.7,conventional,2017,MiamiFtLauderdale,468514.7
20,13/08/2017,1.51,conventional,2017,MiamiFtLauderdale,568797.63
21,6/08/2017,1.48,conventional,2017,MiamiFtLauderdale,501154.94
22,30/07/2017,1.46,conventional,2017,MiamiFtLauderdale,501001.78
23,23/07/2017,1.47,conventional,2017,MiamiFtLauderdale,546833.62
24,16/07/2017,1.48,conventional,2017,MiamiFtLauderdale,523617.87
25,9/07/2017,1.43,conventional,2017,MiamiFtLauderdale,550195.13
26,2/07/2017,1.44,conventional,2017,MiamiFtLauderdale,627569.42
27,25/06/2017,1.43,conventional,2017,MiamiFtLauderdale,539847.3
28,18/06/2017,1.52,conventional,2017,MiamiFtLauderdale,505828.46
29,11/06/2017,1.48,conventional,2017,MiamiFtLauderdale,696603.38
30,4/06/2017,1.49,conventional,2017,MiamiFtLauderdale,687913.86
31,28/05/2017,1.45,conventional,2017,MiamiFtLauderdale,645768.88
32,21/05/2017,1.49,conventional,2017,MiamiFtLauderdale,605721.02
33,14/05/2017,1.5,conventional,2017,MiamiFtLauderdale,594781.35
34,7/05/2017,1.17,conventional,2017,MiamiFtLauderdale,910239.07
35,30/04/2017,1.26,conventional,2017,MiamiFtLauderdale,832704.2
