avocado.csv
Index,Date,Average Price,Type,Year,Region,Total Volume
0,27/12/2015,0.91,conventional,2015,NewOrleansMobile,187664.29
1,20/12/2015,0.92,conventional,2015,NewOrleansMobile,191937.02
2,13/12/2015,0.86,conventional,2015,NewOrleansMobile,204217.2
3,6/12/2015,0.94,conventional,2015,NewOrleansMobile,185395.2
4,29/11/2015,0.9,conventional,2015,NewOrleansMobile,175833.54
5,22/11/2015,0.94,conventional,2015,NewOrleansMobile,192074.98
6,15/11/2015,0.98,conventional,2015,NewOrleansMobile,195780.23
7,8/11/2015,0.96,conventional,2015,NewOrleansMobile,197713.69
8,1/11/2015,0.97,conventional,2015,NewOrleansMobile,204738.15
9,25/10/2015,1.01,conventional,2015,NewOrleansMobile,191180.56
10,18/10/2015,1.02,conventional,2015,NewOrleansMobile,206563.03
11,11/10/2015,1,conventional,2015,NewOrleansMobile,217777.46
12,4/10/2015,1,conventional,2015,NewOrleansMobile,222488.23
13,27/09/2015,1.06,conventional,2015,NewOrleansMobile,199908.44
14,20/09/2015,1,conventional,2015,NewOrleansMobile,224017.47
15,13/09/2015,1.02,conventional,2015,NewOrleansMobile,219776.27
16,6/09/2015,0.99,conventional,2015,NewOrleansMobile,248354.52
17,30/08/2015,1.03,conventional,2015,NewOrleansMobile,234307.92
18,23/08/2015,1.04,conventional,2015,NewOrleansMobile,240560.86
19,16/08/2015,1.04,conventional,2015,NewOrleansMobile,253158.7
20,9/08/2015,1,conventional,2015,NewOrleansMobile,272464.74
21,2/08/2015,1.04,conventional,2015,NewOrleansMobile,248670.72
22,26/07/2015,1.03,conventional,2015,NewOrleansMobile,258960.17
23,19/07/2015,0.98,conventional,2015,NewOrleansMobile,258559.32
24,12/07/2015,1.05,conventional,2015,NewOrleansMobile,239908.64
25,5/07/2015,1.01,conventional,2015,NewOrleansMobile,297481.36
26,28/06/2015,1.03,conventional,2015,NewOrleansMobile,261199.27
27,21/06/2015,0.93,conventional,2015,NewOrleansMobile,293734.93
28,14/06/2015,1.02,conventional,2015,NewOrleansMobile,262250.02
29,7/06/2015,0.99,conventional,2015,NewOrleansMobile,288859.92
30,31/05/2015,1.04,conventional,2015,NewOrleansMobile,245293.53
31,24/05/2015,1.03,conventional,2015,NewOrleansMobile,265237.17
32,17/05/2015,0.96,conventional,2015,NewOrleansMobile,257403.43
33,10/05/2015,1.05,conventional,2015,NewOrleansMobile,256291.77
34,3/05/2015,0.93,conventional,2015,NewOrleansMobile,308655.6
35,26/04/2015,0.96,conventional,2015,NewOrleansMobile,265739.79
36,19/04/2015,0.93,conventional,2015,NewOrleansMobile,263486.63
37,12/04/2015,0.97,conventional,2015,NewOrleansMobile,235709.99
38,5/04/2015,0.99,conventional,2015,NewOrleansMobile,237821.61
39,29/03/2015,0.97,conventional,2015,NewOrleansMobile,237188.41
40,22/03/2015,0.9,conventional,2015,NewOrleansMobile,282494.07
41,15/03/2015,1.09,conventional,2015,NewOrleansMobile,233696.32
42,8/03/2015,1.06,conventional,2015,NewOrleansMobile,248273.79
43,1/03/2015,1.08,conventional,2015,NewOrleansMobile,224752.17
44,22/02/2015,0.92,conventional,2015,NewOrleansMobile,256174.52
45,15/02/2015,1.02,conventional,2015,NewOrleansMobile,230069.01
46,8/02/2015,0.93,conventional,2015,NewOrleansMobile,242065.29
47,1/02/2015,0.81,conventional,2015,NewOrleansMobile,367711.87
48,25/01/2015,0.94,conventional,2015,NewOrleansMobile,271448.06
49,18/01/2015,1.03,conventional,2015,NewOrleansMobile,267666.12
50,11/01/2015,0.97,conventional,2015,NewOrleansMobile,239232.35
51,4/01/2015,0.94,conventional,2015,NewOrleansMobile,222751.51
0,25/12/2016,0.94,conventional,2016,NewOrleansMobile,225497.02
1,18/12/2016,1.08,conventional,2016,NewOrleansMobile,183103.22
2,11/12/2016,1.21,conventional,2016,NewOrleansMobile,177582.49
3,4/12/2016,1.05,conventional,2016,NewOrleansMobile,253241.58
4,27/11/2016,1.38,conventional,2016,NewOrleansMobile,148538.06
5,20/11/2016,1.35,conventional,2016,NewOrleansMobile,167233.36
6,13/11/2016,1.26,conventional,2016,NewOrleansMobile,225721.51
7,6/11/2016,1.49,conventional,2016,NewOrleansMobile,183542.31
8,30/10/2016,1.48,conventional,2016,NewOrleansMobile,163510.83
9,23/10/2016,1.44,conventional,2016,NewOrleansMobile,203438.23
10,16/10/2016,1.36,conventional,2016,NewOrleansMobile,222712.89
11,9/10/2016,1.25,conventional,2016,NewOrleansMobile,233898.8
12,2/10/2016,1.29,conventional,2016,NewOrleansMobile,214690.77
13,25/09/2016,1.19,conventional,2016,NewOrleansMobile,264726.41
14,18/09/2016,1.18,conventional,2016,NewOrleansMobile,244913.97
15,11/09/2016,1.13,conventional,2016,NewOrleansMobile,250492.62
16,4/09/2016,0.94,conventional,2016,NewOrleansMobile,324151.3
17,28/08/2016,1.02,conventional,2016,NewOrleansMobile,309238.91
18,21/08/2016,1.04,conventional,2016,NewOrleansMobile,314573.49
19,14/08/2016,1.11,conventional,2016,NewOrleansMobile,265537.57
20,7/08/2016,1.13,conventional,2016,NewOrleansMobile,287114.43
21,31/07/2016,1.2,conventional,2016,NewOrleansMobile,254878.35
22,24/07/2016,1.16,conventional,2016,NewOrleansMobile,261491.83
23,17/07/2016,1.09,conventional,2016,NewOrleansMobile,284925.7
24,10/07/2016,1.06,conventional,2016,NewOrleansMobile,291978.06
25,3/07/2016,0.93,conventional,2016,NewOrleansMobile,360419.86
26,26/06/2016,1.05,conventional,2016,NewOrleansMobile,267116.01
27,19/06/2016,0.97,conventional,2016,NewOrleansMobile,293340.02
28,12/06/2016,0.95,conventional,2016,NewOrleansMobile,283922.91
29,5/06/2016,0.89,conventional,2016,NewOrleansMobile,291490.49
30,29/05/2016,0.85,conventional,2016,NewOrleansMobile,300077.74
31,22/05/2016,0.96,conventional,2016,NewOrleansMobile,271554.45
32,15/05/2016,0.86,conventional,2016,NewOrleansMobile,288244.89
33,8/05/2016,0.63,conventional,2016,NewOrleansMobile,495732.92
34,1/05/2016,0.58,conventional,2016,NewOrleansMobile,564738.86
35,24/04/2016,0.87,conventional,2016,NewOrleansMobile,295498.57
36,17/04/2016,0.87,conventional,2016,NewOrleansMobile,323909.4
37,10/04/2016,0.87,conventional,2016,NewOrleansMobile,312471.42
38,3/04/2016,0.89,conventional,2016,NewOrleansMobile,316709.44
39,27/03/2016,0.94,conventional,2016,NewOrleansMobile,263581.97
40,20/03/2016,0.94,conventional,2016,NewOrleansMobile,273647.06
41,13/03/2016,0.91,conventional,2016,NewOrleansMobile,304057.64
42,6/03/2016,0.97,conventional,2016,NewOrleansMobile,267953.78
43,28/02/2016,0.8,conventional,2016,NewOrleansMobile,320342.69
44,21/02/2016,0.89,conventional,2016,NewOrleansMobile,263057.19
45,14/02/2016,0.81,conventional,2016,NewOrleansMobile,269319.37
46,7/02/2016,0.58,conventional,2016,NewOrleansMobile,542750.89
47,31/01/2016,0.88,conventional,2016,NewOrleansMobile,282933.79
48,24/01/2016,0.9,conventional,2016,NewOrleansMobile,228086.1
49,17/01/2016,0.88,conventional,2016,NewOrleansMobile,286862.77
50,10/01/2016,0.9,conventional,2016,NewOrleansMobile,264477.45
51,3/01/2016,0.86,conventional,2016,NewOrleansMobile,274498.01
0,27/12/2015,1.17,conventional,2015,NewYork,1129876.05
1,20/12/2015,1.23,conventional,2015,NewYork,1139347.98
2,13/12/2015,1.12,conventional,2015,NewYork,1254805.29
3,6/12/2015,1.2,conventional,2015,NewYork,1068971.54
4,29/11/2015,1.16,conventional,2015,NewYork,999169.64
5,22/11/2015,1.14,conventional,2015,NewYork,1111803.12
6,15/11/2015,1.04,conventional,2015,NewYork,1357393.34
7,8/11/2015,1.13,conventional,2015,NewYork,1406262.16
8,1/11/2015,1.06,conventional,2015,NewYork,2180520.22
9,25/10/2015,1.23,conventional,2015,NewYork,1048045.86
10,18/10/2015,0.97,conventional,2015,NewYork,1856337.85
11,11/10/2015,1.28,conventional,2015,NewYork,1099283.22
12,4/10/2015,1.26,conventional,2015,NewYork,1342963.26
13,27/09/2015,1.16,conventional,2015,NewYork,1201066.41
14,20/09/2015,1.18,conventional,2015,NewYork,1192210.54
15,13/09/2015,1.16,conventional,2015,NewYork,1479334.84
16,6/09/2015,1.22,conventional,2015,NewYork,1340925.56
17,30/08/2015,1.22,conventional,2015,NewYork,1251081.11
18,23/08/2015,1.1,conventional,2015,NewYork,1477964.12
19,16/08/2015,1.14,conventional,2015,NewYork,1535981.4
20,9/08/2015,1.1,conventional,2015,NewYork,1563915.04
21,2/08/2015,1.14,conventional,2015,NewYork,1458722.6
22,26/07/2015,1.28,conventional,2015,NewYork,1211731.19
23,19/07/2015,1.37,conventional,2015,NewYork,1251919.24
24,12/07/2015,1.27,conventional,2015,NewYork,1338282.24
25,5/07/2015,1.18,conventional,2015,NewYork,1666825.63
26,28/06/2015,1.36,conventional,2015,NewYork,1284789.44
27,21/06/2015,1.28,conventional,2015,NewYork,1667026.11
28,14/06/2015,1.32,conventional,2015,NewYork,1363133.97
29,7/06/2015,1.32,conventional,2015,NewYork,1731061.12
30,31/05/2015,1.43,conventional,2015,NewYork,1493218.75
31,24/05/2015,1.37,conventional,2015,NewYork,1515022.63
32,17/05/2015,1.43,conventional,2015,NewYork,1255552.68
33,10/05/2015,1.22,conventional,2015,NewYork,2118593.92
34,3/05/2015,1.32,conventional,2015,NewYork,1679103.39
35,26/04/2015,1.44,conventional,2015,NewYork,1295589.61
36,19/04/2015,1.42,conventional,2015,NewYork,1332514.63
37,12/04/2015,1.43,conventional,2015,NewYork,1084407.8
38,5/04/2015,1.41,conventional,2015,NewYork,1244324.47
39,29/03/2015,1.36,conventional,2015,NewYork,1183815.23
40,22/03/2015,1.33,conventional,2015,NewYork,1192732.41
41,15/03/2015,1.45,conventional,2015,NewYork,1097737.98
42,8/03/2015,1.36,conventional,2015,NewYork,1129333.95
43,1/03/2015,1.18,conventional,2015,NewYork,1338129.89
44,22/02/2015,1.33,conventional,2015,NewYork,1088977.45
45,15/02/2015,1.36,conventional,2015,NewYork,997562.44
46,8/02/2015,1.11,conventional,2015,NewYork,1658708.73
47,1/02/2015,1.36,conventional,2015,NewYork,1433763.11
48,25/01/2015,1.36,conventional,2015,NewYork,1102868.27
49,18/01/2015,1.37,conventional,2015,NewYork,1044280.56
50,11/01/2015,1.34,conventional,2015,NewYork,1018225.83
51,4/01/2015,1.09,conventional,2015,NewYork,1402890.2
0,25/12/2016,1.36,conventional,2016,NewYork,1087984.9
1,18/12/2016,1.26,conventional,2016,NewYork,1241381.71
2,11/12/2016,1.32,conventional,2016,NewYork,1163696.14
3,4/12/2016,1.52,conventional,2016,NewYork,960475.67
4,27/11/2016,1.56,conventional,2016,NewYork,970753.07
5,20/11/2016,1.59,conventional,2016,NewYork,1093097.04
6,13/11/2016,1.9,conventional,2016,NewYork,830018.48
7,6/11/2016,1.93,conventional,2016,NewYork,767190.62
8,30/10/2016,1.99,conventional,2016,NewYork,618279.77
9,23/10/2016,1.95,conventional,2016,NewYork,807564.93
10,16/10/2016,1.89,conventional,2016,NewYork,969846.54
11,9/10/2016,1.76,conventional,2016,NewYork,1031060.45
12,2/10/2016,1.72,conventional,2016,NewYork,1057930.65
13,25/09/2016,1.62,conventional,2016,NewYork,1061132.87
14,18/09/2016,1.5,conventional,2016,NewYork,1108446.44
15,11/09/2016,1.26,conventional,2016,NewYork,1558413.54
16,4/09/2016,1.47,conventional,2016,NewYork,1278749.25
17,28/08/2016,1.58,conventional,2016,NewYork,1212399.97
18,21/08/2016,1.47,conventional,2016,NewYork,1334937.86
19,14/08/2016,1.49,conventional,2016,NewYork,1275952.93
20,7/08/2016,1.54,conventional,2016,NewYork,1256917.91
21,31/07/2016,1.7,conventional,2016,NewYork,1122162.86
22,24/07/2016,1.68,conventional,2016,NewYork,1180373.67
23,17/07/2016,1.64,conventional,2016,NewYork,1076259.08
24,10/07/2016,1.51,conventional,2016,NewYork,1266199.75
25,3/07/2016,1.53,conventional,2016,NewYork,1280725.34
26,26/06/2016,1.2,conventional,2016,NewYork,1622151.78
27,19/06/2016,1.5,conventional,2016,NewYork,1372612.33
28,12/06/2016,1.44,conventional,2016,NewYork,1485642.35
29,5/06/2016,1.47,conventional,2016,NewYork,1447580.25
30,29/05/2016,1.08,conventional,2016,NewYork,1827100.26
31,22/05/2016,1.14,conventional,2016,NewYork,1586647.62
32,15/05/2016,1.14,conventional,2016,NewYork,1706730.17
33,8/05/2016,0.77,conventional,2016,NewYork,2740587.86
34,1/05/2016,1.22,conventional,2016,NewYork,1536109.56
35,24/04/2016,1.12,conventional,2016,NewYork,1718055.86
36,17/04/2016,1.08,conventional,2016,NewYork,1030786.84
37,10/04/2016,1.09,conventional,2016,NewYork,987897.9
38,3/04/2016,1.31,conventional,2016,NewYork,1240608.2
39,27/03/2016,1.32,conventional,2016,NewYork,1395562.08
40,20/03/2016,1.09,conventional,2016,NewYork,1743194.56
41,13/03/2016,1.17,conventional,2016,NewYork,1600417.32
42,6/03/2016,1.24,conventional,2016,NewYork,1455656.4
43,28/02/2016,1.15,conventional,2016,NewYork,1594427.98
44,21/02/2016,1.21,conventional,2016,NewYork,1315177.5
45,14/02/2016,1.09,conventional,2016,NewYork,1806980.64
46,7/02/2016,0.95,conventional,2016,NewYork,2202127.86
47,31/01/2016,1.02,conventional,2016,NewYork,1615465.33
48,24/01/2016,1.3,conventional,2016,NewYork,1429242.83
49,17/01/2016,1.01,conventional,2016,NewYork,1840344.27
50,10/01/2016,1.15,conventional,2016,NewYork,1364272.64
51,3/01/2016,1.07,conventional,2016,NewYork,1454164.32
