avocado.csv
Index,Date,Average Price,Type,Year,Region,Total Volume
0,27/12/2015,0.99,conventional,2015,Orlando,305773.54
1,20/12/2015,1.21,conventional,2015,Orlando,200074.81
2,13/12/2015,0.96,conventional,2015,Orlando,310101.52
3,6/12/2015,1.2,conventional,2015,Orlando,199063.82
4,29/11/2015,0.96,conventional,2015,Orlando,262683.8
5,22/11/2015,0.98,conventional,2015,Orlando,266950.55
6,15/11/2015,1.24,conventional,2015,Orlando,200715.34
7,8/11/2015,1.24,conventional,2015,Orlando,202954.88
8,1/11/2015,0.97,conventional,2015,Orlando,330071.34
9,25/10/2015,1.25,conventional,2015,Orlando,210265.79
10,18/10/2015,1.24,conventional,2015,Orlando,204526.46
11,11/10/2015,1,conventional,2015,Orlando,308032.62
12,4/10/2015,1,conventional,2015,Orlando,332997.12
13,27/09/2015,1.28,conventional,2015,Orlando,202457.31
14,20/09/2015,0.99,conventional,2015,Orlando,329684.97
15,13/09/2015,1.23,conventional,2015,Orlando,221548.25
16,6/09/2015,0.99,conventional,2015,Orlando,375737.02
17,30/08/2015,1.25,conventional,2015,Orlando,238269.85
18,23/08/2015,1.21,conventional,2015,Orlando,228926.1
19,16/08/2015,1.23,conventional,2015,Orlando,240185.69
20,9/08/2015,0.99,conventional,2015,Orlando,388550.28
21,2/08/2015,1.24,conventional,2015,Orlando,240821.52
22,26/07/2015,1.22,conventional,2015,Orlando,239841.95
23,19/07/2015,0.98,conventional,2015,Orlando,363733.15
24,12/07/2015,1.22,conventional,2015,Orlando,245528.89
25,5/07/2015,0.97,conventional,2015,Orlando,420329.35
26,28/06/2015,1.15,conventional,2015,Orlando,277853.94
27,21/06/2015,0.96,conventional,2015,Orlando,394035.19
28,14/06/2015,1.22,conventional,2015,Orlando,256149.75
29,7/06/2015,0.98,conventional,2015,Orlando,391556.97
30,31/05/2015,1.26,conventional,2015,Orlando,250040.49
31,24/05/2015,1,conventional,2015,Orlando,401991.2
32,17/05/2015,1.23,conventional,2015,Orlando,243265.56
33,10/05/2015,1.23,conventional,2015,Orlando,257032.99
34,3/05/2015,0.98,conventional,2015,Orlando,501573.86
35,26/04/2015,1.23,conventional,2015,Orlando,257307.97
36,19/04/2015,1.23,conventional,2015,Orlando,231777.27
37,12/04/2015,0.99,conventional,2015,Orlando,375363.86
38,5/04/2015,1.1,conventional,2015,Orlando,300679.66
39,29/03/2015,1.25,conventional,2015,Orlando,216925.45
40,22/03/2015,0.98,conventional,2015,Orlando,363504.44
41,15/03/2015,1.27,conventional,2015,Orlando,226247.68
42,8/03/2015,1.27,conventional,2015,Orlando,219071.79
43,1/03/2015,1,conventional,2015,Orlando,316199.07
44,22/02/2015,1.18,conventional,2015,Orlando,226965.26
45,15/02/2015,1.26,conventional,2015,Orlando,204812.28
46,8/02/2015,1.23,conventional,2015,Orlando,204396.56
47,1/02/2015,0.95,conventional,2015,Orlando,489224.51
48,25/01/2015,1.28,conventional,2015,Orlando,211991.09
49,18/01/2015,1.33,conventional,2015,Orlando,191078.37
50,11/01/2015,1.29,conventional,2015,Orlando,202034.59
51,4/01/2015,1,conventional,2015,Orlando,281803.19
0,25/12/2016,0.94,conventional,2016,Orlando,359005.75
1,18/12/2016,0.92,conventional,2016,Orlando,333093.29
2,11/12/2016,1.22,conventional,2016,Orlando,247659.65
3,4/12/2016,0.97,conventional,2016,Orlando,398859.76
4,27/11/2016,1.46,conventional,2016,Orlando,221373.99
5,20/11/2016,1.46,conventional,2016,Orlando,239374.44
6,13/11/2016,1.4,conventional,2016,Orlando,250639.48
7,6/11/2016,1.47,conventional,2016,Orlando,236696.6
8,30/10/2016,1.54,conventional,2016,Orlando,223224.74
9,23/10/2016,1.52,conventional,2016,Orlando,236500.42
10,16/10/2016,1.23,conventional,2016,Orlando,311363.97
11,9/10/2016,1.44,conventional,2016,Orlando,267399.38
12,2/10/2016,1.45,conventional,2016,Orlando,301939.19
13,25/09/2016,1.4,conventional,2016,Orlando,302808.91
14,18/09/2016,1.16,conventional,2016,Orlando,319543.98
15,11/09/2016,1.18,conventional,2016,Orlando,312266.53
16,4/09/2016,0.97,conventional,2016,Orlando,477301.28
17,28/08/2016,1.18,conventional,2016,Orlando,326913.34
18,21/08/2016,1.19,conventional,2016,Orlando,347563.11
19,14/08/2016,1.14,conventional,2016,Orlando,416694.11
20,7/08/2016,1.23,conventional,2016,Orlando,327167.52
21,31/07/2016,1.24,conventional,2016,Orlando,320002.63
22,24/07/2016,1.22,conventional,2016,Orlando,336366.84
23,17/07/2016,1.17,conventional,2016,Orlando,348318.4
24,10/07/2016,1.17,conventional,2016,Orlando,341532.31
25,3/07/2016,0.93,conventional,2016,Orlando,553640.36
26,26/06/2016,1.18,conventional,2016,Orlando,333568.95
27,19/06/2016,0.97,conventional,2016,Orlando,454278.32
28,12/06/2016,1.24,conventional,2016,Orlando,293811.97
29,5/06/2016,0.97,conventional,2016,Orlando,448117.51
30,29/05/2016,0.95,conventional,2016,Orlando,481068.52
31,22/05/2016,1.17,conventional,2016,Orlando,312532.64
32,15/05/2016,0.83,conventional,2016,Orlando,512839.94
33,8/05/2016,0.95,conventional,2016,Orlando,432737.31
34,1/05/2016,0.76,conventional,2016,Orlando,667818.16
35,24/04/2016,0.83,conventional,2016,Orlando,533830.62
36,17/04/2016,1.06,conventional,2016,Orlando,347880.73
37,10/04/2016,0.83,conventional,2016,Orlando,517277.53
38,3/04/2016,1.05,conventional,2016,Orlando,349121.77
39,27/03/2016,1.06,conventional,2016,Orlando,311571.85
40,20/03/2016,1.09,conventional,2016,Orlando,291755.18
41,13/03/2016,0.84,conventional,2016,Orlando,479956.1
42,6/03/2016,1.08,conventional,2016,Orlando,291732.26
43,28/02/2016,0.82,conventional,2016,Orlando,496972.61
44,21/02/2016,1.05,conventional,2016,Orlando,296932.11
45,14/02/2016,0.96,conventional,2016,Orlando,312270.64
46,7/02/2016,0.58,conventional,2016,Orlando,696369.34
47,31/01/2016,1.03,conventional,2016,Orlando,329626.92
48,24/01/2016,0.93,conventional,2016,Orlando,399751.64
49,17/01/2016,1.19,conventional,2016,Orlando,248039.16
50,10/01/2016,0.96,conventional,2016,Orlando,413413.58
51,3/01/2016,1.11,conventional,2016,Orlando,308711.73
0,27/12/2015,1.25,conventional,2015,Philadelphia,308546.88
1,20/12/2015,1.33,conventional,2015,Philadelphia,306843.13
2,13/12/2015,1.18,conventional,2015,Philadelphia,352369.17
3,6/12/2015,1.18,conventional,2015,Philadelphia,346896
4,29/11/2015,1.23,conventional,2015,Philadelphia,275091.78
5,22/11/2015,1.23,conventional,2015,Philadelphia,320058.33
6,15/11/2015,1.17,conventional,2015,Philadelphia,363548.06
7,8/11/2015,1.27,conventional,2015,Philadelphia,374933.8
8,1/11/2015,1.13,conventional,2015,Philadelphia,559566.5
9,25/10/2015,1.19,conventional,2015,Philadelphia,398337.69
10,18/10/2015,1.06,conventional,2015,Philadelphia,496236.63
11,11/10/2015,1.26,conventional,2015,Philadelphia,373650.83
12,4/10/2015,1.28,conventional,2015,Philadelphia,388205.8
13,27/09/2015,1.25,conventional,2015,Philadelphia,368779.77
14,20/09/2015,1.25,conventional,2015,Philadelphia,361361.6
15,13/09/2015,1.19,conventional,2015,Philadelphia,454795.64
16,6/09/2015,1.25,conventional,2015,Philadelphia,399061.75
17,30/08/2015,1.26,conventional,2015,Philadelphia,381319.43
18,23/08/2015,1.09,conventional,2015,Philadelphia,449716.31
19,16/08/2015,1.2,conventional,2015,Philadelphia,425707.59
20,9/08/2015,1.19,conventional,2015,Philadelphia,405555.56
21,2/08/2015,1.21,conventional,2015,Philadelphia,399212.29
22,26/07/2015,1.36,conventional,2015,Philadelphia,373032.23
23,19/07/2015,1.39,conventional,2015,Philadelphia,369973.99
24,12/07/2015,1.38,conventional,2015,Philadelphia,372062.3
25,5/07/2015,1.25,conventional,2015,Philadelphia,460459.45
26,28/06/2015,1.38,conventional,2015,Philadelphia,378931.1
27,21/06/2015,1.33,conventional,2015,Philadelphia,456983.44
28,14/06/2015,1.32,conventional,2015,Philadelphia,421514.11
29,7/06/2015,1.35,conventional,2015,Philadelphia,476827.34
30,31/05/2015,1.43,conventional,2015,Philadelphia,436027.81
31,24/05/2015,1.4,conventional,2015,Philadelphia,440574.33
32,17/05/2015,1.44,conventional,2015,Philadelphia,388799.73
33,10/05/2015,1.32,conventional,2015,Philadelphia,535922.59
34,3/05/2015,1.22,conventional,2015,Philadelphia,548556.66
35,26/04/2015,1.46,conventional,2015,Philadelphia,385541.99
36,19/04/2015,1.43,conventional,2015,Philadelphia,389414.29
37,12/04/2015,1.44,conventional,2015,Philadelphia,335389.56
38,5/04/2015,1.43,conventional,2015,Philadelphia,365947.19
39,29/03/2015,1.39,conventional,2015,Philadelphia,339877.09
40,22/03/2015,1.18,conventional,2015,Philadelphia,449261.63
41,15/03/2015,1.44,conventional,2015,Philadelphia,331456.96
42,8/03/2015,1.4,conventional,2015,Philadelphia,349609.78
43,1/03/2015,1.24,conventional,2015,Philadelphia,392412.07
44,22/02/2015,1.36,conventional,2015,Philadelphia,348215.37
45,15/02/2015,1.34,conventional,2015,Philadelphia,335173.17
46,8/02/2015,1.09,conventional,2015,Philadelphia,477875.71
47,1/02/2015,1.14,conventional,2015,Philadelphia,569304.8
48,25/01/2015,1.36,conventional,2015,Philadelphia,355645.73
49,18/01/2015,1.4,conventional,2015,Philadelphia,331495.41
50,11/01/2015,1.38,conventional,2015,Philadelphia,315984.22
51,4/01/2015,1.1,conventional,2015,Philadelphia,407675.56
0,25/12/2016,1.43,conventional,2016,Philadelphia,329493.55
1,18/12/2016,1.38,conventional,2016,Philadelphia,336267.19
2,11/12/2016,1.37,conventional,2016,Philadelphia,356716.07
3,4/12/2016,1.54,conventional,2016,Philadelphia,301329.5
4,27/11/2016,1.57,conventional,2016,Philadelphia,279131.45
5,20/11/2016,1.57,conventional,2016,Philadelphia,328557.17
6,13/11/2016,1.72,conventional,2016,Philadelphia,293852.55
7,6/11/2016,1.86,conventional,2016,Philadelphia,269770.44
8,30/10/2016,1.83,conventional,2016,Philadelphia,254423.1
9,23/10/2016,1.89,conventional,2016,Philadelphia,293380.24
10,16/10/2016,1.74,conventional,2016,Philadelphia,335408.43
11,9/10/2016,1.71,conventional,2016,Philadelphia,355667.75
12,2/10/2016,1.61,conventional,2016,Philadelphia,366233.17
13,25/09/2016,1.54,conventional,2016,Philadelphia,366205.45
14,18/09/2016,1.41,conventional,2016,Philadelphia,403065.41
15,11/09/2016,1.24,conventional,2016,Philadelphia,499659.75
16,4/09/2016,1.3,conventional,2016,Philadelphia,488463.75
17,28/08/2016,1.49,conventional,2016,Philadelphia,418742.8
18,21/08/2016,1.45,conventional,2016,Philadelphia,408490.7
19,14/08/2016,1.43,conventional,2016,Philadelphia,415099.81
20,7/08/2016,1.45,conventional,2016,Philadelphia,411252.23
21,31/07/2016,1.57,conventional,2016,Philadelphia,376353.23
22,24/07/2016,1.56,conventional,2016,Philadelphia,389534.59
23,17/07/2016,1.52,conventional,2016,Philadelphia,392041.56
24,10/07/2016,1.47,conventional,2016,Philadelphia,420054.95
25,3/07/2016,1.47,conventional,2016,Philadelphia,427325.17
26,26/06/2016,1.24,conventional,2016,Philadelphia,478874.92
27,19/06/2016,1.46,conventional,2016,Philadelphia,421529.12
28,12/06/2016,1.44,conventional,2016,Philadelphia,426671.94
29,5/06/2016,1.44,conventional,2016,Philadelphia,450346.65
30,29/05/2016,1.18,conventional,2016,Philadelphia,484287.12
31,22/05/2016,1.2,conventional,2016,Philadelphia,459980.05
32,15/05/2016,1.22,conventional,2016,Philadelphia,474934.47
33,8/05/2016,0.91,conventional,2016,Philadelphia,698601.84
34,1/05/2016,1.21,conventional,2016,Philadelphia,478384.72
35,24/04/2016,1.17,conventional,2016,Philadelphia,504960.76
36,17/04/2016,1.17,conventional,2016,Philadelphia,366448.78
37,10/04/2016,1.17,conventional,2016,Philadelphia,346080.71
38,3/04/2016,1.28,conventional,2016,Philadelphia,370753.84
39,27/03/2016,1.29,conventional,2016,Philadelphia,417870.83
40,20/03/2016,1.05,conventional,2016,Philadelphia,543578.3
41,13/03/2016,1.1,conventional,2016,Philadelphia,533501.85
42,6/03/2016,1.33,conventional,2016,Philadelphia,417688.74
43,28/02/2016,1.27,conventional,2016,Philadelphia,419881.8
44,21/02/2016,1.26,conventional,2016,Philadelphia,409152.46
45,14/02/2016,1.19,conventional,2016,Philadelphia,445228.64
46,7/02/2016,0.96,conventional,2016,Philadelphia,675832.78
47,31/01/2016,1.04,conventional,2016,Philadelphia,469689.07
48,24/01/2016,1.34,conventional,2016,Philadelphia,448784.3
49,17/01/2016,1.14,conventional,2016,Philadelphia,492565.69
50,10/01/2016,1.23,conventional,2016,Philadelphia,413224.5
51,3/01/2016,1.19,conventional,2016,Philadelphia,421093.02
