avocado.csv
Index,Date,Average Price,Type,Year,Region,Total Volume
0,27/12/2015,0.49,conventional,2015,PhoenixTucson,1137707.43
1,20/12/2015,0.53,conventional,2015,PhoenixTucson,1097224.25
2,13/12/2015,0.66,conventional,2015,PhoenixTucson,907470.09
3,6/12/2015,0.56,conventional,2015,PhoenixTucson,1105500.34
4,29/11/2015,0.75,conventional,2015,PhoenixTucson,724915.6
5,22/11/2015,0.77,conventional,2015,PhoenixTucson,737834.48
6,15/11/2015,0.62,conventional,2015,PhoenixTucson,1010132.49
7,8/11/2015,0.6,conventional,2015,PhoenixTucson,1102271.52
8,1/11/2015,0.71,conventional,2015,PhoenixTucson,907452.21
9,25/10/2015,0.83,conventional,2015,PhoenixTucson,761261.71
10,18/10/2015,0.65,conventional,2015,PhoenixTucson,1094731.43
11,11/10/2015,0.89,conventional,2015,PhoenixTucson,795732.52
12,4/10/2015,0.89,conventional,2015,PhoenixTucson,726095.5
13,27/09/2015,0.91,conventional,2015,PhoenixTucson,664201.67
14,20/09/2015,0.71,conventional,2015,PhoenixTucson,892151.19
15,13/09/2015,0.71,conventional,2015,PhoenixTucson,1100901.69
16,6/09/2015,0.58,conventional,2015,PhoenixTucson,1390417.77
17,30/08/2015,0.74,conventional,2015,PhoenixTucson,939785.74
18,23/08/2015,0.78,conventional,2015,PhoenixTucson,873856.52
19,16/08/2015,0.66,conventional,2015,PhoenixTucson,1203149.94
20,9/08/2015,0.79,conventional,2015,PhoenixTucson,981975.08
21,2/08/2015,0.78,conventional,2015,PhoenixTucson,946868
22,26/07/2015,0.77,conventional,2015,PhoenixTucson,903242.22
23,19/07/2015,0.76,conventional,2015,PhoenixTucson,928600.19
24,12/07/2015,0.7,conventional,2015,PhoenixTucson,1015567.49
25,5/07/2015,0.56,conventional,2015,PhoenixTucson,1456835.79
26,28/06/2015,0.7,conventional,2015,PhoenixTucson,955510.57
27,21/06/2015,0.54,conventional,2015,PhoenixTucson,1343180.92
28,14/06/2015,0.53,conventional,2015,PhoenixTucson,1353850.06
29,7/06/2015,0.52,conventional,2015,PhoenixTucson,1457359.83
30,31/05/2015,0.56,conventional,2015,PhoenixTucson,1282095.88
31,24/05/2015,0.58,conventional,2015,PhoenixTucson,1261540.03
32,17/05/2015,0.67,conventional,2015,PhoenixTucson,1013049.67
33,10/05/2015,0.67,conventional,2015,PhoenixTucson,1072300.38
34,3/05/2015,0.6,conventional,2015,PhoenixTucson,1268607.36
35,26/04/2015,0.53,conventional,2015,PhoenixTucson,1272428.72
36,19/04/2015,0.51,conventional,2015,PhoenixTucson,1366844.88
37,12/04/2015,0.66,conventional,2015,PhoenixTucson,1019280.57
38,5/04/2015,0.57,conventional,2015,PhoenixTucson,1320320.85
39,29/03/2015,0.57,conventional,2015,PhoenixTucson,1231267.27
40,22/03/2015,0.71,conventional,2015,PhoenixTucson,1089117
41,15/03/2015,0.6,conventional,2015,PhoenixTucson,1326720.8
42,8/03/2015,0.72,conventional,2015,PhoenixTucson,1042159.49
43,1/03/2015,0.7,conventional,2015,PhoenixTucson,1031351.33
44,22/02/2015,0.63,conventional,2015,PhoenixTucson,1163115.49
45,15/02/2015,0.6,conventional,2015,PhoenixTucson,1159509.68
46,8/02/2015,0.64,conventional,2015,PhoenixTucson,1151157.44
47,1/02/2015,0.56,conventional,2015,PhoenixTucson,1544750.92
48,25/01/2015,0.61,conventional,2015,PhoenixTucson,1233503.27
49,18/01/2015,0.67,conventional,2015,PhoenixTucson,1088608.66
50,11/01/2015,0.61,conventional,2015,PhoenixTucson,1110753.05
51,4/01/2015,0.65,conventional,2015,PhoenixTucson,1048062.16
0,25/12/2016,0.64,conventional,2016,PhoenixTucson,1108953.48
1,18/12/2016,0.56,conventional,2016,PhoenixTucson,1236204.18
2,11/12/2016,0.67,conventional,2016,PhoenixTucson,1056806.44
3,4/12/2016,0.63,conventional,2016,PhoenixTucson,1164027.22
4,27/11/2016,0.72,conventional,2016,PhoenixTucson,907516.28
5,20/11/2016,0.7,conventional,2016,PhoenixTucson,1226126.36
6,13/11/2016,0.94,conventional,2016,PhoenixTucson,911367.38
7,6/11/2016,1,conventional,2016,PhoenixTucson,734433.2
8,30/10/2016,1.11,conventional,2016,PhoenixTucson,644652.47
9,23/10/2016,1.02,conventional,2016,PhoenixTucson,699711.07
10,16/10/2016,1.03,conventional,2016,PhoenixTucson,831120.57
11,9/10/2016,0.99,conventional,2016,PhoenixTucson,885661.32
12,2/10/2016,1.03,conventional,2016,PhoenixTucson,815711.64
13,25/09/2016,1.04,conventional,2016,PhoenixTucson,811939.65
14,18/09/2016,1,conventional,2016,PhoenixTucson,826738.9
15,11/09/2016,0.88,conventional,2016,PhoenixTucson,961997.61
16,4/09/2016,0.64,conventional,2016,PhoenixTucson,1455770.91
17,28/08/2016,0.79,conventional,2016,PhoenixTucson,1024799.73
18,21/08/2016,0.58,conventional,2016,PhoenixTucson,1459911.33
19,14/08/2016,0.69,conventional,2016,PhoenixTucson,1325974.87
20,7/08/2016,0.64,conventional,2016,PhoenixTucson,1522368.93
21,31/07/2016,1,conventional,2016,PhoenixTucson,851296.1
22,24/07/2016,0.94,conventional,2016,PhoenixTucson,922526.29
23,17/07/2016,0.92,conventional,2016,PhoenixTucson,864516.85
24,10/07/2016,0.89,conventional,2016,PhoenixTucson,995347.5
25,3/07/2016,0.77,conventional,2016,PhoenixTucson,1069905.64
26,26/06/2016,0.6,conventional,2016,PhoenixTucson,1360168.72
27,19/06/2016,0.62,conventional,2016,PhoenixTucson,1348891.94
28,12/06/2016,0.81,conventional,2016,PhoenixTucson,991221.27
29,5/06/2016,0.67,conventional,2016,PhoenixTucson,1197277.61
30,29/05/2016,0.58,conventional,2016,PhoenixTucson,1342825.39
31,22/05/2016,0.68,conventional,2016,PhoenixTucson,1063411.38
32,15/05/2016,0.55,conventional,2016,PhoenixTucson,1318932.22
33,8/05/2016,0.57,conventional,2016,PhoenixTucson,1489269.33
34,1/05/2016,0.62,conventional,2016,PhoenixTucson,1178000.01
35,24/04/2016,0.54,conventional,2016,PhoenixTucson,1352494.83
36,17/04/2016,0.61,conventional,2016,PhoenixTucson,1166007.02
37,10/04/2016,0.56,conventional,2016,PhoenixTucson,1387970
38,3/04/2016,0.61,conventional,2016,PhoenixTucson,1091234.04
39,27/03/2016,0.54,conventional,2016,PhoenixTucson,1423939.62
40,20/03/2016,0.56,conventional,2016,PhoenixTucson,1339528.26
41,13/03/2016,0.64,conventional,2016,PhoenixTucson,1103110.33
42,6/03/2016,0.51,conventional,2016,PhoenixTucson,1442973.47
43,28/02/2016,0.57,conventional,2016,PhoenixTucson,1290021.19
44,21/02/2016,0.67,conventional,2016,PhoenixTucson,1098967.88
45,14/02/2016,0.61,conventional,2016,PhoenixTucson,1209857.67
46,7/02/2016,0.55,conventional,2016,PhoenixTucson,1609195.36
47,31/01/2016,0.64,conventional,2016,PhoenixTucson,1113755.21
48,24/01/2016,0.61,conventional,2016,PhoenixTucson,1016720.53
49,17/01/2016,0.71,conventional,2016,PhoenixTucson,1069974.38
50,10/01/2016,0.59,conventional,2016,PhoenixTucson,1276128.92
51,3/01/2016,0.62,conventional,2016,PhoenixTucson,1092066.65
0,27/12/2015,1.25,conventional,2015,Pittsburgh,73109.9
1,20/12/2015,1.22,conventional,2015,Pittsburgh,68972.79
2,13/12/2015,1.19,conventional,2015,Pittsburgh,65332.74
3,6/12/2015,1.21,conventional,2015,Pittsburgh,61870.23
4,29/11/2015,1.26,conventional,2015,Pittsburgh,54779.61
5,22/11/2015,1.3,conventional,2015,Pittsburgh,63345.59
6,15/11/2015,1.24,conventional,2015,Pittsburgh,64518.82
7,8/11/2015,0.93,conventional,2015,Pittsburgh,123489.29
8,1/11/2015,1.16,conventional,2015,Pittsburgh,81573.97
9,25/10/2015,1.22,conventional,2015,Pittsburgh,69191.72
10,18/10/2015,1.23,conventional,2015,Pittsburgh,70132.85
11,11/10/2015,0.96,conventional,2015,Pittsburgh,84053.56
12,4/10/2015,0.99,conventional,2015,Pittsburgh,89538.02
13,27/09/2015,1.11,conventional,2015,Pittsburgh,91558.77
14,20/09/2015,1.19,conventional,2015,Pittsburgh,74826.22
15,13/09/2015,1.16,conventional,2015,Pittsburgh,74962.45
16,6/09/2015,1.12,conventional,2015,Pittsburgh,114216.62
17,30/08/2015,1.37,conventional,2015,Pittsburgh,74510.02
18,23/08/2015,1.2,conventional,2015,Pittsburgh,83196.11
19,16/08/2015,1.23,conventional,2015,Pittsburgh,87687.64
20,9/08/2015,0.96,conventional,2015,Pittsburgh,145930.35
21,2/08/2015,1.43,conventional,2015,Pittsburgh,74680.7
22,26/07/2015,1.43,conventional,2015,Pittsburgh,68936.46
23,19/07/2015,1.44,conventional,2015,Pittsburgh,73321.36
24,12/07/2015,1.48,conventional,2015,Pittsburgh,68846.81
25,5/07/2015,1.23,conventional,2015,Pittsburgh,115579.5
26,28/06/2015,1.2,conventional,2015,Pittsburgh,111690.04
27,21/06/2015,1.34,conventional,2015,Pittsburgh,88214.04
28,14/06/2015,1.3,conventional,2015,Pittsburgh,92713.49
29,7/06/2015,1.33,conventional,2015,Pittsburgh,84556.54
30,31/05/2015,1.32,conventional,2015,Pittsburgh,83007.91
31,24/05/2015,1.01,conventional,2015,Pittsburgh,181169.72
32,17/05/2015,1.41,conventional,2015,Pittsburgh,85405.61
33,10/05/2015,1.46,conventional,2015,Pittsburgh,82110.05
34,3/05/2015,0.98,conventional,2015,Pittsburgh,208821.04
35,26/04/2015,1.44,conventional,2015,Pittsburgh,79976.86
36,19/04/2015,1.49,conventional,2015,Pittsburgh,75775.26
37,12/04/2015,1.5,conventional,2015,Pittsburgh,69339.77
38,5/04/2015,1.29,conventional,2015,Pittsburgh,76146.82
39,29/03/2015,1.25,conventional,2015,Pittsburgh,69747.2
40,22/03/2015,1.23,conventional,2015,Pittsburgh,68499.85
41,15/03/2015,1.23,conventional,2015,Pittsburgh,71906.75
42,8/03/2015,0.95,conventional,2015,Pittsburgh,159735.96
43,1/03/2015,1.25,conventional,2015,Pittsburgh,65484.37
44,22/02/2015,1.26,conventional,2015,Pittsburgh,70345.39
45,15/02/2015,1.43,conventional,2015,Pittsburgh,60213.79
46,8/02/2015,1.38,conventional,2015,Pittsburgh,66360.74
47,1/02/2015,1.25,conventional,2015,Pittsburgh,112065.73
48,25/01/2015,1.32,conventional,2015,Pittsburgh,98722.79
49,18/01/2015,1.47,conventional,2015,Pittsburgh,59312.07
50,11/01/2015,1.54,conventional,2015,Pittsburgh,54644.32
51,4/01/2015,1.52,conventional,2015,Pittsburgh,54956.8
0,25/12/2016,1.26,conventional,2016,Pittsburgh,80688.76
1,18/12/2016,1.02,conventional,2016,Pittsburgh,123555.7
2,11/12/2016,1.21,conventional,2016,Pittsburgh,84144.99
3,4/12/2016,1.27,conventional,2016,Pittsburgh,80731.39
4,27/11/2016,1.27,conventional,2016,Pittsburgh,67448.86
5,20/11/2016,1.27,conventional,2016,Pittsburgh,85227.73
6,13/11/2016,1.26,conventional,2016,Pittsburgh,86306.22
7,6/11/2016,1.25,conventional,2016,Pittsburgh,92657.44
8,30/10/2016,1.25,conventional,2016,Pittsburgh,86820.55
9,23/10/2016,1.3,conventional,2016,Pittsburgh,90368.85
10,16/10/2016,1.27,conventional,2016,Pittsburgh,87503.46
11,9/10/2016,1.29,conventional,2016,Pittsburgh,89506.29
12,2/10/2016,1.3,conventional,2016,Pittsburgh,92483.87
13,25/09/2016,1.01,conventional,2016,Pittsburgh,165178.31
14,18/09/2016,1.27,conventional,2016,Pittsburgh,91298.63
15,11/09/2016,1.33,conventional,2016,Pittsburgh,80206.95
16,4/09/2016,1.23,conventional,2016,Pittsburgh,93887.78
17,28/08/2016,1.4,conventional,2016,Pittsburgh,89247.85
18,21/08/2016,1.42,conventional,2016,Pittsburgh,89949.42
19,14/08/2016,1.42,conventional,2016,Pittsburgh,93415.78
20,7/08/2016,1.37,conventional,2016,Pittsburgh,97959.55
21,31/07/2016,1.42,conventional,2016,Pittsburgh,94553.4
22,24/07/2016,1.35,conventional,2016,Pittsburgh,104420.57
23,17/07/2016,1.25,conventional,2016,Pittsburgh,113655.96
24,10/07/2016,1.29,conventional,2016,Pittsburgh,111914.65
25,3/07/2016,1.36,conventional,2016,Pittsburgh,128114.61
26,26/06/2016,1.39,conventional,2016,Pittsburgh,110772.26
27,19/06/2016,1.42,conventional,2016,Pittsburgh,104127.89
28,12/06/2016,1.41,conventional,2016,Pittsburgh,102412.83
29,5/06/2016,1.38,conventional,2016,Pittsburgh,111137.97
30,29/05/2016,1.4,conventional,2016,Pittsburgh,117486.96
31,22/05/2016,1.17,conventional,2016,Pittsburgh,113857.64
32,15/05/2016,0.87,conventional,2016,Pittsburgh,165733.74
33,8/05/2016,0.89,conventional,2016,Pittsburgh,144813.19
34,1/05/2016,0.92,conventional,2016,Pittsburgh,169483.29
35,24/04/2016,1.02,conventional,2016,Pittsburgh,109421.34
36,17/04/2016,1.17,conventional,2016,Pittsburgh,107271.68
37,10/04/2016,1.18,conventional,2016,Pittsburgh,102684.74
38,3/04/2016,1.26,conventional,2016,Pittsburgh,87991.76
39,27/03/2016,1.15,conventional,2016,Pittsburgh,93607.68
40,20/03/2016,1.17,conventional,2016,Pittsburgh,87881.33
41,13/03/2016,1.17,conventional,2016,Pittsburgh,91112.78
42,6/03/2016,1.18,conventional,2016,Pittsburgh,99548.51
43,28/02/2016,1.21,conventional,2016,Pittsburgh,96483.82
44,21/02/2016,1.23,conventional,2016,Pittsburgh,84755.36
45,14/02/2016,1.14,conventional,2016,Pittsburgh,87228.1
46,7/02/2016,1.18,conventional,2016,Pittsburgh,105805.21
47,31/01/2016,1.22,conventional,2016,Pittsburgh,88551.72
48,24/01/2016,1.2,conventional,2016,Pittsburgh,96487.8
49,17/01/2016,1.22,conventional,2016,Pittsburgh,94971.15
50,10/01/2016,1.23,conventional,2016,Pittsburgh,110155.55
51,3/01/2016,1.27,conventional,2016,Pittsburgh,90521.74
