avocado.csv
Index,Date,Average Price,Type,Year,Region,Total Volume
0,27/12/2015,1.01,conventional,2015,Portland,417190.47
1,20/12/2015,0.98,conventional,2015,Portland,416298.84
2,13/12/2015,0.93,conventional,2015,Portland,429103.52
3,6/12/2015,0.73,conventional,2015,Portland,743770.2
4,29/11/2015,1.04,conventional,2015,Portland,353818.15
5,22/11/2015,1.03,conventional,2015,Portland,380726.46
6,15/11/2015,0.9,conventional,2015,Portland,568414.35
7,8/11/2015,1.04,conventional,2015,Portland,406548.16
8,1/11/2015,1.06,conventional,2015,Portland,423475.77
9,25/10/2015,0.91,conventional,2015,Portland,480396.16
10,18/10/2015,1.05,conventional,2015,Portland,438182.64
11,11/10/2015,0.79,conventional,2015,Portland,657656.23
12,4/10/2015,1.13,conventional,2015,Portland,421430.94
13,27/09/2015,0.9,conventional,2015,Portland,484598.47
14,20/09/2015,0.94,conventional,2015,Portland,566385.9
15,13/09/2015,1,conventional,2015,Portland,535519.29
16,6/09/2015,1.1,conventional,2015,Portland,465258.45
17,30/08/2015,1.14,conventional,2015,Portland,427776.92
18,23/08/2015,1.08,conventional,2015,Portland,545296.58
19,16/08/2015,1.17,conventional,2015,Portland,465897.27
20,9/08/2015,1.19,conventional,2015,Portland,448135.88
21,2/08/2015,1.14,conventional,2015,Portland,501106.6
22,26/07/2015,1.18,conventional,2015,Portland,433999.24
23,19/07/2015,1.18,conventional,2015,Portland,446862.52
24,12/07/2015,1.02,conventional,2015,Portland,568129.75
25,5/07/2015,1.19,conventional,2015,Portland,574999.04
26,28/06/2015,1.16,conventional,2015,Portland,508174.09
27,21/06/2015,1.08,conventional,2015,Portland,579558
28,14/06/2015,1.08,conventional,2015,Portland,622880.59
29,7/06/2015,1.16,conventional,2015,Portland,543944.19
30,31/05/2015,1.01,conventional,2015,Portland,600303.28
31,24/05/2015,1.01,conventional,2015,Portland,606039.09
32,17/05/2015,1.06,conventional,2015,Portland,487024.66
33,10/05/2015,0.91,conventional,2015,Portland,675269.74
34,3/05/2015,0.95,conventional,2015,Portland,644419.48
35,26/04/2015,0.95,conventional,2015,Portland,571442.54
36,19/04/2015,0.99,conventional,2015,Portland,610658.64
37,12/04/2015,1.16,conventional,2015,Portland,433703.29
38,5/04/2015,1.22,conventional,2015,Portland,432729.65
39,29/03/2015,1.2,conventional,2015,Portland,401824.91
40,22/03/2015,1.1,conventional,2015,Portland,426180.78
41,15/03/2015,1.21,conventional,2015,Portland,392802.67
42,8/03/2015,1.17,conventional,2015,Portland,419849.55
43,1/03/2015,0.94,conventional,2015,Portland,598755.26
44,22/02/2015,1.11,conventional,2015,Portland,495032.46
45,15/02/2015,1.23,conventional,2015,Portland,363889.04
46,8/02/2015,1.08,conventional,2015,Portland,447701.68
47,1/02/2015,0.98,conventional,2015,Portland,776237.93
48,25/01/2015,1.09,conventional,2015,Portland,432770.06
49,18/01/2015,1.11,conventional,2015,Portland,439617.61
50,11/01/2015,1.05,conventional,2015,Portland,510152.67
51,4/01/2015,0.97,conventional,2015,Portland,599965.86
0,25/12/2016,0.94,conventional,2016,Portland,525930.72
1,18/12/2016,0.93,conventional,2016,Portland,522499.15
2,11/12/2016,0.7,conventional,2016,Portland,923022.14
3,4/12/2016,1,conventional,2016,Portland,594246.5
4,27/11/2016,1.22,conventional,2016,Portland,404389.56
5,20/11/2016,1.23,conventional,2016,Portland,455618.12
6,13/11/2016,1.22,conventional,2016,Portland,487762.79
7,6/11/2016,1.35,conventional,2016,Portland,467433.56
8,30/10/2016,1.4,conventional,2016,Portland,407047.88
9,23/10/2016,1.12,conventional,2016,Portland,568596.03
10,16/10/2016,1.16,conventional,2016,Portland,563725.3
11,9/10/2016,1.08,conventional,2016,Portland,598035.57
12,2/10/2016,0.83,conventional,2016,Portland,954737.07
13,25/09/2016,0.87,conventional,2016,Portland,694289.8
14,18/09/2016,0.94,conventional,2016,Portland,603235.38
15,11/09/2016,0.88,conventional,2016,Portland,671817.53
16,4/09/2016,1.01,conventional,2016,Portland,613058.51
17,28/08/2016,0.99,conventional,2016,Portland,621458.42
18,21/08/2016,0.92,conventional,2016,Portland,668003.85
19,14/08/2016,0.98,conventional,2016,Portland,623628.8
20,7/08/2016,0.96,conventional,2016,Portland,659207.94
21,31/07/2016,1.02,conventional,2016,Portland,608614.15
22,24/07/2016,0.97,conventional,2016,Portland,602085.03
23,17/07/2016,0.93,conventional,2016,Portland,612572.73
24,10/07/2016,0.98,conventional,2016,Portland,669673.68
25,3/07/2016,0.98,conventional,2016,Portland,728681.01
26,26/06/2016,0.92,conventional,2016,Portland,662145.29
27,19/06/2016,0.86,conventional,2016,Portland,682680.66
28,12/06/2016,0.85,conventional,2016,Portland,626226.63
29,5/06/2016,0.78,conventional,2016,Portland,942774.69
30,29/05/2016,0.77,conventional,2016,Portland,832869.55
31,22/05/2016,0.78,conventional,2016,Portland,689730.64
32,15/05/2016,0.75,conventional,2016,Portland,884782.05
33,8/05/2016,0.75,conventional,2016,Portland,969780.21
34,1/05/2016,0.76,conventional,2016,Portland,852118.86
35,24/04/2016,0.79,conventional,2016,Portland,714374.65
36,17/04/2016,0.69,conventional,2016,Portland,917689.13
37,10/04/2016,0.88,conventional,2016,Portland,681434.09
38,3/04/2016,0.79,conventional,2016,Portland,806264.89
39,27/03/2016,0.71,conventional,2016,Portland,806586.49
40,20/03/2016,0.94,conventional,2016,Portland,556500.49
41,13/03/2016,0.79,conventional,2016,Portland,750735.4
42,6/03/2016,0.83,conventional,2016,Portland,769499.11
43,28/02/2016,0.83,conventional,2016,Portland,725928.01
44,21/02/2016,0.71,conventional,2016,Portland,823186.03
45,14/02/2016,0.87,conventional,2016,Portland,567176.93
46,7/02/2016,0.72,conventional,2016,Portland,948838.16
47,31/01/2016,0.88,conventional,2016,Portland,674373.81
48,24/01/2016,0.9,conventional,2016,Portland,596989.37
49,17/01/2016,0.87,conventional,2016,Portland,731385.02
50,10/01/2016,0.88,conventional,2016,Portland,731602.32
51,3/01/2016,0.75,conventional,2016,Portland,830063.2
0,27/12/2015,0.96,conventional,2015,RaleighGreensboro,208425.96
1,20/12/2015,0.98,conventional,2015,RaleighGreensboro,189584.22
2,13/12/2015,0.98,conventional,2015,RaleighGreensboro,207627.79
3,6/12/2015,0.97,conventional,2015,RaleighGreensboro,210379.48
4,29/11/2015,0.98,conventional,2015,RaleighGreensboro,185733.81
5,22/11/2015,1.02,conventional,2015,RaleighGreensboro,179083.03
6,15/11/2015,1,conventional,2015,RaleighGreensboro,238990.38
7,8/11/2015,1.07,conventional,2015,RaleighGreensboro,223564.41
8,1/11/2015,1.12,conventional,2015,RaleighGreensboro,229530.31
9,25/10/2015,1.22,conventional,2015,RaleighGreensboro,199222.68
10,18/10/2015,1.23,conventional,2015,RaleighGreensboro,217581.17
11,11/10/2015,1.17,conventional,2015,RaleighGreensboro,222606.79
12,4/10/2015,1.29,conventional,2015,RaleighGreensboro,187692.67
13,27/09/2015,1.12,conventional,2015,RaleighGreensboro,222849.89
14,20/09/2015,1.22,conventional,2015,RaleighGreensboro,216519.33
15,13/09/2015,1.16,conventional,2015,RaleighGreensboro,238903.72
16,6/09/2015,1.04,conventional,2015,RaleighGreensboro,301641.21
17,30/08/2015,1.16,conventional,2015,RaleighGreensboro,253577.94
18,23/08/2015,1.13,conventional,2015,RaleighGreensboro,277977.73
19,16/08/2015,1.23,conventional,2015,RaleighGreensboro,241120.74
20,9/08/2015,1.23,conventional,2015,RaleighGreensboro,234070.7
21,2/08/2015,1.22,conventional,2015,RaleighGreensboro,243248.66
22,26/07/2015,1.2,conventional,2015,RaleighGreensboro,232204.85
23,19/07/2015,1.2,conventional,2015,RaleighGreensboro,246513.23
24,12/07/2015,1.19,conventional,2015,RaleighGreensboro,247167.15
25,5/07/2015,1.16,conventional,2015,RaleighGreensboro,275670.52
26,28/06/2015,1.17,conventional,2015,RaleighGreensboro,255921.9
27,21/06/2015,1.17,conventional,2015,RaleighGreensboro,264236.38
28,14/06/2015,1.11,conventional,2015,RaleighGreensboro,286814.82
29,7/06/2015,1.14,conventional,2015,RaleighGreensboro,259977.16
30,31/05/2015,1.16,conventional,2015,RaleighGreensboro,262288.53
31,24/05/2015,1.21,conventional,2015,RaleighGreensboro,267022.77
32,17/05/2015,1.16,conventional,2015,RaleighGreensboro,264908.94
33,10/05/2015,1.11,conventional,2015,RaleighGreensboro,267655.62
34,3/05/2015,1.01,conventional,2015,RaleighGreensboro,335464.54
35,26/04/2015,1.16,conventional,2015,RaleighGreensboro,259623.56
36,19/04/2015,1.13,conventional,2015,RaleighGreensboro,255436.55
37,12/04/2015,1.1,conventional,2015,RaleighGreensboro,274985.46
38,5/04/2015,1.12,conventional,2015,RaleighGreensboro,245491.91
39,29/03/2015,1.23,conventional,2015,RaleighGreensboro,238992.24
40,22/03/2015,1.19,conventional,2015,RaleighGreensboro,244658.35
41,15/03/2015,1.18,conventional,2015,RaleighGreensboro,252527.34
42,8/03/2015,1.24,conventional,2015,RaleighGreensboro,198900.07
43,1/03/2015,1.2,conventional,2015,RaleighGreensboro,216841.43
44,22/02/2015,1.11,conventional,2015,RaleighGreensboro,258728.48
45,15/02/2015,1.21,conventional,2015,RaleighGreensboro,230632.14
46,8/02/2015,1.14,conventional,2015,RaleighGreensboro,222483.88
47,1/02/2015,0.99,conventional,2015,RaleighGreensboro,344288.82
48,25/01/2015,1.16,conventional,2015,RaleighGreensboro,233277.19
49,18/01/2015,1.22,conventional,2015,RaleighGreensboro,204504.99
50,11/01/2015,1.24,conventional,2015,RaleighGreensboro,205760.67
51,4/01/2015,1.2,conventional,2015,RaleighGreensboro,221086.46
0,25/12/2016,1.24,conventional,2016,RaleighGreensboro,208041
1,18/12/2016,1.26,conventional,2016,RaleighGreensboro,197054.39
2,11/12/2016,1.24,conventional,2016,RaleighGreensboro,215138.05
3,4/12/2016,1.31,conventional,2016,RaleighGreensboro,216077.75
4,27/11/2016,1.49,conventional,2016,RaleighGreensboro,175761.18
5,20/11/2016,1.56,conventional,2016,RaleighGreensboro,183327.73
6,13/11/2016,1.47,conventional,2016,RaleighGreensboro,211408.68
7,6/11/2016,1.53,conventional,2016,RaleighGreensboro,215345.69
8,30/10/2016,1.42,conventional,2016,RaleighGreensboro,211956.24
9,23/10/2016,1.4,conventional,2016,RaleighGreensboro,239744.28
10,16/10/2016,1.37,conventional,2016,RaleighGreensboro,247656.68
11,9/10/2016,1.39,conventional,2016,RaleighGreensboro,254093.87
12,2/10/2016,1.36,conventional,2016,RaleighGreensboro,261886.32
13,25/09/2016,1.35,conventional,2016,RaleighGreensboro,255043.21
14,18/09/2016,1.27,conventional,2016,RaleighGreensboro,278129.66
15,11/09/2016,1.31,conventional,2016,RaleighGreensboro,248257.02
16,4/09/2016,1.27,conventional,2016,RaleighGreensboro,287328.36
17,28/08/2016,1.29,conventional,2016,RaleighGreensboro,281758.14
18,21/08/2016,1.29,conventional,2016,RaleighGreensboro,279090.94
19,14/08/2016,1.27,conventional,2016,RaleighGreensboro,295307.02
20,7/08/2016,1.31,conventional,2016,RaleighGreensboro,280543.19
21,31/07/2016,1.33,conventional,2016,RaleighGreensboro,273951.5
22,24/07/2016,1.31,conventional,2016,RaleighGreensboro,279159.58
23,17/07/2016,1.28,conventional,2016,RaleighGreensboro,279442.6
24,10/07/2016,1.2,conventional,2016,RaleighGreensboro,303559.52
25,3/07/2016,1.14,conventional,2016,RaleighGreensboro,307215.96
26,26/06/2016,1.12,conventional,2016,RaleighGreensboro,297550.9
27,19/06/2016,1.12,conventional,2016,RaleighGreensboro,313757.2
28,12/06/2016,1.09,conventional,2016,RaleighGreensboro,298517.24
29,5/06/2016,1.11,conventional,2016,RaleighGreensboro,308049.48
30,29/05/2016,1.18,conventional,2016,RaleighGreensboro,295356.64
31,22/05/2016,1.16,conventional,2016,RaleighGreensboro,288374.18
32,15/05/2016,1.1,conventional,2016,RaleighGreensboro,293520.49
33,8/05/2016,1.07,conventional,2016,RaleighGreensboro,318524.19
34,1/05/2016,1.06,conventional,2016,RaleighGreensboro,326468.57
35,24/04/2016,1.07,conventional,2016,RaleighGreensboro,311438.51
36,17/04/2016,1.11,conventional,2016,RaleighGreensboro,284896.14
37,10/04/2016,1.09,conventional,2016,RaleighGreensboro,274246.43
38,3/04/2016,1.13,conventional,2016,RaleighGreensboro,262808.03
39,27/03/2016,1.14,conventional,2016,RaleighGreensboro,260487.14
40,20/03/2016,1.13,conventional,2016,RaleighGreensboro,288866.22
41,13/03/2016,1.08,conventional,2016,RaleighGreensboro,303779.53
42,6/03/2016,1.08,conventional,2016,RaleighGreensboro,298087.71
43,28/02/2016,1.08,conventional,2016,RaleighGreensboro,281060.42
44,21/02/2016,1.05,conventional,2016,RaleighGreensboro,263148.45
45,14/02/2016,0.99,conventional,2016,RaleighGreensboro,283960.43
46,7/02/2016,0.86,conventional,2016,RaleighGreensboro,403849.99
47,31/01/2016,0.96,conventional,2016,RaleighGreensboro,290633.33
48,24/01/2016,0.96,conventional,2016,RaleighGreensboro,242512.95
49,17/01/2016,1,conventional,2016,RaleighGreensboro,272248.84
50,10/01/2016,0.99,conventional,2016,RaleighGreensboro,257990.11
51,3/01/2016,0.92,conventional,2016,RaleighGreensboro,280335.82
