avocado.csv
Index,Date,Average Price,Type,Year,Region,Total Volume
0,27/12/2015,0.98,conventional,2015,RichmondNorfolk,161577.6
1,20/12/2015,0.99,conventional,2015,RichmondNorfolk,158870.28
2,13/12/2015,0.98,conventional,2015,RichmondNorfolk,174380.77
3,6/12/2015,0.98,conventional,2015,RichmondNorfolk,176731.22
4,29/11/2015,0.99,conventional,2015,RichmondNorfolk,140939.78
5,22/11/2015,1.01,conventional,2015,RichmondNorfolk,148242.89
6,15/11/2015,0.94,conventional,2015,RichmondNorfolk,198934.23
7,8/11/2015,0.95,conventional,2015,RichmondNorfolk,202831.97
8,1/11/2015,1,conventional,2015,RichmondNorfolk,212854.47
9,25/10/2015,1.02,conventional,2015,RichmondNorfolk,180316.1
10,18/10/2015,1,conventional,2015,RichmondNorfolk,217221.23
11,11/10/2015,1.01,conventional,2015,RichmondNorfolk,192231.47
12,4/10/2015,1.04,conventional,2015,RichmondNorfolk,200821.29
13,27/09/2015,0.97,conventional,2015,RichmondNorfolk,203675.17
14,20/09/2015,1.04,conventional,2015,RichmondNorfolk,195742.46
15,13/09/2015,1.01,conventional,2015,RichmondNorfolk,229220.66
16,6/09/2015,0.98,conventional,2015,RichmondNorfolk,252853.41
17,30/08/2015,1.06,conventional,2015,RichmondNorfolk,213120.84
18,23/08/2015,1.04,conventional,2015,RichmondNorfolk,232074.44
19,16/08/2015,1.05,conventional,2015,RichmondNorfolk,222696.44
20,9/08/2015,1.06,conventional,2015,RichmondNorfolk,216580.39
21,2/08/2015,1.05,conventional,2015,RichmondNorfolk,235505.63
22,26/07/2015,1.03,conventional,2015,RichmondNorfolk,222882.86
23,19/07/2015,1.02,conventional,2015,RichmondNorfolk,225259.93
24,12/07/2015,1.02,conventional,2015,RichmondNorfolk,234568.8
25,5/07/2015,1.01,conventional,2015,RichmondNorfolk,287571.95
26,28/06/2015,1,conventional,2015,RichmondNorfolk,236210.73
27,21/06/2015,1.01,conventional,2015,RichmondNorfolk,264922.77
28,14/06/2015,0.98,conventional,2015,RichmondNorfolk,289290.98
29,7/06/2015,1.02,conventional,2015,RichmondNorfolk,248646.25
30,31/05/2015,1.02,conventional,2015,RichmondNorfolk,270601.09
31,24/05/2015,1.03,conventional,2015,RichmondNorfolk,280240.7
32,17/05/2015,1.04,conventional,2015,RichmondNorfolk,262509.58
33,10/05/2015,1.06,conventional,2015,RichmondNorfolk,263027.68
34,3/05/2015,0.99,conventional,2015,RichmondNorfolk,292744.22
35,26/04/2015,1.11,conventional,2015,RichmondNorfolk,235546.11
36,19/04/2015,1.1,conventional,2015,RichmondNorfolk,231641.21
37,12/04/2015,1.11,conventional,2015,RichmondNorfolk,213032.44
38,5/04/2015,1.14,conventional,2015,RichmondNorfolk,222122.63
39,29/03/2015,1.15,conventional,2015,RichmondNorfolk,205954.04
40,22/03/2015,1.12,conventional,2015,RichmondNorfolk,213086.98
41,15/03/2015,1.16,conventional,2015,RichmondNorfolk,210124.43
42,8/03/2015,1.19,conventional,2015,RichmondNorfolk,177541.37
43,1/03/2015,1.13,conventional,2015,RichmondNorfolk,194798.39
44,22/02/2015,1.1,conventional,2015,RichmondNorfolk,225830.42
45,15/02/2015,1.13,conventional,2015,RichmondNorfolk,207249.74
46,8/02/2015,1.06,conventional,2015,RichmondNorfolk,212887.85
47,1/02/2015,0.97,conventional,2015,RichmondNorfolk,308461.1
48,25/01/2015,1.17,conventional,2015,RichmondNorfolk,194086.08
49,18/01/2015,1.18,conventional,2015,RichmondNorfolk,179038.39
50,11/01/2015,1.15,conventional,2015,RichmondNorfolk,194460.59
51,4/01/2015,1.13,conventional,2015,RichmondNorfolk,182697.97
0,25/12/2016,1.2,conventional,2016,RichmondNorfolk,176103.25
1,18/12/2016,1.15,conventional,2016,RichmondNorfolk,174209.1
2,11/12/2016,1.1,conventional,2016,RichmondNorfolk,186495.71
3,4/12/2016,1.18,conventional,2016,RichmondNorfolk,183871.72
4,27/11/2016,1.21,conventional,2016,RichmondNorfolk,154199.13
5,20/11/2016,1.29,conventional,2016,RichmondNorfolk,177112.27
6,13/11/2016,1.33,conventional,2016,RichmondNorfolk,177641.28
7,6/11/2016,1.39,conventional,2016,RichmondNorfolk,169723.23
8,30/10/2016,1.28,conventional,2016,RichmondNorfolk,174400.73
9,23/10/2016,1.34,conventional,2016,RichmondNorfolk,178512.86
10,16/10/2016,1.28,conventional,2016,RichmondNorfolk,203089.29
11,9/10/2016,1.25,conventional,2016,RichmondNorfolk,213460.34
12,2/10/2016,1.19,conventional,2016,RichmondNorfolk,229339.1
13,25/09/2016,1.27,conventional,2016,RichmondNorfolk,210791.27
14,18/09/2016,1.18,conventional,2016,RichmondNorfolk,238848.85
15,11/09/2016,1.13,conventional,2016,RichmondNorfolk,240632.37
16,4/09/2016,1.11,conventional,2016,RichmondNorfolk,263823.88
17,28/08/2016,1.06,conventional,2016,RichmondNorfolk,250434.52
18,21/08/2016,1.11,conventional,2016,RichmondNorfolk,236349.68
19,14/08/2016,1.12,conventional,2016,RichmondNorfolk,247600.94
20,7/08/2016,1.1,conventional,2016,RichmondNorfolk,266174.1
21,31/07/2016,1.17,conventional,2016,RichmondNorfolk,245374.63
22,24/07/2016,1.07,conventional,2016,RichmondNorfolk,272728.01
23,17/07/2016,1.06,conventional,2016,RichmondNorfolk,264253.28
24,10/07/2016,1.02,conventional,2016,RichmondNorfolk,296610.12
25,3/07/2016,0.99,conventional,2016,RichmondNorfolk,305399.4
26,26/06/2016,1,conventional,2016,RichmondNorfolk,259281.86
27,19/06/2016,0.99,conventional,2016,RichmondNorfolk,278178.65
28,12/06/2016,0.96,conventional,2016,RichmondNorfolk,280191.2
29,5/06/2016,0.98,conventional,2016,RichmondNorfolk,268775.52
30,29/05/2016,1,conventional,2016,RichmondNorfolk,274103.16
31,22/05/2016,0.96,conventional,2016,RichmondNorfolk,271979.26
32,15/05/2016,1,conventional,2016,RichmondNorfolk,250352.36
33,8/05/2016,0.9,conventional,2016,RichmondNorfolk,334121.64
34,1/05/2016,0.95,conventional,2016,RichmondNorfolk,283660.1
35,24/04/2016,0.98,conventional,2016,RichmondNorfolk,273208.48
36,17/04/2016,0.99,conventional,2016,RichmondNorfolk,251803.25
37,10/04/2016,1.01,conventional,2016,RichmondNorfolk,220100.13
38,3/04/2016,1.03,conventional,2016,RichmondNorfolk,189989.18
39,27/03/2016,1.02,conventional,2016,RichmondNorfolk,233604.1
40,20/03/2016,0.99,conventional,2016,RichmondNorfolk,264247.19
41,13/03/2016,1.02,conventional,2016,RichmondNorfolk,246110.88
42,6/03/2016,0.99,conventional,2016,RichmondNorfolk,255419.61
43,28/02/2016,1.04,conventional,2016,RichmondNorfolk,230260.29
44,21/02/2016,0.98,conventional,2016,RichmondNorfolk,214625.59
45,14/02/2016,0.92,conventional,2016,RichmondNorfolk,254611.93
46,7/02/2016,0.78,conventional,2016,RichmondNorfolk,394461.41
47,31/01/2016,0.98,conventional,2016,RichmondNorfolk,222414.16
48,24/01/2016,0.97,conventional,2016,RichmondNorfolk,272314.29
49,17/01/2016,0.97,conventional,2016,RichmondNorfolk,272594.61
50,10/01/2016,0.97,conventional,2016,RichmondNorfolk,243704.71
51,3/01/2016,0.96,conventional,2016,RichmondNorfolk,235618.91
0,27/12/2015,0.96,conventional,2015,Roanoke,98584.92
1,20/12/2015,1,conventional,2015,Roanoke,88183.03
2,13/12/2015,1.01,conventional,2015,Roanoke,99886.07
3,6/12/2015,1.01,conventional,2015,Roanoke,99519.99
4,29/11/2015,1.03,conventional,2015,Roanoke,73733.96
5,22/11/2015,1,conventional,2015,Roanoke,83963.95
6,15/11/2015,1,conventional,2015,Roanoke,109928.84
7,8/11/2015,1.01,conventional,2015,Roanoke,114124.6
8,1/11/2015,1,conventional,2015,Roanoke,116798.97
9,25/10/2015,0.99,conventional,2015,Roanoke,110896.48
10,18/10/2015,0.98,conventional,2015,Roanoke,117516.57
11,11/10/2015,1.01,conventional,2015,Roanoke,118009.81
12,4/10/2015,1.04,conventional,2015,Roanoke,114487.07
13,27/09/2015,1.01,conventional,2015,Roanoke,109274.98
14,20/09/2015,1,conventional,2015,Roanoke,125682.96
15,13/09/2015,0.99,conventional,2015,Roanoke,147617.68
16,6/09/2015,1.09,conventional,2015,Roanoke,131197.71
17,30/08/2015,1.14,conventional,2015,Roanoke,114054.04
18,23/08/2015,1.12,conventional,2015,Roanoke,115608.44
19,16/08/2015,1.13,conventional,2015,Roanoke,113815.5
20,9/08/2015,1.09,conventional,2015,Roanoke,116317.58
21,2/08/2015,1.04,conventional,2015,Roanoke,122568.69
22,26/07/2015,1.04,conventional,2015,Roanoke,118455.23
23,19/07/2015,1.04,conventional,2015,Roanoke,124246.77
24,12/07/2015,1.06,conventional,2015,Roanoke,128054.41
25,5/07/2015,1.05,conventional,2015,Roanoke,147749.25
26,28/06/2015,1.04,conventional,2015,Roanoke,131276.21
27,21/06/2015,1.05,conventional,2015,Roanoke,135895.47
28,14/06/2015,1.02,conventional,2015,Roanoke,147633.83
29,7/06/2015,1.05,conventional,2015,Roanoke,139464.87
30,31/05/2015,1.06,conventional,2015,Roanoke,133856.19
31,24/05/2015,1.07,conventional,2015,Roanoke,142274.01
32,17/05/2015,1.08,conventional,2015,Roanoke,135281.35
33,10/05/2015,1.09,conventional,2015,Roanoke,141860.18
34,3/05/2015,1.03,conventional,2015,Roanoke,147690.42
35,26/04/2015,1.09,conventional,2015,Roanoke,137885.58
36,19/04/2015,1.08,conventional,2015,Roanoke,144665.27
37,12/04/2015,1.13,conventional,2015,Roanoke,129698.87
38,5/04/2015,1.19,conventional,2015,Roanoke,121569.73
39,29/03/2015,1.13,conventional,2015,Roanoke,117662.32
40,22/03/2015,1.09,conventional,2015,Roanoke,126535.83
41,15/03/2015,1.12,conventional,2015,Roanoke,119124.45
42,8/03/2015,1.16,conventional,2015,Roanoke,111702.58
43,1/03/2015,1.11,conventional,2015,Roanoke,110991.01
44,22/02/2015,1.09,conventional,2015,Roanoke,127855.51
45,15/02/2015,1.07,conventional,2015,Roanoke,136950.98
46,8/02/2015,1.02,conventional,2015,Roanoke,145648.4
47,1/02/2015,1,conventional,2015,Roanoke,168217.72
48,25/01/2015,1.15,conventional,2015,Roanoke,123070.18
49,18/01/2015,1.18,conventional,2015,Roanoke,112106.05
50,11/01/2015,1.16,conventional,2015,Roanoke,113235.82
51,4/01/2015,1.13,conventional,2015,Roanoke,109215
0,25/12/2016,1.16,conventional,2016,Roanoke,103804.48
1,18/12/2016,1.15,conventional,2016,Roanoke,93106.8
2,11/12/2016,1.04,conventional,2016,Roanoke,113394.91
3,4/12/2016,1.17,conventional,2016,Roanoke,105733.4
4,27/11/2016,1.31,conventional,2016,Roanoke,82819.13
5,20/11/2016,1.33,conventional,2016,Roanoke,99233.86
6,13/11/2016,1.41,conventional,2016,Roanoke,98075.02
7,6/11/2016,1.39,conventional,2016,Roanoke,104169.98
8,30/10/2016,1.26,conventional,2016,Roanoke,105608.34
9,23/10/2016,1.26,conventional,2016,Roanoke,107231.19
10,16/10/2016,1.22,conventional,2016,Roanoke,121791.92
11,9/10/2016,1.23,conventional,2016,Roanoke,118935.46
12,2/10/2016,1.13,conventional,2016,Roanoke,133182.18
13,25/09/2016,1.07,conventional,2016,Roanoke,142130.59
14,18/09/2016,1.06,conventional,2016,Roanoke,144272.73
15,11/09/2016,1.02,conventional,2016,Roanoke,156833.09
16,4/09/2016,1.01,conventional,2016,Roanoke,162357.83
17,28/08/2016,1.03,conventional,2016,Roanoke,155029.38
18,21/08/2016,1.04,conventional,2016,Roanoke,147961.26
19,14/08/2016,1.04,conventional,2016,Roanoke,145313.85
20,7/08/2016,1.04,conventional,2016,Roanoke,142168.01
21,31/07/2016,1.07,conventional,2016,Roanoke,143067.18
22,24/07/2016,1.04,conventional,2016,Roanoke,150126.91
23,17/07/2016,1.04,conventional,2016,Roanoke,144948.27
24,10/07/2016,1.01,conventional,2016,Roanoke,158961.77
25,3/07/2016,0.99,conventional,2016,Roanoke,164583.69
26,26/06/2016,1.02,conventional,2016,Roanoke,141407.11
27,19/06/2016,1,conventional,2016,Roanoke,158224.62
28,12/06/2016,0.99,conventional,2016,Roanoke,152148.72
29,5/06/2016,0.96,conventional,2016,Roanoke,151372.89
30,29/05/2016,0.93,conventional,2016,Roanoke,162618.02
31,22/05/2016,0.9,conventional,2016,Roanoke,171189.02
32,15/05/2016,0.94,conventional,2016,Roanoke,141716.2
33,8/05/2016,0.87,conventional,2016,Roanoke,184595.6
34,1/05/2016,0.87,conventional,2016,Roanoke,178487.59
35,24/04/2016,0.91,conventional,2016,Roanoke,164410.77
36,17/04/2016,0.93,conventional,2016,Roanoke,150910
37,10/04/2016,0.93,conventional,2016,Roanoke,133381.56
38,3/04/2016,0.97,conventional,2016,Roanoke,113028.45
39,27/03/2016,0.96,conventional,2016,Roanoke,139668.9
40,20/03/2016,0.96,conventional,2016,Roanoke,156283.99
41,13/03/2016,0.99,conventional,2016,Roanoke,139661.75
42,6/03/2016,0.98,conventional,2016,Roanoke,142026.9
43,28/02/2016,0.99,conventional,2016,Roanoke,135623.05
44,21/02/2016,0.98,conventional,2016,Roanoke,115875.65
45,14/02/2016,0.9,conventional,2016,Roanoke,159758.46
46,7/02/2016,0.91,conventional,2016,Roanoke,198011.31
47,31/01/2016,0.99,conventional,2016,Roanoke,121477.84
48,24/01/2016,0.99,conventional,2016,Roanoke,143015.44
49,17/01/2016,0.98,conventional,2016,Roanoke,157618.05
50,10/01/2016,0.97,conventional,2016,Roanoke,143703.88
51,3/01/2016,0.91,conventional,2016,Roanoke,156699.18
