avocado.csv
Index,Date,Average Price,Type,Year,Region,Total Volume
0,27/12/2015,0.98,conventional,2015,Sacramento,403741.62
1,20/12/2015,1,conventional,2015,Sacramento,385518.03
2,13/12/2015,1,conventional,2015,Sacramento,376689.94
3,6/12/2015,1.07,conventional,2015,Sacramento,318280.23
4,29/11/2015,0.99,conventional,2015,Sacramento,347406.9
5,22/11/2015,1.06,conventional,2015,Sacramento,354986.48
6,15/11/2015,0.94,conventional,2015,Sacramento,414161.47
7,8/11/2015,1.14,conventional,2015,Sacramento,357132.53
8,1/11/2015,1.02,conventional,2015,Sacramento,532467.38
9,25/10/2015,1.26,conventional,2015,Sacramento,343757.21
10,18/10/2015,1.28,conventional,2015,Sacramento,326458.27
11,11/10/2015,1.29,conventional,2015,Sacramento,355472.28
12,4/10/2015,1.1,conventional,2015,Sacramento,377192.1
13,27/09/2015,1.28,conventional,2015,Sacramento,350982.2
14,20/09/2015,1.25,conventional,2015,Sacramento,353231.58
15,13/09/2015,1.24,conventional,2015,Sacramento,384192.52
16,6/09/2015,1.21,conventional,2015,Sacramento,466705.75
17,30/08/2015,1.3,conventional,2015,Sacramento,377229.13
18,23/08/2015,1.26,conventional,2015,Sacramento,405274.71
19,16/08/2015,1.3,conventional,2015,Sacramento,401708.33
20,9/08/2015,1.28,conventional,2015,Sacramento,414823.74
21,2/08/2015,1.33,conventional,2015,Sacramento,404664.32
22,26/07/2015,1.32,conventional,2015,Sacramento,395471.89
23,19/07/2015,1.29,conventional,2015,Sacramento,404604.85
24,12/07/2015,1.23,conventional,2015,Sacramento,411928.38
25,5/07/2015,1.26,conventional,2015,Sacramento,550810.62
26,28/06/2015,1.26,conventional,2015,Sacramento,423984.04
27,21/06/2015,1.27,conventional,2015,Sacramento,422723.91
28,14/06/2015,1.22,conventional,2015,Sacramento,431791.38
29,7/06/2015,1.18,conventional,2015,Sacramento,435087.17
30,31/05/2015,1.17,conventional,2015,Sacramento,435723.85
31,24/05/2015,1.26,conventional,2015,Sacramento,403793.79
32,17/05/2015,1.18,conventional,2015,Sacramento,397215.12
33,10/05/2015,1.14,conventional,2015,Sacramento,437822.76
34,3/05/2015,1.05,conventional,2015,Sacramento,662034.34
35,26/04/2015,1.27,conventional,2015,Sacramento,366719.82
36,19/04/2015,1.19,conventional,2015,Sacramento,415841.32
37,12/04/2015,1.24,conventional,2015,Sacramento,382583.75
38,5/04/2015,1.23,conventional,2015,Sacramento,404333.75
39,29/03/2015,1.2,conventional,2015,Sacramento,391178.81
40,22/03/2015,1.13,conventional,2015,Sacramento,424708.39
41,15/03/2015,1.22,conventional,2015,Sacramento,380761.14
42,8/03/2015,1.12,conventional,2015,Sacramento,415147.69
43,1/03/2015,1.02,conventional,2015,Sacramento,452845.47
44,22/02/2015,1.14,conventional,2015,Sacramento,405013.16
45,15/02/2015,1.13,conventional,2015,Sacramento,381041.74
46,8/02/2015,0.98,conventional,2015,Sacramento,432572.45
47,1/02/2015,1.04,conventional,2015,Sacramento,771974.9
48,25/01/2015,1.19,conventional,2015,Sacramento,360027.65
49,18/01/2015,1.22,conventional,2015,Sacramento,367047.36
50,11/01/2015,1.09,conventional,2015,Sacramento,429492.28
51,4/01/2015,1.05,conventional,2015,Sacramento,430138.88
0,25/12/2016,1.07,conventional,2016,Sacramento,428247.63
1,18/12/2016,1.04,conventional,2016,Sacramento,384448.27
2,11/12/2016,1.03,conventional,2016,Sacramento,434567.21
3,4/12/2016,1.29,conventional,2016,Sacramento,315955.99
4,27/11/2016,1.43,conventional,2016,Sacramento,279333.62
5,20/11/2016,1.53,conventional,2016,Sacramento,289773.71
6,13/11/2016,1.62,conventional,2016,Sacramento,277735.11
7,6/11/2016,1.78,conventional,2016,Sacramento,266345.33
8,30/10/2016,1.79,conventional,2016,Sacramento,238699.3
9,23/10/2016,1.59,conventional,2016,Sacramento,253163.64
10,16/10/2016,1.61,conventional,2016,Sacramento,330213.06
11,9/10/2016,1.49,conventional,2016,Sacramento,370422.62
12,2/10/2016,1.35,conventional,2016,Sacramento,381992.7
13,25/09/2016,1.34,conventional,2016,Sacramento,420076.53
14,18/09/2016,1.39,conventional,2016,Sacramento,407813.86
15,11/09/2016,1.34,conventional,2016,Sacramento,432472.11
16,4/09/2016,1.32,conventional,2016,Sacramento,472090.23
17,28/08/2016,1.33,conventional,2016,Sacramento,421583.74
18,21/08/2016,1.27,conventional,2016,Sacramento,456755.06
19,14/08/2016,1.19,conventional,2016,Sacramento,512843.34
20,7/08/2016,1.37,conventional,2016,Sacramento,453622.9
21,31/07/2016,1.4,conventional,2016,Sacramento,466095.04
22,24/07/2016,1.42,conventional,2016,Sacramento,450895.76
23,17/07/2016,1.31,conventional,2016,Sacramento,471698.22
24,10/07/2016,1.26,conventional,2016,Sacramento,489099.02
25,3/07/2016,1.24,conventional,2016,Sacramento,565017.74
26,26/06/2016,1.25,conventional,2016,Sacramento,464446.2
27,19/06/2016,1.2,conventional,2016,Sacramento,508036.18
28,12/06/2016,1.15,conventional,2016,Sacramento,501159.1
29,5/06/2016,1.17,conventional,2016,Sacramento,521408.99
30,29/05/2016,1.18,conventional,2016,Sacramento,489338.25
31,22/05/2016,1.1,conventional,2016,Sacramento,488201.43
32,15/05/2016,1.17,conventional,2016,Sacramento,438309.86
33,8/05/2016,1,conventional,2016,Sacramento,569710.14
34,1/05/2016,1.06,conventional,2016,Sacramento,481861.11
35,24/04/2016,1.01,conventional,2016,Sacramento,529817.53
36,17/04/2016,1.15,conventional,2016,Sacramento,448082.46
37,10/04/2016,1.15,conventional,2016,Sacramento,459342.82
38,3/04/2016,1.05,conventional,2016,Sacramento,488547.76
39,27/03/2016,1.18,conventional,2016,Sacramento,458899.34
40,20/03/2016,1.18,conventional,2016,Sacramento,404736.39
41,13/03/2016,1.14,conventional,2016,Sacramento,441333.91
42,6/03/2016,1.13,conventional,2016,Sacramento,443386.65
43,28/02/2016,1.13,conventional,2016,Sacramento,439280.11
44,21/02/2016,1.09,conventional,2016,Sacramento,419479.7
45,14/02/2016,1.04,conventional,2016,Sacramento,447945.8
46,7/02/2016,0.91,conventional,2016,Sacramento,796524.48
47,31/01/2016,1.13,conventional,2016,Sacramento,434121.25
48,24/01/2016,1.11,conventional,2016,Sacramento,409324.93
49,17/01/2016,1.11,conventional,2016,Sacramento,437356.64
50,10/01/2016,1.08,conventional,2016,Sacramento,434238.52
51,3/01/2016,0.96,conventional,2016,Sacramento,512117.98
0,27/12/2015,0.92,conventional,2015,SanDiego,439968.4
1,20/12/2015,0.94,conventional,2015,SanDiego,420476.44
2,13/12/2015,0.84,conventional,2015,SanDiego,462548.3
3,6/12/2015,0.67,conventional,2015,SanDiego,565516.62
4,29/11/2015,0.91,conventional,2015,SanDiego,385289.59
5,22/11/2015,0.98,conventional,2015,SanDiego,385300.75
6,15/11/2015,0.85,conventional,2015,SanDiego,501838.1
7,8/11/2015,0.92,conventional,2015,SanDiego,492385.15
8,1/11/2015,1.01,conventional,2015,SanDiego,468472.81
9,25/10/2015,1.08,conventional,2015,SanDiego,408336.19
10,18/10/2015,1.03,conventional,2015,SanDiego,447663.17
11,11/10/2015,0.93,conventional,2015,SanDiego,492276.73
12,4/10/2015,1.11,conventional,2015,SanDiego,404301.76
13,27/09/2015,0.93,conventional,2015,SanDiego,491990.83
14,20/09/2015,1.07,conventional,2015,SanDiego,448488.04
15,13/09/2015,1.08,conventional,2015,SanDiego,464305.03
16,6/09/2015,1.02,conventional,2015,SanDiego,502677.35
17,30/08/2015,1.04,conventional,2015,SanDiego,490268.77
18,23/08/2015,1.15,conventional,2015,SanDiego,459471.05
19,16/08/2015,1.05,conventional,2015,SanDiego,514202.63
20,9/08/2015,1.03,conventional,2015,SanDiego,630941.71
21,2/08/2015,1.07,conventional,2015,SanDiego,500999.15
22,26/07/2015,1.1,conventional,2015,SanDiego,495344.27
23,19/07/2015,1.15,conventional,2015,SanDiego,462526
24,12/07/2015,1.1,conventional,2015,SanDiego,490312.63
25,5/07/2015,1.05,conventional,2015,SanDiego,587740.55
26,28/06/2015,1.02,conventional,2015,SanDiego,495309.23
27,21/06/2015,0.94,conventional,2015,SanDiego,594488.41
28,14/06/2015,0.87,conventional,2015,SanDiego,630746.82
29,7/06/2015,0.89,conventional,2015,SanDiego,607468.04
30,31/05/2015,0.9,conventional,2015,SanDiego,569414.76
31,24/05/2015,1.08,conventional,2015,SanDiego,477415.68
32,17/05/2015,1.02,conventional,2015,SanDiego,458191.52
33,10/05/2015,0.85,conventional,2015,SanDiego,594740.3
34,3/05/2015,0.8,conventional,2015,SanDiego,740760.3
35,26/04/2015,1.11,conventional,2015,SanDiego,435990.48
36,19/04/2015,1.04,conventional,2015,SanDiego,488094.98
37,12/04/2015,1.01,conventional,2015,SanDiego,515246.69
38,5/04/2015,1.11,conventional,2015,SanDiego,469883.87
39,29/03/2015,1.08,conventional,2015,SanDiego,450370.85
40,22/03/2015,0.96,conventional,2015,SanDiego,515764.64
41,15/03/2015,1.06,conventional,2015,SanDiego,463106.48
42,8/03/2015,0.95,conventional,2015,SanDiego,504284.16
43,1/03/2015,0.83,conventional,2015,SanDiego,572552.24
44,22/02/2015,0.92,conventional,2015,SanDiego,516149.11
45,15/02/2015,0.94,conventional,2015,SanDiego,486113.55
46,8/02/2015,0.98,conventional,2015,SanDiego,448394.83
47,1/02/2015,0.85,conventional,2015,SanDiego,692276.13
48,25/01/2015,1.02,conventional,2015,SanDiego,406591.11
49,18/01/2015,1.01,conventional,2015,SanDiego,461063.73
50,11/01/2015,0.82,conventional,2015,SanDiego,544667.18
51,4/01/2015,0.94,conventional,2015,SanDiego,461607.33
0,25/12/2016,0.89,conventional,2016,SanDiego,473730.19
1,18/12/2016,0.9,conventional,2016,SanDiego,437170.79
2,11/12/2016,0.81,conventional,2016,SanDiego,505122.6
3,4/12/2016,0.85,conventional,2016,SanDiego,499144.04
4,27/11/2016,1.08,conventional,2016,SanDiego,392291.47
5,20/11/2016,1.25,conventional,2016,SanDiego,369682.4
6,13/11/2016,1.37,conventional,2016,SanDiego,353828.79
7,6/11/2016,1.68,conventional,2016,SanDiego,292299.52
8,30/10/2016,1.65,conventional,2016,SanDiego,270941.97
9,23/10/2016,1.32,conventional,2016,SanDiego,366026.91
10,16/10/2016,1.27,conventional,2016,SanDiego,443367.98
11,9/10/2016,1.25,conventional,2016,SanDiego,473046.6
12,2/10/2016,1.09,conventional,2016,SanDiego,534801.53
13,25/09/2016,1.05,conventional,2016,SanDiego,566089.72
14,18/09/2016,1.18,conventional,2016,SanDiego,457197.25
15,11/09/2016,1.08,conventional,2016,SanDiego,498555.72
16,4/09/2016,1.06,conventional,2016,SanDiego,550756.68
17,28/08/2016,0.9,conventional,2016,SanDiego,620041.46
18,21/08/2016,0.94,conventional,2016,SanDiego,578630.39
19,14/08/2016,1.19,conventional,2016,SanDiego,499056.18
20,7/08/2016,1.14,conventional,2016,SanDiego,534955.59
21,31/07/2016,1.16,conventional,2016,SanDiego,522678.71
22,24/07/2016,1.18,conventional,2016,SanDiego,526657.41
23,17/07/2016,1.12,conventional,2016,SanDiego,519567.72
24,10/07/2016,0.98,conventional,2016,SanDiego,604082.24
25,3/07/2016,1.04,conventional,2016,SanDiego,613005.97
26,26/06/2016,0.89,conventional,2016,SanDiego,595917.64
27,19/06/2016,0.98,conventional,2016,SanDiego,573831.3
28,12/06/2016,0.88,conventional,2016,SanDiego,596634.56
29,5/06/2016,0.83,conventional,2016,SanDiego,661159.79
30,29/05/2016,0.92,conventional,2016,SanDiego,576543.05
31,22/05/2016,0.78,conventional,2016,SanDiego,569349.05
32,15/05/2016,0.86,conventional,2016,SanDiego,553706.74
33,8/05/2016,0.78,conventional,2016,SanDiego,649503.23
34,1/05/2016,0.68,conventional,2016,SanDiego,679213.01
35,24/04/2016,0.73,conventional,2016,SanDiego,623486.79
36,17/04/2016,0.8,conventional,2016,SanDiego,621350.28
37,10/04/2016,0.84,conventional,2016,SanDiego,589694.67
38,3/04/2016,0.9,conventional,2016,SanDiego,527115.47
39,27/03/2016,0.8,conventional,2016,SanDiego,615580.7
40,20/03/2016,0.76,conventional,2016,SanDiego,649914.07
41,13/03/2016,0.84,conventional,2016,SanDiego,567953.21
42,6/03/2016,0.81,conventional,2016,SanDiego,627397.71
43,28/02/2016,0.8,conventional,2016,SanDiego,585693.61
44,21/02/2016,0.86,conventional,2016,SanDiego,592197.58
45,14/02/2016,0.79,conventional,2016,SanDiego,595414.77
46,7/02/2016,0.61,conventional,2016,SanDiego,917660.79
47,31/01/2016,0.72,conventional,2016,SanDiego,643326.66
48,24/01/2016,0.85,conventional,2016,SanDiego,564637.66
49,17/01/2016,0.79,conventional,2016,SanDiego,561712.98
50,10/01/2016,0.81,conventional,2016,SanDiego,578610.94
51,3/01/2016,0.65,conventional,2016,SanDiego,719749.77
0,27/12/2015,1.05,conventional,2015,SanFrancisco,692206.4
1,20/12/2015,1.15,conventional,2015,SanFrancisco,637091.48
2,13/12/2015,1.22,conventional,2015,SanFrancisco,616016.46
3,6/12/2015,1.06,conventional,2015,SanFrancisco,694982.49
4,29/11/2015,1.05,conventional,2015,SanFrancisco,651638.6
5,22/11/2015,1.04,conventional,2015,SanFrancisco,709444.22
6,15/11/2015,0.99,conventional,2015,SanFrancisco,775848.72
7,8/11/2015,1.4,conventional,2015,SanFrancisco,599884.32
8,1/11/2015,0.97,conventional,2015,SanFrancisco,869927.27
9,25/10/2015,1.55,conventional,2015,SanFrancisco,561342.23
10,18/10/2015,1.52,conventional,2015,SanFrancisco,586073.85
11,11/10/2015,1.58,conventional,2015,SanFrancisco,564456.6
12,4/10/2015,1.04,conventional,2015,SanFrancisco,762866.62
13,27/09/2015,1.38,conventional,2015,SanFrancisco,651697.34
14,20/09/2015,1.56,conventional,2015,SanFrancisco,578500.76
15,13/09/2015,1.53,conventional,2015,SanFrancisco,603840.95
16,6/09/2015,1.54,conventional,2015,SanFrancisco,646810.2
17,30/08/2015,1.53,conventional,2015,SanFrancisco,649891.92
18,23/08/2015,1.59,conventional,2015,SanFrancisco,610212.92
19,16/08/2015,1.59,conventional,2015,SanFrancisco,618237.58
20,9/08/2015,1.56,conventional,2015,SanFrancisco,603876.9
21,2/08/2015,1.57,conventional,2015,SanFrancisco,645158.33
22,26/07/2015,1.58,conventional,2015,SanFrancisco,628331.04
23,19/07/2015,1.56,conventional,2015,SanFrancisco,633327.17
24,12/07/2015,1.39,conventional,2015,SanFrancisco,680351.84
25,5/07/2015,1.53,conventional,2015,SanFrancisco,752191.79
26,28/06/2015,1.54,conventional,2015,SanFrancisco,646324.68
27,21/06/2015,1.52,conventional,2015,SanFrancisco,673720.54
28,14/06/2015,1.51,conventional,2015,SanFrancisco,696873.03
29,7/06/2015,1.31,conventional,2015,SanFrancisco,758817.08
30,31/05/2015,1.29,conventional,2015,SanFrancisco,764114.39
31,24/05/2015,1.37,conventional,2015,SanFrancisco,700411.03
32,17/05/2015,1.32,conventional,2015,SanFrancisco,701099.41
33,10/05/2015,1.3,conventional,2015,SanFrancisco,742672.03
34,3/05/2015,1,conventional,2015,SanFrancisco,1310364.67
35,26/04/2015,1.39,conventional,2015,SanFrancisco,680839.21
36,19/04/2015,1.23,conventional,2015,SanFrancisco,818816.7
37,12/04/2015,1.33,conventional,2015,SanFrancisco,729890.28
38,5/04/2015,1.33,conventional,2015,SanFrancisco,742539.71
39,29/03/2015,1.3,conventional,2015,SanFrancisco,742583.03
40,22/03/2015,1.19,conventional,2015,SanFrancisco,841723.81
41,15/03/2015,1.26,conventional,2015,SanFrancisco,779754.03
42,8/03/2015,1.16,conventional,2015,SanFrancisco,830775.42
43,1/03/2015,0.95,conventional,2015,SanFrancisco,1039265.17
44,22/02/2015,1.23,conventional,2015,SanFrancisco,776336.17
45,15/02/2015,1.23,conventional,2015,SanFrancisco,696515.27
46,8/02/2015,0.92,conventional,2015,SanFrancisco,928836.58
47,1/02/2015,0.91,conventional,2015,SanFrancisco,1352027.64
48,25/01/2015,1.21,conventional,2015,SanFrancisco,713523.24
49,18/01/2015,1.22,conventional,2015,SanFrancisco,753746.51
50,11/01/2015,1.03,conventional,2015,SanFrancisco,916450.76
51,4/01/2015,0.99,conventional,2015,SanFrancisco,907795.89
0,25/12/2016,1.18,conventional,2016,SanFrancisco,690027.33
1,18/12/2016,1.22,conventional,2016,SanFrancisco,643518.28
2,11/12/2016,1.29,conventional,2016,SanFrancisco,655428.34
3,4/12/2016,1.52,conventional,2016,SanFrancisco,542857.36
4,27/11/2016,1.75,conventional,2016,SanFrancisco,488378.1
5,20/11/2016,1.89,conventional,2016,SanFrancisco,510752.32
6,13/11/2016,1.94,conventional,2016,SanFrancisco,506543.8
7,6/11/2016,2.07,conventional,2016,SanFrancisco,492504.81
8,30/10/2016,2.2,conventional,2016,SanFrancisco,477937.8
9,23/10/2016,1.87,conventional,2016,SanFrancisco,411873.66
10,16/10/2016,1.99,conventional,2016,SanFrancisco,590535.06
11,9/10/2016,1.82,conventional,2016,SanFrancisco,673082.26
12,2/10/2016,1.52,conventional,2016,SanFrancisco,731993.57
13,25/09/2016,1.43,conventional,2016,SanFrancisco,860546.65
14,18/09/2016,1.5,conventional,2016,SanFrancisco,813575.88
15,11/09/2016,1.43,conventional,2016,SanFrancisco,862732.45
16,4/09/2016,1.47,conventional,2016,SanFrancisco,850104.12
17,28/08/2016,1.38,conventional,2016,SanFrancisco,812410.86
18,21/08/2016,1.28,conventional,2016,SanFrancisco,825338.15
19,14/08/2016,1.03,conventional,2016,SanFrancisco,1114834.28
20,7/08/2016,1.49,conventional,2016,SanFrancisco,753570.45
21,31/07/2016,1.52,conventional,2016,SanFrancisco,814505.22
22,24/07/2016,1.54,conventional,2016,SanFrancisco,817357.28
23,17/07/2016,1.46,conventional,2016,SanFrancisco,804071.94
24,10/07/2016,1.4,conventional,2016,SanFrancisco,842731.76
25,3/07/2016,1.41,conventional,2016,SanFrancisco,891917.15
26,26/06/2016,1.5,conventional,2016,SanFrancisco,749554.87
27,19/06/2016,1.44,conventional,2016,SanFrancisco,800921.02
28,12/06/2016,1.45,conventional,2016,SanFrancisco,770382.05
29,5/06/2016,1.35,conventional,2016,SanFrancisco,899154.46
30,29/05/2016,1.34,conventional,2016,SanFrancisco,891069.03
31,22/05/2016,1.31,conventional,2016,SanFrancisco,817923.28
32,15/05/2016,1.37,conventional,2016,SanFrancisco,772064.79
33,8/05/2016,1.06,conventional,2016,SanFrancisco,961334.65
34,1/05/2016,0.99,conventional,2016,SanFrancisco,1001227.21
35,24/04/2016,1,conventional,2016,SanFrancisco,1017425.89
36,17/04/2016,1.39,conventional,2016,SanFrancisco,786422.89
37,10/04/2016,1.38,conventional,2016,SanFrancisco,765652.36
38,3/04/2016,1.12,conventional,2016,SanFrancisco,849739.84
39,27/03/2016,1.47,conventional,2016,SanFrancisco,716020.43
40,20/03/2016,1.4,conventional,2016,SanFrancisco,739577.85
41,13/03/2016,1.41,conventional,2016,SanFrancisco,714002.3
42,6/03/2016,1.29,conventional,2016,SanFrancisco,817240.38
43,28/02/2016,1.29,conventional,2016,SanFrancisco,824092.61
44,21/02/2016,1.15,conventional,2016,SanFrancisco,799826.02
45,14/02/2016,1.34,conventional,2016,SanFrancisco,696959.32
46,7/02/2016,0.89,conventional,2016,SanFrancisco,1355047.15
47,31/01/2016,1.27,conventional,2016,SanFrancisco,805039.06
48,24/01/2016,1.05,conventional,2016,SanFrancisco,844417.47
49,17/01/2016,1.24,conventional,2016,SanFrancisco,732860.83
50,10/01/2016,1.21,conventional,2016,SanFrancisco,765839.95
51,3/01/2016,0.93,conventional,2016,SanFrancisco,918798.74
