avocado.csv
Index,Date,Average Price,Type,Year,Region,Total Volume
0,27/12/2015,1.09,conventional,2015,Seattle,450185.94
1,20/12/2015,1.15,conventional,2015,Seattle,404862.32
2,13/12/2015,1.05,conventional,2015,Seattle,454428.03
3,6/12/2015,0.81,conventional,2015,Seattle,726504.61
4,29/11/2015,1.17,conventional,2015,Seattle,373309.53
5,22/11/2015,1.07,conventional,2015,Seattle,426337.91
6,15/11/2015,0.93,conventional,2015,Seattle,643402.84
7,8/11/2015,1.06,conventional,2015,Seattle,490827.32
8,1/11/2015,1.14,conventional,2015,Seattle,435921.23
9,25/10/2015,1.03,conventional,2015,Seattle,520698.46
10,18/10/2015,1.08,conventional,2015,Seattle,484106.11
11,11/10/2015,0.9,conventional,2015,Seattle,640331.58
12,4/10/2015,1.06,conventional,2015,Seattle,513268.88
13,27/09/2015,1.1,conventional,2015,Seattle,467791.95
14,20/09/2015,1.02,conventional,2015,Seattle,590721.74
15,13/09/2015,1.02,conventional,2015,Seattle,586503.27
16,6/09/2015,1.17,conventional,2015,Seattle,459793.66
17,30/08/2015,1.18,conventional,2015,Seattle,446850.83
18,23/08/2015,1.13,conventional,2015,Seattle,551498.09
19,16/08/2015,1.15,conventional,2015,Seattle,497526.51
20,9/08/2015,1.15,conventional,2015,Seattle,523157.29
21,2/08/2015,1.18,conventional,2015,Seattle,519887.27
22,26/07/2015,1.29,conventional,2015,Seattle,436208.03
23,19/07/2015,1.25,conventional,2015,Seattle,491653.57
24,12/07/2015,1.14,conventional,2015,Seattle,597860.19
25,5/07/2015,1.35,conventional,2015,Seattle,582037.07
26,28/06/2015,1.31,conventional,2015,Seattle,496302.98
27,21/06/2015,1.19,conventional,2015,Seattle,577605
28,14/06/2015,1.18,conventional,2015,Seattle,615500.43
29,7/06/2015,1.27,conventional,2015,Seattle,494855.95
30,31/05/2015,1.12,conventional,2015,Seattle,543908.18
31,24/05/2015,1.14,conventional,2015,Seattle,577946.53
32,17/05/2015,1.22,conventional,2015,Seattle,474081.77
33,10/05/2015,1.08,conventional,2015,Seattle,638696.86
34,3/05/2015,1.02,conventional,2015,Seattle,687972.03
35,26/04/2015,1.19,conventional,2015,Seattle,490426.14
36,19/04/2015,1.13,conventional,2015,Seattle,570030.63
37,12/04/2015,1.33,conventional,2015,Seattle,396728.35
38,5/04/2015,1.26,conventional,2015,Seattle,466120.48
39,29/03/2015,1.22,conventional,2015,Seattle,452743.21
40,22/03/2015,1.13,conventional,2015,Seattle,514196.67
41,15/03/2015,1.24,conventional,2015,Seattle,453589.67
42,8/03/2015,1.24,conventional,2015,Seattle,439846.35
43,1/03/2015,1.07,conventional,2015,Seattle,613535.33
44,22/02/2015,1.11,conventional,2015,Seattle,552036.54
45,15/02/2015,1.33,conventional,2015,Seattle,352335.1
46,8/02/2015,1.08,conventional,2015,Seattle,488980.65
47,1/02/2015,0.97,conventional,2015,Seattle,933148.31
48,25/01/2015,1.26,conventional,2015,Seattle,420124.11
49,18/01/2015,1.2,conventional,2015,Seattle,463472.52
50,11/01/2015,1.06,conventional,2015,Seattle,527350.82
51,4/01/2015,0.97,conventional,2015,Seattle,634522.34
0,25/12/2016,1.17,conventional,2016,Seattle,475143.56
1,18/12/2016,1.09,conventional,2016,Seattle,459322.74
2,11/12/2016,0.88,conventional,2016,Seattle,809403.75
3,4/12/2016,1.23,conventional,2016,Seattle,531803.4
4,27/11/2016,1.45,conventional,2016,Seattle,383268.86
5,20/11/2016,1.41,conventional,2016,Seattle,447760.4
6,13/11/2016,1.43,conventional,2016,Seattle,472868.46
7,6/11/2016,1.43,conventional,2016,Seattle,446970.37
8,30/10/2016,1.42,conventional,2016,Seattle,368056.21
9,23/10/2016,1.12,conventional,2016,Seattle,619599.06
10,16/10/2016,1.2,conventional,2016,Seattle,618367.26
11,9/10/2016,1.23,conventional,2016,Seattle,556874.5
12,2/10/2016,0.89,conventional,2016,Seattle,917139.67
13,25/09/2016,1.03,conventional,2016,Seattle,655426.45
14,18/09/2016,1.03,conventional,2016,Seattle,586212.19
15,11/09/2016,1,conventional,2016,Seattle,644049.31
16,4/09/2016,1.13,conventional,2016,Seattle,563852.38
17,28/08/2016,1.08,conventional,2016,Seattle,592604.21
18,21/08/2016,1.11,conventional,2016,Seattle,605652.82
19,14/08/2016,1.14,conventional,2016,Seattle,591638.12
20,7/08/2016,1.11,conventional,2016,Seattle,619209.25
21,31/07/2016,1.12,conventional,2016,Seattle,595856.48
22,24/07/2016,1.1,conventional,2016,Seattle,581023.47
23,17/07/2016,1.03,conventional,2016,Seattle,639853.23
24,10/07/2016,1.11,conventional,2016,Seattle,628610.41
25,3/07/2016,1.1,conventional,2016,Seattle,663580.48
26,26/06/2016,1.03,conventional,2016,Seattle,638550.37
27,19/06/2016,0.97,conventional,2016,Seattle,677710.31
28,12/06/2016,1.01,conventional,2016,Seattle,666340.59
29,5/06/2016,0.86,conventional,2016,Seattle,866343.38
30,29/05/2016,0.87,conventional,2016,Seattle,771235.53
31,22/05/2016,0.87,conventional,2016,Seattle,726064.91
32,15/05/2016,0.83,conventional,2016,Seattle,844349.33
33,8/05/2016,0.82,conventional,2016,Seattle,1007800.54
34,1/05/2016,0.82,conventional,2016,Seattle,858037.45
35,24/04/2016,0.88,conventional,2016,Seattle,752138.28
36,17/04/2016,0.84,conventional,2016,Seattle,862450.87
37,10/04/2016,0.93,conventional,2016,Seattle,728447.49
38,3/04/2016,0.86,conventional,2016,Seattle,793187.83
39,27/03/2016,0.85,conventional,2016,Seattle,781581.62
40,20/03/2016,1.02,conventional,2016,Seattle,596110.62
41,13/03/2016,0.94,conventional,2016,Seattle,712808.08
42,6/03/2016,0.88,conventional,2016,Seattle,782395.12
43,28/02/2016,0.91,conventional,2016,Seattle,737516.16
44,21/02/2016,0.86,conventional,2016,Seattle,755726.36
45,14/02/2016,0.98,conventional,2016,Seattle,593651.59
46,7/02/2016,0.75,conventional,2016,Seattle,1040955.47
47,31/01/2016,0.98,conventional,2016,Seattle,666670.45
48,24/01/2016,0.92,conventional,2016,Seattle,726078.64
49,17/01/2016,0.94,conventional,2016,Seattle,788935.31
50,10/01/2016,0.86,conventional,2016,Seattle,831911.78
51,3/01/2016,0.89,conventional,2016,Seattle,814295.85
0,27/12/2015,0.98,conventional,2015,SouthCarolina,251443.08
1,20/12/2015,1.04,conventional,2015,SouthCarolina,211066.05
2,13/12/2015,0.96,conventional,2015,SouthCarolina,257166.53
3,6/12/2015,1.03,conventional,2015,SouthCarolina,233274.4
4,29/11/2015,0.97,conventional,2015,SouthCarolina,217965.37
5,22/11/2015,0.99,conventional,2015,SouthCarolina,216767.98
6,15/11/2015,1.07,conventional,2015,SouthCarolina,224373.12
7,8/11/2015,1.08,conventional,2015,SouthCarolina,221080.11
8,1/11/2015,1,conventional,2015,SouthCarolina,280886.82
9,25/10/2015,1.11,conventional,2015,SouthCarolina,223607.39
10,18/10/2015,1.12,conventional,2015,SouthCarolina,226246.39
11,11/10/2015,1.03,conventional,2015,SouthCarolina,267962.33
12,4/10/2015,1.04,conventional,2015,SouthCarolina,267919.95
13,27/09/2015,1.08,conventional,2015,SouthCarolina,253422.99
14,20/09/2015,1.02,conventional,2015,SouthCarolina,312177.28
15,13/09/2015,1.14,conventional,2015,SouthCarolina,269754.97
16,6/09/2015,1,conventional,2015,SouthCarolina,353755
17,30/08/2015,1.15,conventional,2015,SouthCarolina,280699.74
18,23/08/2015,1.09,conventional,2015,SouthCarolina,310381.51
19,16/08/2015,1.12,conventional,2015,SouthCarolina,320750.54
20,9/08/2015,1.05,conventional,2015,SouthCarolina,353930.82
21,2/08/2015,1.14,conventional,2015,SouthCarolina,309611.87
22,26/07/2015,1.11,conventional,2015,SouthCarolina,327629.87
23,19/07/2015,1.05,conventional,2015,SouthCarolina,379505.99
24,12/07/2015,1.14,conventional,2015,SouthCarolina,320934.33
25,5/07/2015,1.05,conventional,2015,SouthCarolina,406711.2
26,28/06/2015,1.11,conventional,2015,SouthCarolina,340424.79
27,21/06/2015,1.03,conventional,2015,SouthCarolina,392755.13
28,14/06/2015,1.1,conventional,2015,SouthCarolina,339919.17
29,7/06/2015,1.04,conventional,2015,SouthCarolina,378845.21
30,31/05/2015,1.13,conventional,2015,SouthCarolina,322891.36
31,24/05/2015,1.05,conventional,2015,SouthCarolina,407499.97
32,17/05/2015,1.09,conventional,2015,SouthCarolina,346700.41
33,10/05/2015,1.13,conventional,2015,SouthCarolina,329845.26
34,3/05/2015,0.97,conventional,2015,SouthCarolina,457411.45
35,26/04/2015,1.1,conventional,2015,SouthCarolina,319659.25
36,19/04/2015,1.08,conventional,2015,SouthCarolina,322940.72
37,12/04/2015,1.05,conventional,2015,SouthCarolina,356627.38
38,5/04/2015,1.1,conventional,2015,SouthCarolina,311646.73
39,29/03/2015,1.11,conventional,2015,SouthCarolina,284839.51
40,22/03/2015,1,conventional,2015,SouthCarolina,366680
41,15/03/2015,1.15,conventional,2015,SouthCarolina,297855.71
42,8/03/2015,1.14,conventional,2015,SouthCarolina,289679.91
43,1/03/2015,1.05,conventional,2015,SouthCarolina,337576.71
44,22/02/2015,1.02,conventional,2015,SouthCarolina,332918.7
45,15/02/2015,1.11,conventional,2015,SouthCarolina,278514.05
46,8/02/2015,1.06,conventional,2015,SouthCarolina,282822.72
47,1/02/2015,0.91,conventional,2015,SouthCarolina,469684.32
48,25/01/2015,1.06,conventional,2015,SouthCarolina,311348.31
49,18/01/2015,1.15,conventional,2015,SouthCarolina,276205.95
50,11/01/2015,1.1,conventional,2015,SouthCarolina,279706.73
51,4/01/2015,1.01,conventional,2015,SouthCarolina,309024.22
0,25/12/2016,1.02,conventional,2016,SouthCarolina,308342.51
1,18/12/2016,1.07,conventional,2016,SouthCarolina,269690.96
2,11/12/2016,1.2,conventional,2016,SouthCarolina,243555.26
3,4/12/2016,1.09,conventional,2016,SouthCarolina,304040.1
4,27/11/2016,1.33,conventional,2016,SouthCarolina,229072.3
5,20/11/2016,1.34,conventional,2016,SouthCarolina,246915.39
6,13/11/2016,1.41,conventional,2016,SouthCarolina,255288.43
7,6/11/2016,1.5,conventional,2016,SouthCarolina,222378.08
8,30/10/2016,1.43,conventional,2016,SouthCarolina,227993.9
9,23/10/2016,1.4,conventional,2016,SouthCarolina,260446.46
10,16/10/2016,1.3,conventional,2016,SouthCarolina,281240.11
11,9/10/2016,1.32,conventional,2016,SouthCarolina,262764.71
12,2/10/2016,1.3,conventional,2016,SouthCarolina,301001.94
13,25/09/2016,1.25,conventional,2016,SouthCarolina,327724.02
14,18/09/2016,1.12,conventional,2016,SouthCarolina,331549.04
15,11/09/2016,1.08,conventional,2016,SouthCarolina,341887.56
16,4/09/2016,1.03,conventional,2016,SouthCarolina,419927.05
17,28/08/2016,1.11,conventional,2016,SouthCarolina,352297.98
18,21/08/2016,1.08,conventional,2016,SouthCarolina,381549.32
19,14/08/2016,1.11,conventional,2016,SouthCarolina,389639.12
20,7/08/2016,1.17,conventional,2016,SouthCarolina,362625.87
21,31/07/2016,1.18,conventional,2016,SouthCarolina,344490.91
22,24/07/2016,1.18,conventional,2016,SouthCarolina,336673.77
23,17/07/2016,1.17,conventional,2016,SouthCarolina,336050.16
24,10/07/2016,1.08,conventional,2016,SouthCarolina,389300.41
25,3/07/2016,0.95,conventional,2016,SouthCarolina,515792.87
26,26/06/2016,1.07,conventional,2016,SouthCarolina,367778.6
27,19/06/2016,0.97,conventional,2016,SouthCarolina,451741.89
28,12/06/2016,1.04,conventional,2016,SouthCarolina,357902.32
29,5/06/2016,0.94,conventional,2016,SouthCarolina,416168.39
30,29/05/2016,0.97,conventional,2016,SouthCarolina,441398.16
31,22/05/2016,1.04,conventional,2016,SouthCarolina,343576.29
32,15/05/2016,0.89,conventional,2016,SouthCarolina,422276.07
33,8/05/2016,0.82,conventional,2016,SouthCarolina,504149.45
34,1/05/2016,0.76,conventional,2016,SouthCarolina,591962.95
35,24/04/2016,0.93,conventional,2016,SouthCarolina,420066.9
36,17/04/2016,1.01,conventional,2016,SouthCarolina,370690.55
37,10/04/2016,0.96,conventional,2016,SouthCarolina,397990.96
38,3/04/2016,1.05,conventional,2016,SouthCarolina,340564.79
39,27/03/2016,1.07,conventional,2016,SouthCarolina,315023.95
40,20/03/2016,1.07,conventional,2016,SouthCarolina,331531.06
41,13/03/2016,0.96,conventional,2016,SouthCarolina,414943.26
42,6/03/2016,1.06,conventional,2016,SouthCarolina,325786.78
43,28/02/2016,0.93,conventional,2016,SouthCarolina,387740.23
44,21/02/2016,1.04,conventional,2016,SouthCarolina,302654.13
45,14/02/2016,0.91,conventional,2016,SouthCarolina,342704.71
46,7/02/2016,0.69,conventional,2016,SouthCarolina,593759.78
47,31/01/2016,1.01,conventional,2016,SouthCarolina,312455.27
48,24/01/2016,0.95,conventional,2016,SouthCarolina,317032.31
49,17/01/2016,1.05,conventional,2016,SouthCarolina,287599.16
50,10/01/2016,0.98,conventional,2016,SouthCarolina,322434.61
51,3/01/2016,1.03,conventional,2016,SouthCarolina,319228.46
0,27/12/2015,1.05,conventional,2015,Spokane,67099.38
1,20/12/2015,1.12,conventional,2015,Spokane,61555.62
2,13/12/2015,0.99,conventional,2015,Spokane,67431.18
3,6/12/2015,0.85,conventional,2015,Spokane,100233.67
4,29/11/2015,1.17,conventional,2015,Spokane,51432.09
5,22/11/2015,1.12,conventional,2015,Spokane,56013.43
6,15/11/2015,1,conventional,2015,Spokane,84398.93
7,8/11/2015,1.08,conventional,2015,Spokane,63821.22
8,1/11/2015,1.13,conventional,2015,Spokane,60151.68
9,25/10/2015,1.08,conventional,2015,Spokane,66852.57
10,18/10/2015,1.13,conventional,2015,Spokane,60732.92
11,11/10/2015,0.94,conventional,2015,Spokane,88580.07
12,4/10/2015,0.99,conventional,2015,Spokane,77514.75
13,27/09/2015,1.09,conventional,2015,Spokane,63902.9
14,20/09/2015,1.05,conventional,2015,Spokane,79503.08
15,13/09/2015,1.03,conventional,2015,Spokane,78771.3
16,6/09/2015,1.08,conventional,2015,Spokane,67101.52
17,30/08/2015,1.11,conventional,2015,Spokane,61176.91
18,23/08/2015,1.08,conventional,2015,Spokane,84333.73
19,16/08/2015,1.15,conventional,2015,Spokane,72392.09
20,9/08/2015,1.21,conventional,2015,Spokane,70351.29
21,2/08/2015,1.19,conventional,2015,Spokane,74839.74
22,26/07/2015,1.18,conventional,2015,Spokane,71150.24
23,19/07/2015,1.16,conventional,2015,Spokane,77305.34
24,12/07/2015,1.05,conventional,2015,Spokane,86318.9
25,5/07/2015,1.22,conventional,2015,Spokane,91195.99
26,28/06/2015,1.2,conventional,2015,Spokane,81276.47
27,21/06/2015,1.12,conventional,2015,Spokane,84739.31
28,14/06/2015,1.13,conventional,2015,Spokane,88579.12
29,7/06/2015,1.19,conventional,2015,Spokane,79733.85
30,31/05/2015,1.08,conventional,2015,Spokane,82469.7
31,24/05/2015,1.07,conventional,2015,Spokane,92664.44
32,17/05/2015,1.09,conventional,2015,Spokane,77996.78
33,10/05/2015,1.03,conventional,2015,Spokane,95615.23
34,3/05/2015,0.98,conventional,2015,Spokane,108051.54
35,26/04/2015,1.08,conventional,2015,Spokane,80443.94
36,19/04/2015,1.03,conventional,2015,Spokane,91379.33
37,12/04/2015,1.21,conventional,2015,Spokane,64529.74
38,5/04/2015,1.15,conventional,2015,Spokane,73681.06
39,29/03/2015,1.12,conventional,2015,Spokane,74999.31
40,22/03/2015,1.1,conventional,2015,Spokane,74725.33
41,15/03/2015,1.19,conventional,2015,Spokane,71766.04
42,8/03/2015,1.18,conventional,2015,Spokane,69848.58
43,1/03/2015,1.03,conventional,2015,Spokane,88304.41
44,22/02/2015,1.03,conventional,2015,Spokane,85295.41
45,15/02/2015,1.24,conventional,2015,Spokane,57869.58
46,8/02/2015,1.03,conventional,2015,Spokane,74139.25
47,1/02/2015,0.97,conventional,2015,Spokane,135656.36
48,25/01/2015,1.21,conventional,2015,Spokane,64116.71
49,18/01/2015,1.18,conventional,2015,Spokane,69600.14
50,11/01/2015,1.07,conventional,2015,Spokane,70697.07
51,4/01/2015,1,conventional,2015,Spokane,84612.39
0,25/12/2016,1.15,conventional,2016,Spokane,69054.97
1,18/12/2016,0.97,conventional,2016,Spokane,78377.53
2,11/12/2016,0.96,conventional,2016,Spokane,91423.14
3,4/12/2016,1.4,conventional,2016,Spokane,59510.92
4,27/11/2016,1.49,conventional,2016,Spokane,49762.2
5,20/11/2016,1.14,conventional,2016,Spokane,81018.31
6,13/11/2016,1.07,conventional,2016,Spokane,99460.72
7,6/11/2016,1.48,conventional,2016,Spokane,61365.68
8,30/10/2016,1.39,conventional,2016,Spokane,51300.44
9,23/10/2016,1.23,conventional,2016,Spokane,79477.96
10,16/10/2016,1.33,conventional,2016,Spokane,68850.22
11,9/10/2016,1.19,conventional,2016,Spokane,76241.91
12,2/10/2016,0.87,conventional,2016,Spokane,131585.32
13,25/09/2016,1.09,conventional,2016,Spokane,86853.6
14,18/09/2016,1.05,conventional,2016,Spokane,74748.35
15,11/09/2016,0.98,conventional,2016,Spokane,83096.19
16,4/09/2016,1.12,conventional,2016,Spokane,83575.85
17,28/08/2016,1.12,conventional,2016,Spokane,83627.94
18,21/08/2016,1.09,conventional,2016,Spokane,87249.43
19,14/08/2016,1.14,conventional,2016,Spokane,83933.43
20,7/08/2016,1.16,conventional,2016,Spokane,89531.14
21,31/07/2016,1.14,conventional,2016,Spokane,83902.91
22,24/07/2016,1.08,conventional,2016,Spokane,82617.47
23,17/07/2016,0.98,conventional,2016,Spokane,92386.91
24,10/07/2016,1.06,conventional,2016,Spokane,90750.72
25,3/07/2016,1.09,conventional,2016,Spokane,97365.48
26,26/06/2016,1.02,conventional,2016,Spokane,90301.82
27,19/06/2016,0.96,conventional,2016,Spokane,91554.79
28,12/06/2016,0.99,conventional,2016,Spokane,93820.2
29,5/06/2016,0.87,conventional,2016,Spokane,125934.24
30,29/05/2016,0.87,conventional,2016,Spokane,109604.3
31,22/05/2016,0.89,conventional,2016,Spokane,100552.55
32,15/05/2016,0.85,conventional,2016,Spokane,111993.65
33,8/05/2016,0.84,conventional,2016,Spokane,127403.24
34,1/05/2016,0.86,conventional,2016,Spokane,116347.79
35,24/04/2016,0.95,conventional,2016,Spokane,95660.52
36,17/04/2016,0.82,conventional,2016,Spokane,131734.46
37,10/04/2016,0.96,conventional,2016,Spokane,103998.99
38,3/04/2016,0.92,conventional,2016,Spokane,98398.44
39,27/03/2016,0.81,conventional,2016,Spokane,110616.23
40,20/03/2016,1.02,conventional,2016,Spokane,83457.56
41,13/03/2016,0.93,conventional,2016,Spokane,94531.04
42,6/03/2016,0.91,conventional,2016,Spokane,101869.42
43,28/02/2016,0.95,conventional,2016,Spokane,92596.44
44,21/02/2016,0.82,conventional,2016,Spokane,112075.27
45,14/02/2016,0.95,conventional,2016,Spokane,81626.44
46,7/02/2016,0.74,conventional,2016,Spokane,154732.54
47,31/01/2016,1,conventional,2016,Spokane,88040.94
48,24/01/2016,0.97,conventional,2016,Spokane,89537.48
49,17/01/2016,0.98,conventional,2016,Spokane,100754.26
50,10/01/2016,0.88,conventional,2016,Spokane,111604.85
51,3/01/2016,0.9,conventional,2016,Spokane,113049.35
