avocado.csv
Index,Date,Average Price,Type,Year,Region,Total Volume
0,27/12/2015,1.1,conventional,2015,StLouis,152121.37
1,20/12/2015,1.13,conventional,2015,StLouis,135427.66
2,13/12/2015,0.99,conventional,2015,StLouis,166083.52
3,6/12/2015,1.09,conventional,2015,StLouis,147544.08
4,29/11/2015,1.16,conventional,2015,StLouis,129475.25
5,22/11/2015,1.15,conventional,2015,StLouis,134989.16
6,15/11/2015,1.07,conventional,2015,StLouis,160185.59
7,8/11/2015,1.18,conventional,2015,StLouis,148030.6
8,1/11/2015,1.21,conventional,2015,StLouis,152077.32
9,25/10/2015,1.21,conventional,2015,StLouis,151268.28
10,18/10/2015,1.26,conventional,2015,StLouis,143944.11
11,11/10/2015,1.15,conventional,2015,StLouis,159011.26
12,4/10/2015,1.23,conventional,2015,StLouis,151219.39
13,27/09/2015,1.12,conventional,2015,StLouis,175958.11
14,20/09/2015,1.24,conventional,2015,StLouis,165255.03
15,13/09/2015,1.15,conventional,2015,StLouis,200117.98
16,6/09/2015,1.3,conventional,2015,StLouis,180705.59
17,30/08/2015,1.32,conventional,2015,StLouis,164716.78
18,23/08/2015,1.11,conventional,2015,StLouis,202861.68
19,16/08/2015,0.88,conventional,2015,StLouis,290906.05
20,9/08/2015,1.15,conventional,2015,StLouis,200794.99
21,2/08/2015,1.26,conventional,2015,StLouis,184501.15
22,26/07/2015,1.06,conventional,2015,StLouis,216993.01
23,19/07/2015,1.2,conventional,2015,StLouis,204464.92
24,12/07/2015,1.13,conventional,2015,StLouis,233579.7
25,5/07/2015,1.32,conventional,2015,StLouis,224901.96
26,28/06/2015,1.17,conventional,2015,StLouis,217234.17
27,21/06/2015,1.26,conventional,2015,StLouis,198137.18
28,14/06/2015,1.28,conventional,2015,StLouis,203247.31
29,7/06/2015,1.3,conventional,2015,StLouis,194667.64
30,31/05/2015,1.16,conventional,2015,StLouis,247195.62
31,24/05/2015,1.18,conventional,2015,StLouis,236189.46
32,17/05/2015,1.32,conventional,2015,StLouis,186936.02
33,10/05/2015,1.25,conventional,2015,StLouis,218562.94
34,3/05/2015,1.09,conventional,2015,StLouis,275080.92
35,26/04/2015,1.37,conventional,2015,StLouis,178200.42
36,19/04/2015,1.34,conventional,2015,StLouis,184979.95
37,12/04/2015,1.21,conventional,2015,StLouis,214125.11
38,5/04/2015,1.36,conventional,2015,StLouis,159461.64
39,29/03/2015,1.21,conventional,2015,StLouis,198395.76
40,22/03/2015,1.34,conventional,2015,StLouis,163325.4
41,15/03/2015,1.33,conventional,2015,StLouis,157799.23
42,8/03/2015,1.36,conventional,2015,StLouis,147525.59
43,1/03/2015,1.24,conventional,2015,StLouis,179277.41
44,22/02/2015,1.32,conventional,2015,StLouis,156112.67
45,15/02/2015,1.23,conventional,2015,StLouis,169118.65
46,8/02/2015,1.09,conventional,2015,StLouis,214718.99
47,1/02/2015,1.1,conventional,2015,StLouis,308371.9
48,25/01/2015,1.17,conventional,2015,StLouis,176820.49
49,18/01/2015,1.28,conventional,2015,StLouis,170590.85
50,11/01/2015,1.29,conventional,2015,StLouis,164917.61
51,4/01/2015,1.15,conventional,2015,StLouis,198735.26
0,25/12/2016,1.02,conventional,2016,StLouis,132034.47
1,18/12/2016,0.97,conventional,2016,StLouis,137885.02
2,11/12/2016,1.11,conventional,2016,StLouis,117572.64
3,4/12/2016,1.1,conventional,2016,StLouis,118176.43
4,27/11/2016,1.16,conventional,2016,StLouis,100424.14
5,20/11/2016,1.29,conventional,2016,StLouis,99930.79
6,13/11/2016,1.34,conventional,2016,StLouis,128094.25
7,6/11/2016,1.25,conventional,2016,StLouis,139697.75
8,30/10/2016,1.01,conventional,2016,StLouis,128966.42
9,23/10/2016,0.95,conventional,2016,StLouis,184407
10,16/10/2016,1.29,conventional,2016,StLouis,124201.08
11,9/10/2016,1.3,conventional,2016,StLouis,125599.65
12,2/10/2016,1.16,conventional,2016,StLouis,140030.37
13,25/09/2016,1.06,conventional,2016,StLouis,165887.64
14,18/09/2016,1.17,conventional,2016,StLouis,147517.96
15,11/09/2016,1.05,conventional,2016,StLouis,182676.07
16,4/09/2016,1.16,conventional,2016,StLouis,151456.08
17,28/08/2016,1.15,conventional,2016,StLouis,133188.79
18,21/08/2016,1.03,conventional,2016,StLouis,184060.51
19,14/08/2016,0.91,conventional,2016,StLouis,230729.63
20,7/08/2016,0.85,conventional,2016,StLouis,268010.32
21,31/07/2016,1.03,conventional,2016,StLouis,214273.18
22,24/07/2016,0.94,conventional,2016,StLouis,255732.97
23,17/07/2016,0.88,conventional,2016,StLouis,261737.36
24,10/07/2016,0.74,conventional,2016,StLouis,314847.96
25,3/07/2016,0.76,conventional,2016,StLouis,348135.49
26,26/06/2016,0.97,conventional,2016,StLouis,236899.58
27,19/06/2016,0.95,conventional,2016,StLouis,254402.94
28,12/06/2016,0.92,conventional,2016,StLouis,251349.57
29,5/06/2016,0.83,conventional,2016,StLouis,284148.54
30,29/05/2016,0.8,conventional,2016,StLouis,245482.03
31,22/05/2016,0.81,conventional,2016,StLouis,279392.4
32,15/05/2016,0.75,conventional,2016,StLouis,290603.88
33,8/05/2016,0.85,conventional,2016,StLouis,263363.51
34,1/05/2016,0.79,conventional,2016,StLouis,256180.45
35,24/04/2016,0.8,conventional,2016,StLouis,233320.58
36,17/04/2016,0.91,conventional,2016,StLouis,197200.66
37,10/04/2016,0.87,conventional,2016,StLouis,218755.02
38,3/04/2016,0.94,conventional,2016,StLouis,179484.73
39,27/03/2016,0.97,conventional,2016,StLouis,156454.78
40,20/03/2016,0.88,conventional,2016,StLouis,195882.17
41,13/03/2016,0.89,conventional,2016,StLouis,172598.72
42,6/03/2016,0.96,conventional,2016,StLouis,185570.14
43,28/02/2016,0.98,conventional,2016,StLouis,173282.78
44,21/02/2016,1,conventional,2016,StLouis,207338.72
45,14/02/2016,0.98,conventional,2016,StLouis,165070.79
46,7/02/2016,0.87,conventional,2016,StLouis,271355.48
47,31/01/2016,1.01,conventional,2016,StLouis,219443.76
48,24/01/2016,1.1,conventional,2016,StLouis,167619.96
49,17/01/2016,1.15,conventional,2016,StLouis,167689.21
50,10/01/2016,1.01,conventional,2016,StLouis,218460.75
51,3/01/2016,1,conventional,2016,StLouis,213437.44
0,27/12/2015,1.36,conventional,2015,Syracuse,42344.22
1,20/12/2015,1.36,conventional,2015,Syracuse,39365.15
2,13/12/2015,1.32,conventional,2015,Syracuse,50384.57
3,6/12/2015,1.17,conventional,2015,Syracuse,50632.73
4,29/11/2015,1.41,conventional,2015,Syracuse,35852.68
5,22/11/2015,1.38,conventional,2015,Syracuse,39100.45
6,15/11/2015,1.21,conventional,2015,Syracuse,51725.93
7,8/11/2015,1.23,conventional,2015,Syracuse,55560.09
8,1/11/2015,1.16,conventional,2015,Syracuse,55095.62
9,25/10/2015,1.26,conventional,2015,Syracuse,48971.6
10,18/10/2015,1.26,conventional,2015,Syracuse,48655.18
11,11/10/2015,1.32,conventional,2015,Syracuse,45170.5
12,4/10/2015,1.34,conventional,2015,Syracuse,41904.06
13,27/09/2015,1.16,conventional,2015,Syracuse,54194.93
14,20/09/2015,1.44,conventional,2015,Syracuse,37045.75
15,13/09/2015,1.44,conventional,2015,Syracuse,43060.6
16,6/09/2015,1.36,conventional,2015,Syracuse,48358.73
17,30/08/2015,1.2,conventional,2015,Syracuse,53699.67
18,23/08/2015,1.44,conventional,2015,Syracuse,42933.81
19,16/08/2015,1.42,conventional,2015,Syracuse,44245.45
20,9/08/2015,1.35,conventional,2015,Syracuse,51094.98
21,2/08/2015,1.48,conventional,2015,Syracuse,41000.44
22,26/07/2015,1.23,conventional,2015,Syracuse,59947.27
23,19/07/2015,1.38,conventional,2015,Syracuse,59427.83
24,12/07/2015,1.25,conventional,2015,Syracuse,75144.87
25,5/07/2015,1.45,conventional,2015,Syracuse,68922.42
26,28/06/2015,1.39,conventional,2015,Syracuse,63938.81
27,21/06/2015,1.4,conventional,2015,Syracuse,60370.27
28,14/06/2015,1.35,conventional,2015,Syracuse,65184.56
29,7/06/2015,1.22,conventional,2015,Syracuse,69776.51
30,31/05/2015,1.36,conventional,2015,Syracuse,64839.58
31,24/05/2015,1.35,conventional,2015,Syracuse,61584.26
32,17/05/2015,1.44,conventional,2015,Syracuse,69649.85
33,10/05/2015,1.34,conventional,2015,Syracuse,78708.38
34,3/05/2015,1.4,conventional,2015,Syracuse,50591.38
35,26/04/2015,1.4,conventional,2015,Syracuse,48811.05
36,19/04/2015,1.4,conventional,2015,Syracuse,52800.83
37,12/04/2015,1.36,conventional,2015,Syracuse,46828.88
38,5/04/2015,1.38,conventional,2015,Syracuse,50015.81
39,29/03/2015,1.29,conventional,2015,Syracuse,52419.71
40,22/03/2015,1.33,conventional,2015,Syracuse,48180.98
41,15/03/2015,1.36,conventional,2015,Syracuse,42078.58
42,8/03/2015,1.28,conventional,2015,Syracuse,46199.2
43,1/03/2015,1.32,conventional,2015,Syracuse,47890.09
44,22/02/2015,1.33,conventional,2015,Syracuse,42662.65
45,15/02/2015,1.35,conventional,2015,Syracuse,38750.74
46,8/02/2015,1.25,conventional,2015,Syracuse,51557.01
47,1/02/2015,1.26,conventional,2015,Syracuse,57424.15
48,25/01/2015,1.37,conventional,2015,Syracuse,44517.84
49,18/01/2015,1.4,conventional,2015,Syracuse,40391.55
50,11/01/2015,1.45,conventional,2015,Syracuse,42017.49
51,4/01/2015,1.33,conventional,2015,Syracuse,41143.51
0,25/12/2016,1.46,conventional,2016,Syracuse,46036.04
1,18/12/2016,1.42,conventional,2016,Syracuse,42029.51
2,11/12/2016,1.5,conventional,2016,Syracuse,41911.21
3,4/12/2016,1.64,conventional,2016,Syracuse,50831.37
4,27/11/2016,1.55,conventional,2016,Syracuse,33757.95
5,20/11/2016,1.61,conventional,2016,Syracuse,38598.98
6,13/11/2016,1.62,conventional,2016,Syracuse,39271.46
7,6/11/2016,1.59,conventional,2016,Syracuse,38868.74
8,30/10/2016,1.56,conventional,2016,Syracuse,33699.68
9,23/10/2016,1.38,conventional,2016,Syracuse,56428.14
10,16/10/2016,1.36,conventional,2016,Syracuse,55053.59
11,9/10/2016,1.23,conventional,2016,Syracuse,69593.63
12,2/10/2016,1.43,conventional,2016,Syracuse,53796.49
13,25/09/2016,1.54,conventional,2016,Syracuse,61352.25
14,18/09/2016,1.46,conventional,2016,Syracuse,55922.25
15,11/09/2016,1.35,conventional,2016,Syracuse,60993.34
16,4/09/2016,1.53,conventional,2016,Syracuse,51792.9
17,28/08/2016,1.38,conventional,2016,Syracuse,71711.83
18,21/08/2016,1.44,conventional,2016,Syracuse,58497.96
19,14/08/2016,1.35,conventional,2016,Syracuse,60212.3
20,7/08/2016,1.53,conventional,2016,Syracuse,60523.63
21,31/07/2016,1.6,conventional,2016,Syracuse,68311.05
22,24/07/2016,1.5,conventional,2016,Syracuse,56952.09
23,17/07/2016,1.31,conventional,2016,Syracuse,66907.33
24,10/07/2016,1.29,conventional,2016,Syracuse,84386.24
25,3/07/2016,1.37,conventional,2016,Syracuse,85205.46
26,26/06/2016,1.43,conventional,2016,Syracuse,84340.47
27,19/06/2016,1.35,conventional,2016,Syracuse,78211.73
28,12/06/2016,1.29,conventional,2016,Syracuse,79669.3
29,5/06/2016,1.31,conventional,2016,Syracuse,80015.17
30,29/05/2016,1.36,conventional,2016,Syracuse,82173.8
31,22/05/2016,1.27,conventional,2016,Syracuse,72636.09
32,15/05/2016,1.23,conventional,2016,Syracuse,71440
33,8/05/2016,1.23,conventional,2016,Syracuse,85623.78
34,1/05/2016,1.31,conventional,2016,Syracuse,83407.69
35,24/04/2016,1.22,conventional,2016,Syracuse,68819
36,17/04/2016,1.21,conventional,2016,Syracuse,70543.09
37,10/04/2016,1.28,conventional,2016,Syracuse,62892.35
38,3/04/2016,1.03,conventional,2016,Syracuse,58862.37
39,27/03/2016,1.29,conventional,2016,Syracuse,72427.45
40,20/03/2016,1.24,conventional,2016,Syracuse,72560.52
41,13/03/2016,1.18,conventional,2016,Syracuse,71223.95
42,6/03/2016,1.36,conventional,2016,Syracuse,64866.67
43,28/02/2016,1.27,conventional,2016,Syracuse,64336.75
44,21/02/2016,1.34,conventional,2016,Syracuse,65393.08
45,14/02/2016,1.28,conventional,2016,Syracuse,65765.73
46,7/02/2016,1.28,conventional,2016,Syracuse,90935.19
47,31/01/2016,1.2,conventional,2016,Syracuse,70174.79
48,24/01/2016,1.32,conventional,2016,Syracuse,64280.43
49,17/01/2016,1.37,conventional,2016,Syracuse,70134.99
50,10/01/2016,1.36,conventional,2016,Syracuse,57676.73
51,3/01/2016,1.34,conventional,2016,Syracuse,69200.73
0,27/12/2015,0.97,conventional,2015,Tampa,376187.98
1,20/12/2015,1.15,conventional,2015,Tampa,238950.84
2,13/12/2015,0.96,conventional,2015,Tampa,365643.92
3,6/12/2015,1.17,conventional,2015,Tampa,227131.21
4,29/11/2015,0.96,conventional,2015,Tampa,330060.95
5,22/11/2015,0.97,conventional,2015,Tampa,311784.91
6,15/11/2015,1.22,conventional,2015,Tampa,236178.67
7,8/11/2015,1.21,conventional,2015,Tampa,228585.31
8,1/11/2015,0.97,conventional,2015,Tampa,391514.43
9,25/10/2015,1.12,conventional,2015,Tampa,234023.9
10,18/10/2015,1.11,conventional,2015,Tampa,256610
11,11/10/2015,0.88,conventional,2015,Tampa,402228.35
12,4/10/2015,0.89,conventional,2015,Tampa,413839.96
13,27/09/2015,1.13,conventional,2015,Tampa,252128.43
14,20/09/2015,0.88,conventional,2015,Tampa,432962.29
15,13/09/2015,1.1,conventional,2015,Tampa,257374.81
16,6/09/2015,0.91,conventional,2015,Tampa,436528.94
17,30/08/2015,1.2,conventional,2015,Tampa,262575.33
18,23/08/2015,1.17,conventional,2015,Tampa,264170.2
19,16/08/2015,1.17,conventional,2015,Tampa,283647.52
20,9/08/2015,0.97,conventional,2015,Tampa,427229.44
21,2/08/2015,1.18,conventional,2015,Tampa,274423.66
22,26/07/2015,1.16,conventional,2015,Tampa,265367.52
23,19/07/2015,0.97,conventional,2015,Tampa,421574.42
24,12/07/2015,1.17,conventional,2015,Tampa,289138.36
25,5/07/2015,0.95,conventional,2015,Tampa,482088.56
26,28/06/2015,1.11,conventional,2015,Tampa,325434.49
27,21/06/2015,0.95,conventional,2015,Tampa,438581.5
28,14/06/2015,1.17,conventional,2015,Tampa,294964.3
29,7/06/2015,0.97,conventional,2015,Tampa,433152.31
30,31/05/2015,1.22,conventional,2015,Tampa,273609.96
31,24/05/2015,0.99,conventional,2015,Tampa,460041.38
32,17/05/2015,1.18,conventional,2015,Tampa,275260.08
33,10/05/2015,1.21,conventional,2015,Tampa,287068.69
34,3/05/2015,0.97,conventional,2015,Tampa,558113.22
35,26/04/2015,1.19,conventional,2015,Tampa,304135.67
36,19/04/2015,1.16,conventional,2015,Tampa,280464.73
37,12/04/2015,0.99,conventional,2015,Tampa,425033.14
38,5/04/2015,1.09,conventional,2015,Tampa,354134.22
39,29/03/2015,1.2,conventional,2015,Tampa,254520.54
40,22/03/2015,0.97,conventional,2015,Tampa,440106.92
41,15/03/2015,1.25,conventional,2015,Tampa,257172.84
42,8/03/2015,1.22,conventional,2015,Tampa,259317.73
43,1/03/2015,1,conventional,2015,Tampa,373461.94
44,22/02/2015,1.12,conventional,2015,Tampa,268415.49
45,15/02/2015,1.21,conventional,2015,Tampa,242478.65
46,8/02/2015,1.19,conventional,2015,Tampa,236434.37
47,1/02/2015,0.92,conventional,2015,Tampa,562242.53
48,25/01/2015,1.21,conventional,2015,Tampa,260471.23
49,18/01/2015,1.27,conventional,2015,Tampa,228920.62
50,11/01/2015,1.24,conventional,2015,Tampa,235231.08
51,4/01/2015,0.97,conventional,2015,Tampa,339909.13
0,25/12/2016,0.93,conventional,2016,Tampa,445441.47
1,18/12/2016,0.93,conventional,2016,Tampa,412891.05
2,11/12/2016,1.22,conventional,2016,Tampa,289765.21
3,4/12/2016,0.96,conventional,2016,Tampa,500795.57
4,27/11/2016,1.45,conventional,2016,Tampa,265590.66
5,20/11/2016,1.47,conventional,2016,Tampa,279595.13
6,13/11/2016,1.38,conventional,2016,Tampa,323761.18
7,6/11/2016,1.46,conventional,2016,Tampa,284328.38
8,30/10/2016,1.52,conventional,2016,Tampa,265332.11
9,23/10/2016,1.53,conventional,2016,Tampa,281815.95
10,16/10/2016,1.26,conventional,2016,Tampa,371149.3
11,9/10/2016,1.45,conventional,2016,Tampa,337370.09
12,2/10/2016,1.45,conventional,2016,Tampa,323324.31
13,25/09/2016,1.37,conventional,2016,Tampa,349975.92
14,18/09/2016,1.14,conventional,2016,Tampa,344938.28
15,11/09/2016,1.16,conventional,2016,Tampa,338518.81
16,4/09/2016,0.95,conventional,2016,Tampa,560691.13
17,28/08/2016,1.14,conventional,2016,Tampa,378817.72
18,21/08/2016,1.14,conventional,2016,Tampa,390053.1
19,14/08/2016,1.14,conventional,2016,Tampa,452075.68
20,7/08/2016,1.21,conventional,2016,Tampa,362836.43
21,31/07/2016,1.25,conventional,2016,Tampa,330277.63
22,24/07/2016,1.22,conventional,2016,Tampa,353863.19
23,17/07/2016,1.17,conventional,2016,Tampa,376274.95
24,10/07/2016,1.15,conventional,2016,Tampa,359346.63
25,3/07/2016,0.93,conventional,2016,Tampa,613097.67
26,26/06/2016,1.16,conventional,2016,Tampa,361181.98
27,19/06/2016,0.98,conventional,2016,Tampa,497270.56
28,12/06/2016,1.23,conventional,2016,Tampa,311068.54
29,5/06/2016,0.97,conventional,2016,Tampa,485002.55
30,29/05/2016,0.96,conventional,2016,Tampa,532427.02
31,22/05/2016,1.18,conventional,2016,Tampa,327249.29
32,15/05/2016,0.86,conventional,2016,Tampa,522134.64
33,8/05/2016,0.92,conventional,2016,Tampa,493628.61
34,1/05/2016,0.75,conventional,2016,Tampa,741724.85
35,24/04/2016,0.86,conventional,2016,Tampa,566117.77
36,17/04/2016,1.06,conventional,2016,Tampa,387923.77
37,10/04/2016,0.85,conventional,2016,Tampa,549365.61
38,3/04/2016,1.04,conventional,2016,Tampa,402546.34
39,27/03/2016,1.08,conventional,2016,Tampa,342762.43
40,20/03/2016,1.1,conventional,2016,Tampa,326332.48
41,13/03/2016,0.86,conventional,2016,Tampa,527217.55
42,6/03/2016,1.08,conventional,2016,Tampa,331997.49
43,28/02/2016,0.82,conventional,2016,Tampa,569349.05
44,21/02/2016,1.05,conventional,2016,Tampa,321995.93
45,14/02/2016,1,conventional,2016,Tampa,329879.07
46,7/02/2016,0.56,conventional,2016,Tampa,822548.66
47,31/01/2016,0.98,conventional,2016,Tampa,391266.84
48,24/01/2016,0.81,conventional,2016,Tampa,503528.16
49,17/01/2016,1.05,conventional,2016,Tampa,304269.38
50,10/01/2016,0.85,conventional,2016,Tampa,519360.29
51,3/01/2016,1.07,conventional,2016,Tampa,375548.86
