avocado.csv
Index,Date,Average Price,Type,Year,Region,Total Volume
0,27/12/2015,0.71,conventional,2015,WestTexNewMexico,776404.39
1,20/12/2015,0.83,conventional,2015,WestTexNewMexico,649885.76
2,13/12/2015,0.78,conventional,2015,WestTexNewMexico,646041.56
3,6/12/2015,0.74,conventional,2015,WestTexNewMexico,623231.77
4,29/11/2015,0.81,conventional,2015,WestTexNewMexico,519028.45
5,22/11/2015,0.78,conventional,2015,WestTexNewMexico,615077.36
6,15/11/2015,0.71,conventional,2015,WestTexNewMexico,732695.38
7,8/11/2015,0.76,conventional,2015,WestTexNewMexico,661405.9
8,1/11/2015,0.8,conventional,2015,WestTexNewMexico,592115.57
9,25/10/2015,0.82,conventional,2015,WestTexNewMexico,635873.6
10,18/10/2015,0.81,conventional,2015,WestTexNewMexico,681501.3
11,11/10/2015,0.89,conventional,2015,WestTexNewMexico,638486.47
12,4/10/2015,0.85,conventional,2015,WestTexNewMexico,649050.15
13,27/09/2015,0.79,conventional,2015,WestTexNewMexico,714977.26
14,20/09/2015,0.78,conventional,2015,WestTexNewMexico,746249.98
15,13/09/2015,0.75,conventional,2015,WestTexNewMexico,829727.75
16,6/09/2015,0.8,conventional,2015,WestTexNewMexico,790420.66
17,30/08/2015,0.82,conventional,2015,WestTexNewMexico,750669.14
18,23/08/2015,0.8,conventional,2015,WestTexNewMexico,740213.87
19,16/08/2015,0.77,conventional,2015,WestTexNewMexico,815638.81
20,9/08/2015,0.74,conventional,2015,WestTexNewMexico,885883.92
21,2/08/2015,0.79,conventional,2015,WestTexNewMexico,795371.51
22,26/07/2015,0.81,conventional,2015,WestTexNewMexico,777883.03
23,19/07/2015,0.76,conventional,2015,WestTexNewMexico,803340.22
24,12/07/2015,0.77,conventional,2015,WestTexNewMexico,754672.44
25,5/07/2015,0.78,conventional,2015,WestTexNewMexico,913360.72
26,28/06/2015,0.71,conventional,2015,WestTexNewMexico,941135.5
27,21/06/2015,0.74,conventional,2015,WestTexNewMexico,948942.53
28,14/06/2015,0.7,conventional,2015,WestTexNewMexico,1035973.14
29,7/06/2015,0.68,conventional,2015,WestTexNewMexico,1053997.99
30,31/05/2015,0.74,conventional,2015,WestTexNewMexico,887045.15
31,24/05/2015,0.75,conventional,2015,WestTexNewMexico,914966.82
32,17/05/2015,0.7,conventional,2015,WestTexNewMexico,942310.32
33,10/05/2015,0.71,conventional,2015,WestTexNewMexico,1019160.83
34,3/05/2015,0.74,conventional,2015,WestTexNewMexico,967144.19
35,26/04/2015,0.74,conventional,2015,WestTexNewMexico,899632.66
36,19/04/2015,0.7,conventional,2015,WestTexNewMexico,961001.34
37,12/04/2015,0.76,conventional,2015,WestTexNewMexico,840314.58
38,5/04/2015,0.76,conventional,2015,WestTexNewMexico,938880.6
39,29/03/2015,0.74,conventional,2015,WestTexNewMexico,908323.3
40,22/03/2015,0.85,conventional,2015,WestTexNewMexico,752576.08
41,15/03/2015,0.75,conventional,2015,WestTexNewMexico,827795.25
42,8/03/2015,0.73,conventional,2015,WestTexNewMexico,805731.03
43,1/03/2015,0.84,conventional,2015,WestTexNewMexico,723488.95
44,22/02/2015,0.85,conventional,2015,WestTexNewMexico,681409.59
45,15/02/2015,0.78,conventional,2015,WestTexNewMexico,743066.25
46,8/02/2015,0.72,conventional,2015,WestTexNewMexico,811664.36
47,1/02/2015,0.71,conventional,2015,WestTexNewMexico,916367.42
48,25/01/2015,0.8,conventional,2015,WestTexNewMexico,720800.61
49,18/01/2015,0.8,conventional,2015,WestTexNewMexico,729795.72
50,11/01/2015,0.92,conventional,2015,WestTexNewMexico,584896.99
51,4/01/2015,0.75,conventional,2015,WestTexNewMexico,758118.95
0,25/12/2016,0.73,conventional,2016,WestTexNewMexico,867992.74
1,18/12/2016,0.76,conventional,2016,WestTexNewMexico,790789.79
2,11/12/2016,0.79,conventional,2016,WestTexNewMexico,776453.82
3,4/12/2016,0.85,conventional,2016,WestTexNewMexico,699171.51
4,27/11/2016,0.8,conventional,2016,WestTexNewMexico,674184.53
5,20/11/2016,0.99,conventional,2016,WestTexNewMexico,670051.41
6,13/11/2016,0.96,conventional,2016,WestTexNewMexico,690820.58
7,6/11/2016,0.99,conventional,2016,WestTexNewMexico,643630.66
8,30/10/2016,1.11,conventional,2016,WestTexNewMexico,474480.97
9,23/10/2016,1,conventional,2016,WestTexNewMexico,620389.4
10,16/10/2016,0.87,conventional,2016,WestTexNewMexico,902725.42
11,9/10/2016,1.05,conventional,2016,WestTexNewMexico,732830.17
12,2/10/2016,1.14,conventional,2016,WestTexNewMexico,605034.4
13,25/09/2016,1.07,conventional,2016,WestTexNewMexico,598623.24
14,18/09/2016,0.95,conventional,2016,WestTexNewMexico,749931.49
15,11/09/2016,0.73,conventional,2016,WestTexNewMexico,1012039.31
16,4/09/2016,0.88,conventional,2016,WestTexNewMexico,863039.15
17,28/08/2016,0.93,conventional,2016,WestTexNewMexico,789223.6
18,21/08/2016,0.92,conventional,2016,WestTexNewMexico,808012.61
19,14/08/2016,0.93,conventional,2016,WestTexNewMexico,798986.84
20,7/08/2016,0.95,conventional,2016,WestTexNewMexico,816529.48
21,31/07/2016,1.06,conventional,2016,WestTexNewMexico,708243.4
22,24/07/2016,1.03,conventional,2016,WestTexNewMexico,797993.91
23,17/07/2016,0.95,conventional,2016,WestTexNewMexico,802834.4
24,10/07/2016,0.87,conventional,2016,WestTexNewMexico,979053.68
25,3/07/2016,0.86,conventional,2016,WestTexNewMexico,1026317.8
26,26/06/2016,0.8,conventional,2016,WestTexNewMexico,1028845.61
27,19/06/2016,0.79,conventional,2016,WestTexNewMexico,1048148.17
28,12/06/2016,0.82,conventional,2016,WestTexNewMexico,916958.75
29,5/06/2016,0.75,conventional,2016,WestTexNewMexico,1030392.53
30,29/05/2016,0.77,conventional,2016,WestTexNewMexico,985833.89
31,22/05/2016,0.8,conventional,2016,WestTexNewMexico,857842.32
32,15/05/2016,0.7,conventional,2016,WestTexNewMexico,901217.17
33,8/05/2016,0.74,conventional,2016,WestTexNewMexico,1052940.48
34,1/05/2016,0.73,conventional,2016,WestTexNewMexico,926205.77
35,24/04/2016,0.77,conventional,2016,WestTexNewMexico,859293.22
36,17/04/2016,0.73,conventional,2016,WestTexNewMexico,944337.62
37,10/04/2016,0.77,conventional,2016,WestTexNewMexico,897755.55
38,3/04/2016,0.73,conventional,2016,WestTexNewMexico,776232.98
39,27/03/2016,0.71,conventional,2016,WestTexNewMexico,936600.58
40,20/03/2016,0.7,conventional,2016,WestTexNewMexico,932377.12
41,13/03/2016,0.72,conventional,2016,WestTexNewMexico,886197.95
42,6/03/2016,0.77,conventional,2016,WestTexNewMexico,814614.77
43,28/02/2016,0.73,conventional,2016,WestTexNewMexico,824072.51
44,21/02/2016,0.7,conventional,2016,WestTexNewMexico,840912.75
45,14/02/2016,0.7,conventional,2016,WestTexNewMexico,963046.73
46,7/02/2016,0.68,conventional,2016,WestTexNewMexico,1198679.87
47,31/01/2016,0.79,conventional,2016,WestTexNewMexico,788831.92
48,24/01/2016,1.12,conventional,2016,WestTexNewMexico,296402.96
49,17/01/2016,0.83,conventional,2016,WestTexNewMexico,712937.27
50,10/01/2016,0.74,conventional,2016,WestTexNewMexico,781036.73
51,3/01/2016,0.76,conventional,2016,WestTexNewMexico,761760.52
